Archive member included to satisfy reference by file (symbol)

c:/gcc4mbed-master/gcc4mbed-master/gcc-arm-none-eabi/bin/../lib/gcc/arm-none-eabi/5.2.1/../../../../arm-none-eabi/lib/armv6-m\libstdc++_nano.a(atexit_arm.o)
                              ./.build/SARA_NBIOT_EVK/GCC_ARM/mbed-os/features/frameworks/greentea-client/source/test_env.o (__aeabi_atexit)
c:/gcc4mbed-master/gcc4mbed-master/gcc-arm-none-eabi/bin/../lib/gcc/arm-none-eabi/5.2.1/../../../../arm-none-eabi/lib/armv6-m\libm.a(lib_a-s_fpclassify.o)
                              ./.build/SARA_NBIOT_EVK/GCC_ARM/mbed-os/features/frameworks/unity/source/unity.o (__fpclassifyd)
c:/gcc4mbed-master/gcc4mbed-master/gcc-arm-none-eabi/bin/../lib/gcc/arm-none-eabi/5.2.1/../../../../arm-none-eabi/lib/armv6-m\libm.a(lib_a-sf_fpclassify.o)
                              ./.build/SARA_NBIOT_EVK/GCC_ARM/mbed-os/features/frameworks/unity/source/unity.o (__fpclassifyf)
c:/gcc4mbed-master/gcc4mbed-master/gcc-arm-none-eabi/bin/../lib/gcc/arm-none-eabi/5.2.1/../../../../arm-none-eabi/lib/armv6-m\libc_nano.a(lib_a-abs.o)
                              ./.build/SARA_NBIOT_EVK/GCC_ARM/nanostack-libservice/source/nsdynmemLIB/nsdynmemLIB.o (abs)
c:/gcc4mbed-master/gcc4mbed-master/gcc-arm-none-eabi/bin/../lib/gcc/arm-none-eabi/5.2.1/../../../../arm-none-eabi/lib/armv6-m\libc_nano.a(lib_a-atexit.o)
                              ./.build/SARA_NBIOT_EVK/GCC_ARM/mbed-os/rtos/rtx/TARGET_CORTEX_M/RTX_Conf_CM.o (atexit)
c:/gcc4mbed-master/gcc4mbed-master/gcc-arm-none-eabi/bin/../lib/gcc/arm-none-eabi/5.2.1/../../../../arm-none-eabi/lib/armv6-m\libc_nano.a(lib_a-calloc.o)
                              ./.build/SARA_NBIOT_EVK/GCC_ARM/mbed-os/features/mbedtls/src/asn1parse.o (calloc)
c:/gcc4mbed-master/gcc4mbed-master/gcc-arm-none-eabi/bin/../lib/gcc/arm-none-eabi/5.2.1/../../../../arm-none-eabi/lib/armv6-m\libc_nano.a(lib_a-cxa_atexit.o)
                              c:/gcc4mbed-master/gcc4mbed-master/gcc-arm-none-eabi/bin/../lib/gcc/arm-none-eabi/5.2.1/../../../../arm-none-eabi/lib/armv6-m\libstdc++_nano.a(atexit_arm.o) (__cxa_atexit)
c:/gcc4mbed-master/gcc4mbed-master/gcc-arm-none-eabi/bin/../lib/gcc/arm-none-eabi/5.2.1/../../../../arm-none-eabi/lib/armv6-m\libc_nano.a(lib_a-errno.o)
                              ./.build/SARA_NBIOT_EVK/GCC_ARM/mbed-os/hal/common/retarget.o (__errno)
c:/gcc4mbed-master/gcc4mbed-master/gcc-arm-none-eabi/bin/../lib/gcc/arm-none-eabi/5.2.1/../../../../arm-none-eabi/lib/armv6-m\libc_nano.a(lib_a-exit.o)
                              c:/gcc4mbed-master/gcc4mbed-master/gcc-arm-none-eabi/bin/../lib/gcc/arm-none-eabi/5.2.1/../../../../arm-none-eabi/lib/armv6-m/crt0.o (exit)
c:/gcc4mbed-master/gcc4mbed-master/gcc-arm-none-eabi/bin/../lib/gcc/arm-none-eabi/5.2.1/../../../../arm-none-eabi/lib/armv6-m\libc_nano.a(lib_a-fclose.o)
                              ./.build/SARA_NBIOT_EVK/GCC_ARM/mbed-os/hal/common/Stream.o (fclose)
c:/gcc4mbed-master/gcc4mbed-master/gcc-arm-none-eabi/bin/../lib/gcc/arm-none-eabi/5.2.1/../../../../arm-none-eabi/lib/armv6-m\libc_nano.a(lib_a-fflush.o)
                              c:/gcc4mbed-master/gcc4mbed-master/gcc-arm-none-eabi/bin/../lib/gcc/arm-none-eabi/5.2.1/../../../../arm-none-eabi/lib/armv6-m\libc_nano.a(lib_a-fclose.o) (__sflush_r)
c:/gcc4mbed-master/gcc4mbed-master/gcc-arm-none-eabi/bin/../lib/gcc/arm-none-eabi/5.2.1/../../../../arm-none-eabi/lib/armv6-m\libc_nano.a(lib_a-fgetc.o)
                              ./.build/SARA_NBIOT_EVK/GCC_ARM/mbed-os/hal/common/retarget.o (fgetc)
c:/gcc4mbed-master/gcc4mbed-master/gcc-arm-none-eabi/bin/../lib/gcc/arm-none-eabi/5.2.1/../../../../arm-none-eabi/lib/armv6-m\libc_nano.a(lib_a-fgets.o)
                              ./.build/SARA_NBIOT_EVK/GCC_ARM/mbed-os/hal/common/retarget.o (fgets)
c:/gcc4mbed-master/gcc4mbed-master/gcc-arm-none-eabi/bin/../lib/gcc/arm-none-eabi/5.2.1/../../../../arm-none-eabi/lib/armv6-m\libc_nano.a(lib_a-findfp.o)
                              c:/gcc4mbed-master/gcc4mbed-master/gcc-arm-none-eabi/bin/../lib/gcc/arm-none-eabi/5.2.1/../../../../arm-none-eabi/lib/armv6-m\libc_nano.a(lib_a-fclose.o) (__sinit)
c:/gcc4mbed-master/gcc4mbed-master/gcc-arm-none-eabi/bin/../lib/gcc/arm-none-eabi/5.2.1/../../../../arm-none-eabi/lib/armv6-m\libc_nano.a(lib_a-fini.o)
                              ./.build/SARA_NBIOT_EVK/GCC_ARM/mbed-os/rtos/rtx/TARGET_CORTEX_M/RTX_Conf_CM.o (__libc_fini_array)
c:/gcc4mbed-master/gcc4mbed-master/gcc-arm-none-eabi/bin/../lib/gcc/arm-none-eabi/5.2.1/../../../../arm-none-eabi/lib/armv6-m\libc_nano.a(lib_a-fopen.o)
                              ./.build/SARA_NBIOT_EVK/GCC_ARM/mbed-os/hal/common/Stream.o (fopen)
c:/gcc4mbed-master/gcc4mbed-master/gcc-arm-none-eabi/bin/../lib/gcc/arm-none-eabi/5.2.1/../../../../arm-none-eabi/lib/armv6-m\libc_nano.a(lib_a-fputc.o)
                              ./.build/SARA_NBIOT_EVK/GCC_ARM/mbed-os/hal/common/Stream.o (fputc)
[...]
Memory Configuration

Name             Origin             Length             Attributes
VECTORS          0x00000000         0x000000c0
FLASH_PROGRAM    0x000000c0         0x0000ff40
SRAM             0x01000000         0x00003f00
IPC_MAILBOX      0x01003f00         0x00000100
*default*        0x00000000         0xffffffff

Linker script and memory map

LOAD c:/gcc4mbed-master/gcc4mbed-master/gcc-arm-none-eabi/bin/../lib/gcc/arm-none-eabi/5.2.1/armv6-m/crti.o
LOAD c:/gcc4mbed-master/gcc4mbed-master/gcc-arm-none-eabi/bin/../lib/gcc/arm-none-eabi/5.2.1/armv6-m/crtbegin.o
LOAD c:/gcc4mbed-master/gcc4mbed-master/gcc-arm-none-eabi/bin/../lib/gcc/arm-none-eabi/5.2.1/../../../../arm-none-eabi/lib/armv6-m/crt0.o
LOAD ./.build/SARA_NBIOT_EVK/GCC_ARM/mbed-client-c/source/libCoap/src/sn_coap_builder.o
LOAD ./.build/SARA_NBIOT_EVK/GCC_ARM/mbed-client-c/source/libCoap/src/sn_coap_header_check.o
LOAD ./.build/SARA_NBIOT_EVK/GCC_ARM/mbed-client-c/source/libCoap/src/sn_coap_parser.o
LOAD ./.build/SARA_NBIOT_EVK/GCC_ARM/mbed-client-c/source/libCoap/src/sn_coap_protocol.o
LOAD ./.build/SARA_NBIOT_EVK/GCC_ARM/mbed-client-c/source/libNsdl/src/sn_grs.o
LOAD ./.build/SARA_NBIOT_EVK/GCC_ARM/mbed-client-c/source/libNsdl/src/sn_nsdl.o
LOAD ./.build/SARA_NBIOT_EVK/GCC_ARM/mbed-os/features/frameworks/greentea-client/source/test_env.o
LOAD ./.build/SARA_NBIOT_EVK/GCC_ARM/mbed-os/features/frameworks/unity/source/unity.o
LOAD ./.build/SARA_NBIOT_EVK/GCC_ARM/mbed-os/features/frameworks/utest/mbed-utest-shim.o
LOAD ./.build/SARA_NBIOT_EVK/GCC_ARM/mbed-os/features/frameworks/utest/source/unity_handler.o
LOAD ./.build/SARA_NBIOT_EVK/GCC_ARM/mbed-os/features/frameworks/utest/source/utest_case.o
LOAD ./.build/SARA_NBIOT_EVK/GCC_ARM/mbed-os/features/frameworks/utest/source/utest_default_handlers.o
LOAD ./.build/SARA_NBIOT_EVK/GCC_ARM/mbed-os/features/frameworks/utest/source/utest_greentea_handlers.o
LOAD ./.build/SARA_NBIOT_EVK/GCC_ARM/mbed-os/features/frameworks/utest/source/utest_harness.o
LOAD ./.build/SARA_NBIOT_EVK/GCC_ARM/mbed-os/features/frameworks/utest/source/utest_serial.o
LOAD ./.build/SARA_NBIOT_EVK/GCC_ARM/mbed-os/features/frameworks/utest/source/utest_shim.o
LOAD ./.build/SARA_NBIOT_EVK/GCC_ARM/mbed-os/features/frameworks/utest/source/utest_stack_trace.o
LOAD ./.build/SARA_NBIOT_EVK/GCC_ARM/mbed-os/features/frameworks/utest/source/utest_types.o
LOAD ./.build/SARA_NBIOT_EVK/GCC_ARM/mbed-os/features/mbedtls/src/aes.o
LOAD ./.build/SARA_NBIOT_EVK/GCC_ARM/mbed-os/features/mbedtls/src/aesni.o
LOAD ./.build/SARA_NBIOT_EVK/GCC_ARM/mbed-os/features/mbedtls/src/arc4.o
LOAD ./.build/SARA_NBIOT_EVK/GCC_ARM/mbed-os/features/mbedtls/src/asn1parse.o
LOAD ./.build/SARA_NBIOT_EVK/GCC_ARM/mbed-os/features/mbedtls/src/asn1write.o
LOAD ./.build/SARA_NBIOT_EVK/GCC_ARM/mbed-os/features/mbedtls/src/base64.o
LOAD ./.build/SARA_NBIOT_EVK/GCC_ARM/mbed-os/features/mbedtls/src/bignum.o
LOAD ./.build/SARA_NBIOT_EVK/GCC_ARM/mbed-os/features/mbedtls/src/blowfish.o
LOAD ./.build/SARA_NBIOT_EVK/GCC_ARM/mbed-os/features/mbedtls/src/camellia.o
LOAD ./.build/SARA_NBIOT_EVK/GCC_ARM/mbed-os/features/mbedtls/src/ccm.o
LOAD ./.build/SARA_NBIOT_EVK/GCC_ARM/mbed-os/features/mbedtls/src/certs.o
LOAD ./.build/SARA_NBIOT_EVK/GCC_ARM/mbed-os/features/mbedtls/src/cipher.o
LOAD ./.build/SARA_NBIOT_EVK/GCC_ARM/mbed-os/features/mbedtls/src/cipher_wrap.o
LOAD ./.build/SARA_NBIOT_EVK/GCC_ARM/mbed-os/features/mbedtls/src/ctr_drbg.o
LOAD ./.build/SARA_NBIOT_EVK/GCC_ARM/mbed-os/features/mbedtls/src/debug.o
LOAD ./.build/SARA_NBIOT_EVK/GCC_ARM/mbed-os/features/mbedtls/src/des.o
LOAD ./.build/SARA_NBIOT_EVK/GCC_ARM/mbed-os/features/mbedtls/src/dhm.o
LOAD ./.build/SARA_NBIOT_EVK/GCC_ARM/mbed-os/features/mbedtls/src/ecdh.o
LOAD ./.build/SARA_NBIOT_EVK/GCC_ARM/mbed-os/features/mbedtls/src/ecdsa.o
LOAD ./.build/SARA_NBIOT_EVK/GCC_ARM/mbed-os/features/mbedtls/src/ecjpake.o
LOAD ./.build/SARA_NBIOT_EVK/GCC_ARM/mbed-os/features/mbedtls/src/ecp.o
LOAD ./.build/SARA_NBIOT_EVK/GCC_ARM/mbed-os/features/mbedtls/src/ecp_curves.o
LOAD ./.build/SARA_NBIOT_EVK/GCC_ARM/mbed-os/features/mbedtls/src/entropy.o
LOAD ./.build/SARA_NBIOT_EVK/GCC_ARM/mbed-os/features/mbedtls/src/entropy_poll.o
LOAD ./.build/SARA_NBIOT_EVK/GCC_ARM/mbed-os/features/mbedtls/src/error.o
LOAD ./.build/SARA_NBIOT_EVK/GCC_ARM/mbed-os/features/mbedtls/src/gcm.o
LOAD ./.build/SARA_NBIOT_EVK/GCC_ARM/mbed-os/features/mbedtls/src/havege.o
LOAD ./.build/SARA_NBIOT_EVK/GCC_ARM/mbed-os/features/mbedtls/src/hmac_drbg.o
LOAD ./.build/SARA_NBIOT_EVK/GCC_ARM/mbed-os/features/mbedtls/src/md.o
LOAD ./.build/SARA_NBIOT_EVK/GCC_ARM/mbed-os/features/mbedtls/src/md2.o
LOAD ./.build/SARA_NBIOT_EVK/GCC_ARM/mbed-os/features/mbedtls/src/md4.o
LOAD ./.build/SARA_NBIOT_EVK/GCC_ARM/mbed-os/features/mbedtls/src/md5.o
LOAD ./.build/SARA_NBIOT_EVK/GCC_ARM/mbed-os/features/mbedtls/src/md_wrap.o
LOAD ./.build/SARA_NBIOT_EVK/GCC_ARM/mbed-os/features/mbedtls/src/memory_buffer_alloc.o
LOAD ./.build/SARA_NBIOT_EVK/GCC_ARM/mbed-os/features/mbedtls/src/net.o
LOAD ./.build/SARA_NBIOT_EVK/GCC_ARM/mbed-os/features/mbedtls/src/oid.o
LOAD ./.build/SARA_NBIOT_EVK/GCC_ARM/mbed-os/features/mbedtls/src/padlock.o
LOAD ./.build/SARA_NBIOT_EVK/GCC_ARM/mbed-os/features/mbedtls/src/pem.o
LOAD ./.build/SARA_NBIOT_EVK/GCC_ARM/mbed-os/features/mbedtls/src/pk.o
LOAD ./.build/SARA_NBIOT_EVK/GCC_ARM/mbed-os/features/mbedtls/src/pk_wrap.o
LOAD ./.build/SARA_NBIOT_EVK/GCC_ARM/mbed-os/features/mbedtls/src/pkcs11.o
LOAD ./.build/SARA_NBIOT_EVK/GCC_ARM/mbed-os/features/mbedtls/src/pkcs12.o
LOAD ./.build/SARA_NBIOT_EVK/GCC_ARM/mbed-os/features/mbedtls/src/pkcs5.o
LOAD ./.build/SARA_NBIOT_EVK/GCC_ARM/mbed-os/features/mbedtls/src/pkparse.o
LOAD ./.build/SARA_NBIOT_EVK/GCC_ARM/mbed-os/features/mbedtls/src/pkwrite.o
LOAD ./.build/SARA_NBIOT_EVK/GCC_ARM/mbed-os/features/mbedtls/src/platform.o
LOAD ./.build/SARA_NBIOT_EVK/GCC_ARM/mbed-os/features/mbedtls/src/ripemd160.o
LOAD ./.build/SARA_NBIOT_EVK/GCC_ARM/mbed-os/features/mbedtls/src/rsa.o
LOAD ./.build/SARA_NBIOT_EVK/GCC_ARM/mbed-os/features/mbedtls/src/sha1.o
LOAD ./.build/SARA_NBIOT_EVK/GCC_ARM/mbed-os/features/mbedtls/src/sha256.o
LOAD ./.build/SARA_NBIOT_EVK/GCC_ARM/mbed-os/features/mbedtls/src/sha512.o
LOAD ./.build/SARA_NBIOT_EVK/GCC_ARM/mbed-os/features/mbedtls/src/ssl_cache.o
LOAD ./.build/SARA_NBIOT_EVK/GCC_ARM/mbed-os/features/mbedtls/src/ssl_ciphersuites.o
LOAD ./.build/SARA_NBIOT_EVK/GCC_ARM/mbed-os/features/mbedtls/src/ssl_cli.o
LOAD ./.build/SARA_NBIOT_EVK/GCC_ARM/mbed-os/features/mbedtls/src/ssl_cookie.o
LOAD ./.build/SARA_NBIOT_EVK/GCC_ARM/mbed-os/features/mbedtls/src/ssl_srv.o
LOAD ./.build/SARA_NBIOT_EVK/GCC_ARM/mbed-os/features/mbedtls/src/ssl_ticket.o
LOAD ./.build/SARA_NBIOT_EVK/GCC_ARM/mbed-os/features/mbedtls/src/ssl_tls.o
LOAD ./.build/SARA_NBIOT_EVK/GCC_ARM/mbed-os/features/mbedtls/src/threading.o
LOAD ./.build/SARA_NBIOT_EVK/GCC_ARM/mbed-os/features/mbedtls/src/timing.o
LOAD ./.build/SARA_NBIOT_EVK/GCC_ARM/mbed-os/features/mbedtls/src/version.o
LOAD ./.build/SARA_NBIOT_EVK/GCC_ARM/mbed-os/features/mbedtls/src/version_features.o
LOAD ./.build/SARA_NBIOT_EVK/GCC_ARM/mbed-os/features/mbedtls/src/x509.o
LOAD ./.build/SARA_NBIOT_EVK/GCC_ARM/mbed-os/features/mbedtls/src/x509_create.o
LOAD ./.build/SARA_NBIOT_EVK/GCC_ARM/mbed-os/features/mbedtls/src/x509_crl.o
LOAD ./.build/SARA_NBIOT_EVK/GCC_ARM/mbed-os/features/mbedtls/src/x509_crt.o
LOAD ./.build/SARA_NBIOT_EVK/GCC_ARM/mbed-os/features/mbedtls/src/x509_csr.o
LOAD ./.build/SARA_NBIOT_EVK/GCC_ARM/mbed-os/features/mbedtls/src/x509write_crt.o
LOAD ./.build/SARA_NBIOT_EVK/GCC_ARM/mbed-os/features/mbedtls/src/x509write_csr.o
LOAD ./.build/SARA_NBIOT_EVK/GCC_ARM/mbed-os/features/mbedtls/src/xtea.o
LOAD ./.build/SARA_NBIOT_EVK/GCC_ARM/mbed-os/features/net/network-socket/DnsQuery/DnsQuery.o
LOAD ./.build/SARA_NBIOT_EVK/GCC_ARM/mbed-os/features/net/network-socket/NetworkStack.o
LOAD ./.build/SARA_NBIOT_EVK/GCC_ARM/mbed-os/features/net/network-socket/Socket.o
LOAD ./.build/SARA_NBIOT_EVK/GCC_ARM/mbed-os/features/net/network-socket/SocketAddress.o
LOAD ./.build/SARA_NBIOT_EVK/GCC_ARM/mbed-os/features/net/network-socket/TCPServer.o
LOAD ./.build/SARA_NBIOT_EVK/GCC_ARM/mbed-os/features/net/network-socket/TCPSocket.o
LOAD ./.build/SARA_NBIOT_EVK/GCC_ARM/mbed-os/features/net/network-socket/UDPSocket.o
LOAD ./.build/SARA_NBIOT_EVK/GCC_ARM/mbed-os/hal/common/AnalogIn.o
LOAD ./.build/SARA_NBIOT_EVK/GCC_ARM/mbed-os/hal/common/BusIn.o
LOAD ./.build/SARA_NBIOT_EVK/GCC_ARM/mbed-os/hal/common/BusInOut.o
LOAD ./.build/SARA_NBIOT_EVK/GCC_ARM/mbed-os/hal/common/BusOut.o
LOAD ./.build/SARA_NBIOT_EVK/GCC_ARM/mbed-os/hal/common/CAN.o
LOAD ./.build/SARA_NBIOT_EVK/GCC_ARM/mbed-os/hal/common/CallChain.o
LOAD ./.build/SARA_NBIOT_EVK/GCC_ARM/mbed-os/hal/common/Ethernet.o
LOAD ./.build/SARA_NBIOT_EVK/GCC_ARM/mbed-os/hal/common/FileBase.o
LOAD ./.build/SARA_NBIOT_EVK/GCC_ARM/mbed-os/hal/common/FileLike.o
LOAD ./.build/SARA_NBIOT_EVK/GCC_ARM/mbed-os/hal/common/FilePath.o
LOAD ./.build/SARA_NBIOT_EVK/GCC_ARM/mbed-os/hal/common/FileSystemLike.o
LOAD ./.build/SARA_NBIOT_EVK/GCC_ARM/mbed-os/hal/common/I2C.o
LOAD ./.build/SARA_NBIOT_EVK/GCC_ARM/mbed-os/hal/common/I2CSlave.o
LOAD ./.build/SARA_NBIOT_EVK/GCC_ARM/mbed-os/hal/common/InterruptIn.o
LOAD ./.build/SARA_NBIOT_EVK/GCC_ARM/mbed-os/hal/common/InterruptManager.o
LOAD ./.build/SARA_NBIOT_EVK/GCC_ARM/mbed-os/hal/common/LocalFileSystem.o
LOAD ./.build/SARA_NBIOT_EVK/GCC_ARM/mbed-os/hal/common/RawSerial.o
LOAD ./.build/SARA_NBIOT_EVK/GCC_ARM/mbed-os/hal/common/SPI.o
LOAD ./.build/SARA_NBIOT_EVK/GCC_ARM/mbed-os/hal/common/SPISlave.o
LOAD ./.build/SARA_NBIOT_EVK/GCC_ARM/mbed-os/hal/common/Serial.o
LOAD ./.build/SARA_NBIOT_EVK/GCC_ARM/mbed-os/hal/common/SerialBase.o
LOAD ./.build/SARA_NBIOT_EVK/GCC_ARM/mbed-os/hal/common/Stream.o
LOAD ./.build/SARA_NBIOT_EVK/GCC_ARM/mbed-os/hal/common/Ticker.o
LOAD ./.build/SARA_NBIOT_EVK/GCC_ARM/mbed-os/hal/common/Timeout.o
LOAD ./.build/SARA_NBIOT_EVK/GCC_ARM/mbed-os/hal/common/Timer.o
LOAD ./.build/SARA_NBIOT_EVK/GCC_ARM/mbed-os/hal/common/TimerEvent.o
LOAD ./.build/SARA_NBIOT_EVK/GCC_ARM/mbed-os/hal/common/mbed_assert.o
LOAD ./.build/SARA_NBIOT_EVK/GCC_ARM/mbed-os/hal/common/mbed_board.o
LOAD ./.build/SARA_NBIOT_EVK/GCC_ARM/mbed-os/hal/common/mbed_critical.o
LOAD ./.build/SARA_NBIOT_EVK/GCC_ARM/mbed-os/hal/common/mbed_error.o
LOAD ./.build/SARA_NBIOT_EVK/GCC_ARM/mbed-os/hal/common/mbed_gpio.o
LOAD ./.build/SARA_NBIOT_EVK/GCC_ARM/mbed-os/hal/common/mbed_interface.o
LOAD ./.build/SARA_NBIOT_EVK/GCC_ARM/mbed-os/hal/common/mbed_lp_ticker_api.o
LOAD ./.build/SARA_NBIOT_EVK/GCC_ARM/mbed-os/hal/common/mbed_pinmap_common.o
LOAD ./.build/SARA_NBIOT_EVK/GCC_ARM/mbed-os/hal/common/mbed_rtc_time.o
LOAD ./.build/SARA_NBIOT_EVK/GCC_ARM/mbed-os/hal/common/mbed_semihost_api.o
LOAD ./.build/SARA_NBIOT_EVK/GCC_ARM/mbed-os/hal/common/mbed_ticker_api.o
LOAD ./.build/SARA_NBIOT_EVK/GCC_ARM/mbed-os/hal/common/mbed_us_ticker_api.o
LOAD ./.build/SARA_NBIOT_EVK/GCC_ARM/mbed-os/hal/common/mbed_wait_api_no_rtos.o
LOAD ./.build/SARA_NBIOT_EVK/GCC_ARM/mbed-os/hal/common/mbed_wait_api_rtos.o
LOAD ./.build/SARA_NBIOT_EVK/GCC_ARM/mbed-os/hal/common/retarget.o
LOAD ./.build/SARA_NBIOT_EVK/GCC_ARM/mbed-os/hal/targets/cmsis/TARGET_ublox/TARGET_HI2110/TOOLCHAIN_GCC_ARM/startup_HI2110.o
LOAD ./.build/SARA_NBIOT_EVK/GCC_ARM/mbed-os/hal/targets/cmsis/TARGET_ublox/TARGET_HI2110/cmsis_nvic.o
LOAD ./.build/SARA_NBIOT_EVK/GCC_ARM/mbed-os/hal/targets/cmsis/TARGET_ublox/TARGET_HI2110/system_HI2110.o
LOAD ./.build/SARA_NBIOT_EVK/GCC_ARM/mbed-os/hal/targets/hal/TARGET_ublox/TARGET_HI2110/HI2110_init.o
LOAD ./.build/SARA_NBIOT_EVK/GCC_ARM/mbed-os/hal/targets/hal/TARGET_ublox/TARGET_HI2110/gpio_api.o
LOAD ./.build/SARA_NBIOT_EVK/GCC_ARM/mbed-os/hal/targets/hal/TARGET_ublox/TARGET_HI2110/gpio_irq_api.o
LOAD ./.build/SARA_NBIOT_EVK/GCC_ARM/mbed-os/hal/targets/hal/TARGET_ublox/TARGET_HI2110/lp_ticker.o
LOAD ./.build/SARA_NBIOT_EVK/GCC_ARM/mbed-os/hal/targets/hal/TARGET_ublox/TARGET_HI2110/mbed_overrides.o
LOAD ./.build/SARA_NBIOT_EVK/GCC_ARM/mbed-os/hal/targets/hal/TARGET_ublox/TARGET_HI2110/pinmap.o
LOAD ./.build/SARA_NBIOT_EVK/GCC_ARM/mbed-os/hal/targets/hal/TARGET_ublox/TARGET_HI2110/port_api.o
LOAD ./.build/SARA_NBIOT_EVK/GCC_ARM/mbed-os/hal/targets/hal/TARGET_ublox/TARGET_HI2110/serial_api.o
LOAD ./.build/SARA_NBIOT_EVK/GCC_ARM/mbed-os/hal/targets/hal/TARGET_ublox/TARGET_HI2110/sleep.o
LOAD ./.build/SARA_NBIOT_EVK/GCC_ARM/mbed-os/hal/targets/hal/TARGET_ublox/TARGET_HI2110/us_ticker.o
LOAD ./.build/SARA_NBIOT_EVK/GCC_ARM/mbed-os/rtos/rtos/Mutex.o
LOAD ./.build/SARA_NBIOT_EVK/GCC_ARM/mbed-os/rtos/rtos/RtosTimer.o
LOAD ./.build/SARA_NBIOT_EVK/GCC_ARM/mbed-os/rtos/rtos/Semaphore.o
LOAD ./.build/SARA_NBIOT_EVK/GCC_ARM/mbed-os/rtos/rtos/Thread.o
LOAD ./.build/SARA_NBIOT_EVK/GCC_ARM/mbed-os/rtos/rtos/rtos_idle.o
LOAD ./.build/SARA_NBIOT_EVK/GCC_ARM/mbed-os/rtos/rtx/TARGET_CORTEX_M/HAL_CM.o
LOAD ./.build/SARA_NBIOT_EVK/GCC_ARM/mbed-os/rtos/rtx/TARGET_CORTEX_M/RTX_Conf_CM.o
LOAD ./.build/SARA_NBIOT_EVK/GCC_ARM/mbed-os/rtos/rtx/TARGET_CORTEX_M/TARGET_M0/TOOLCHAIN_GCC/HAL_CM0.o
LOAD ./.build/SARA_NBIOT_EVK/GCC_ARM/mbed-os/rtos/rtx/TARGET_CORTEX_M/TARGET_M0/TOOLCHAIN_GCC/SVC_Table.o
LOAD ./.build/SARA_NBIOT_EVK/GCC_ARM/mbed-os/rtos/rtx/TARGET_CORTEX_M/rt_CMSIS.o
LOAD ./.build/SARA_NBIOT_EVK/GCC_ARM/mbed-os/rtos/rtx/TARGET_CORTEX_M/rt_Event.o
LOAD ./.build/SARA_NBIOT_EVK/GCC_ARM/mbed-os/rtos/rtx/TARGET_CORTEX_M/rt_List.o
LOAD ./.build/SARA_NBIOT_EVK/GCC_ARM/mbed-os/rtos/rtx/TARGET_CORTEX_M/rt_Mailbox.o
LOAD ./.build/SARA_NBIOT_EVK/GCC_ARM/mbed-os/rtos/rtx/TARGET_CORTEX_M/rt_MemBox.o
LOAD ./.build/SARA_NBIOT_EVK/GCC_ARM/mbed-os/rtos/rtx/TARGET_CORTEX_M/rt_Memory.o
LOAD ./.build/SARA_NBIOT_EVK/GCC_ARM/mbed-os/rtos/rtx/TARGET_CORTEX_M/rt_Mutex.o
LOAD ./.build/SARA_NBIOT_EVK/GCC_ARM/mbed-os/rtos/rtx/TARGET_CORTEX_M/rt_OsEventObserver.o
LOAD ./.build/SARA_NBIOT_EVK/GCC_ARM/mbed-os/rtos/rtx/TARGET_CORTEX_M/rt_Robin.o
LOAD ./.build/SARA_NBIOT_EVK/GCC_ARM/mbed-os/rtos/rtx/TARGET_CORTEX_M/rt_Semaphore.o
LOAD ./.build/SARA_NBIOT_EVK/GCC_ARM/mbed-os/rtos/rtx/TARGET_CORTEX_M/rt_System.o
LOAD ./.build/SARA_NBIOT_EVK/GCC_ARM/mbed-os/rtos/rtx/TARGET_CORTEX_M/rt_Task.o
LOAD ./.build/SARA_NBIOT_EVK/GCC_ARM/mbed-os/rtos/rtx/TARGET_CORTEX_M/rt_Time.o
LOAD ./.build/SARA_NBIOT_EVK/GCC_ARM/mbed-os/rtos/rtx/TARGET_CORTEX_M/rt_Timer.o
LOAD ./.build/SARA_NBIOT_EVK/GCC_ARM/mbed-trace/source/mbed_trace.o
LOAD ./.build/SARA_NBIOT_EVK/GCC_ARM/./modem_driver.o
LOAD ./.build/SARA_NBIOT_EVK/GCC_ARM/nanostack-libservice/source/IPv6_fcf_lib/ip_fsc.o
LOAD ./.build/SARA_NBIOT_EVK/GCC_ARM/nanostack-libservice/source/libBits/common_functions.o
LOAD ./.build/SARA_NBIOT_EVK/GCC_ARM/nanostack-libservice/source/libList/ns_list.o
LOAD ./.build/SARA_NBIOT_EVK/GCC_ARM/nanostack-libservice/source/libTrace/ns_trace.o
LOAD ./.build/SARA_NBIOT_EVK/GCC_ARM/nanostack-libservice/source/libip6string/ip6tos.o
LOAD ./.build/SARA_NBIOT_EVK/GCC_ARM/nanostack-libservice/source/libip6string/stoip6.o
LOAD ./.build/SARA_NBIOT_EVK/GCC_ARM/nanostack-libservice/source/nsdynmemLIB/nsdynmemLIB.o
LOAD ./.build/SARA_NBIOT_EVK/GCC_ARM/nanostack-libservice/source/nvmHelper/ns_nvm_helper.o
LOAD ./.build/SARA_NBIOT_EVK/GCC_ARM/./serial_driver.o
LOAD ./.build/SARA_NBIOT_EVK/GCC_ARM/./utilities.o
LOAD ./.build/SARA_NBIOT_EVK/GCC_ARM/./blinky.o
START GROUP
LOAD c:/gcc4mbed-master/gcc4mbed-master/gcc-arm-none-eabi/bin/../lib/gcc/arm-none-eabi/5.2.1/../../../../arm-none-eabi/lib/armv6-m\libstdc++_nano.a
LOAD c:/gcc4mbed-master/gcc4mbed-master/gcc-arm-none-eabi/bin/../lib/gcc/arm-none-eabi/5.2.1/../../../../arm-none-eabi/lib/armv6-m\libsupc++_nano.a
LOAD c:/gcc4mbed-master/gcc4mbed-master/gcc-arm-none-eabi/bin/../lib/gcc/arm-none-eabi/5.2.1/../../../../arm-none-eabi/lib/armv6-m\libm.a
LOAD c:/gcc4mbed-master/gcc4mbed-master/gcc-arm-none-eabi/bin/../lib/gcc/arm-none-eabi/5.2.1/../../../../arm-none-eabi/lib/armv6-m\libc_nano.a
LOAD c:/gcc4mbed-master/gcc4mbed-master/gcc-arm-none-eabi/bin/../lib/gcc/arm-none-eabi/5.2.1/armv6-m\libgcc.a
LOAD c:/gcc4mbed-master/gcc4mbed-master/gcc-arm-none-eabi/bin/../lib/gcc/arm-none-eabi/5.2.1/../../../../arm-none-eabi/lib/armv6-m\libnosys.a
END GROUP
LOAD c:/gcc4mbed-master/gcc4mbed-master/gcc-arm-none-eabi/bin/../lib/gcc/arm-none-eabi/5.2.1/../../../../arm-none-eabi/lib/armv6-m\libstdc++_nano.a
LOAD c:/gcc4mbed-master/gcc4mbed-master/gcc-arm-none-eabi/bin/../lib/gcc/arm-none-eabi/5.2.1/../../../../arm-none-eabi/lib/armv6-m\libsupc++_nano.a
LOAD c:/gcc4mbed-master/gcc4mbed-master/gcc-arm-none-eabi/bin/../lib/gcc/arm-none-eabi/5.2.1/../../../../arm-none-eabi/lib/armv6-m\libm.a
LOAD c:/gcc4mbed-master/gcc4mbed-master/gcc-arm-none-eabi/bin/../lib/gcc/arm-none-eabi/5.2.1/../../../../arm-none-eabi/lib/armv6-m\libc_nano.a
LOAD c:/gcc4mbed-master/gcc4mbed-master/gcc-arm-none-eabi/bin/../lib/gcc/arm-none-eabi/5.2.1/armv6-m\libgcc.a
LOAD c:/gcc4mbed-master/gcc4mbed-master/gcc-arm-none-eabi/bin/../lib/gcc/arm-none-eabi/5.2.1/../../../../arm-none-eabi/lib/armv6-m\libnosys.a
START GROUP
LOAD c:/gcc4mbed-master/gcc4mbed-master/gcc-arm-none-eabi/bin/../lib/gcc/arm-none-eabi/5.2.1/armv6-m\libgcc.a
LOAD c:/gcc4mbed-master/gcc4mbed-master/gcc-arm-none-eabi/bin/../lib/gcc/arm-none-eabi/5.2.1/../../../../arm-none-eabi/lib/armv6-m\libc_nano.a
END GROUP
START GROUP
LOAD c:/gcc4mbed-master/gcc4mbed-master/gcc-arm-none-eabi/bin/../lib/gcc/arm-none-eabi/5.2.1/armv6-m\libgcc.a
LOAD c:/gcc4mbed-master/gcc4mbed-master/gcc-arm-none-eabi/bin/../lib/gcc/arm-none-eabi/5.2.1/../../../../arm-none-eabi/lib/armv6-m\libc_nano.a
END GROUP
LOAD c:/gcc4mbed-master/gcc4mbed-master/gcc-arm-none-eabi/bin/../lib/gcc/arm-none-eabi/5.2.1/armv6-m/crtend.o
LOAD c:/gcc4mbed-master/gcc4mbed-master/gcc-arm-none-eabi/bin/../lib/gcc/arm-none-eabi/5.2.1/armv6-m/crtn.o
                0x00000000                . = 0x0

startup         0x00000000       0x88
 *(.isr_vector)
 .isr_vector    0x00000000       0x88 ./.build/SARA_NBIOT_EVK/GCC_ARM/mbed-os/hal/targets/cmsis/TARGET_ublox/TARGET_HI2110/TOOLCHAIN_GCC_ARM/startup_HI2110.o
                0x00000000                g_pfnVectors

.text           0x000000c0     0xd7a0
                0x000000c0                . = ALIGN (0x4)
 *(.text)
 .text          0x000000c0       0xb4 c:/gcc4mbed-master/gcc4mbed-master/gcc-arm-none-eabi/bin/../lib/gcc/arm-none-eabi/5.2.1/armv6-m/crtbegin.o
 .text          0x00000174       0x78 c:/gcc4mbed-master/gcc4mbed-master/gcc-arm-none-eabi/bin/../lib/gcc/arm-none-eabi/5.2.1/../../../../arm-none-eabi/lib/armv6-m/crt0.o
                0x00000174                _start
                0x00000174                _mainCRTStartup
 .text          0x000001ec      0x154 ./.build/SARA_NBIOT_EVK/GCC_ARM/mbed-os/rtos/rtx/TARGET_CORTEX_M/TARGET_M0/TOOLCHAIN_GCC/HAL_CM0.o
                0x000001ec                rt_set_PSP
                0x000001f2                rt_get_PSP
                0x000001f8                os_set_env
                0x00000216                _alloc_box
                0x00000230                _free_box
                0x0000024a                SVC_Handler
                0x000002d0                PendSV_Handler
                0x000002d4                Sys_Switch
                0x00000318                SysTick_Handler
                0x0000031e                OS_Tick_Handler
 .text          0x00000340       0x14 c:/gcc4mbed-master/gcc4mbed-master/gcc-arm-none-eabi/bin/../lib/gcc/arm-none-eabi/5.2.1/../../../../arm-none-eabi/lib/armv6-m\libc_nano.a(lib_a-strcmp.o)
                0x00000340                strcmp
 .text          0x00000354        0xe c:/gcc4mbed-master/gcc4mbed-master/gcc-arm-none-eabi/bin/../lib/gcc/arm-none-eabi/5.2.1/../../../../arm-none-eabi/lib/armv6-m\libc_nano.a(lib_a-strlen.o)
                0x00000354                strlen
 *fill*         0x00000362        0x2 
 .text          0x00000364      0x114 c:/gcc4mbed-master/gcc4mbed-master/gcc-arm-none-eabi/bin/../lib/gcc/arm-none-eabi/5.2.1/armv6-m\libgcc.a(_udivsi3.o)
                0x00000364                __aeabi_uidiv
                0x00000364                __udivsi3
                0x00000470                __aeabi_uidivmod
 .text          0x00000478      0x1d4 c:/gcc4mbed-master/gcc4mbed-master/gcc-arm-none-eabi/bin/../lib/gcc/arm-none-eabi/5.2.1/armv6-m\libgcc.a(_divsi3.o)
                0x00000478                __divsi3
                0x00000478                __aeabi_idiv
                0x00000644                __aeabi_idivmod
 .text          0x0000064c        0x4 c:/gcc4mbed-master/gcc4mbed-master/gcc-arm-none-eabi/bin/../lib/gcc/arm-none-eabi/5.2.1/armv6-m\libgcc.a(_dvmd_tls.o)
                0x0000064c                __aeabi_idiv0
                0x0000064c                __aeabi_ldiv0
 .text          0x00000650       0x74 c:/gcc4mbed-master/gcc4mbed-master/gcc-arm-none-eabi/bin/../lib/gcc/arm-none-eabi/5.2.1/armv6-m\libgcc.a(_arm_cmpsf2.o)
                0x00000650                __aeabi_cfrcmple
                0x00000658                __aeabi_cfcmpeq
                0x00000658                __aeabi_cfcmple
                0x00000668                __aeabi_fcmpeq
                0x00000674                __aeabi_fcmplt
                0x00000688                __aeabi_fcmple
                0x0000069c                __aeabi_fcmpgt
                0x000006b0                __aeabi_fcmpge
 .text          0x000006c4       0x3c c:/gcc4mbed-master/gcc4mbed-master/gcc-arm-none-eabi/bin/../lib/gcc/arm-none-eabi/5.2.1/armv6-m\libgcc.a(_clzsi2.o)
                0x000006c4                __clzsi2
 .text          0x00000700       0x58 c:/gcc4mbed-master/gcc4mbed-master/gcc-arm-none-eabi/bin/../lib/gcc/arm-none-eabi/5.2.1/armv6-m\libgcc.a(_muldi3.o)
                0x00000700                __muldi3
                0x00000700                __aeabi_lmul
 .text          0x00000758      0x234 c:/gcc4mbed-master/gcc4mbed-master/gcc-arm-none-eabi/bin/../lib/gcc/arm-none-eabi/5.2.1/armv6-m\libgcc.a(divsf3.o)
                0x00000758                __aeabi_fdiv
 .text          0x0000098c       0x50 c:/gcc4mbed-master/gcc4mbed-master/gcc-arm-none-eabi/bin/../lib/gcc/arm-none-eabi/5.2.1/armv6-m\libgcc.a(eqsf2.o)
                0x0000098c                __eqsf2
                0x0000098c                __nesf2
 .text          0x000009dc       0x88 c:/gcc4mbed-master/gcc4mbed-master/gcc-arm-none-eabi/bin/../lib/gcc/arm-none-eabi/5.2.1/armv6-m\libgcc.a(gesf2.o)
                0x000009dc                __gesf2
                0x000009dc                __gtsf2
 .text          0x00000a64       0x88 c:/gcc4mbed-master/gcc4mbed-master/gcc-arm-none-eabi/bin/../lib/gcc/arm-none-eabi/5.2.1/armv6-m\libgcc.a(lesf2.o)
                0x00000a64                __ltsf2
                0x00000a64                __lesf2
 .text          0x00000aec       0x90 c:/gcc4mbed-master/gcc4mbed-master/gcc-arm-none-eabi/bin/../lib/gcc/arm-none-eabi/5.2.1/armv6-m\libgcc.a(floatsisf.o)
                0x00000aec                __aeabi_i2f
 *(.text*)
 .text.sn_coap_builder_2
                0x00000b7c       0xac ./.build/SARA_NBIOT_EVK/GCC_ARM/mbed-client-c/source/libCoap/src/sn_coap_builder.o
                0x00000b7c                sn_coap_builder_2
 .text.sn_coap_builder_calc_needed_packet_data_size_2
                0x00000c28      0x5b0 ./.build/SARA_NBIOT_EVK/GCC_ARM/mbed-client-c/source/libCoap/src/sn_coap_builder.o
                0x00000c28                sn_coap_builder_calc_needed_packet_data_size_2
 .text.sn_coap_builder_options_calculate_jump_need
                0x000011d8      0x34c ./.build/SARA_NBIOT_EVK/GCC_ARM/mbed-client-c/source/libCoap/src/sn_coap_builder.o
 .text.sn_coap_builder_header_build
                0x00001524       0xac ./.build/SARA_NBIOT_EVK/GCC_ARM/mbed-client-c/source/libCoap/src/sn_coap_builder.o
 .text.sn_coap_builder_options_build
                0x000015d0      0x28c ./.build/SARA_NBIOT_EVK/GCC_ARM/mbed-client-c/source/libCoap/src/sn_coap_builder.o
 .text.sn_coap_builder_options_build_add_one_option
                0x0000185c      0x21c ./.build/SARA_NBIOT_EVK/GCC_ARM/mbed-client-c/source/libCoap/src/sn_coap_builder.o
 .text.sn_coap_builder_options_build_add_zero_length_option
                0x00001a78      0x154 ./.build/SARA_NBIOT_EVK/GCC_ARM/mbed-client-c/source/libCoap/src/sn_coap_builder.o
 .text.sn_coap_builder_options_build_add_multiple_option
                0x00001bcc       0xf0 ./.build/SARA_NBIOT_EVK/GCC_ARM/mbed-client-c/source/libCoap/src/sn_coap_builder.o
 .text.sn_coap_builder_options_calc_option_size
                0x00001cbc      0x168 ./.build/SARA_NBIOT_EVK/GCC_ARM/mbed-client-c/source/libCoap/src/sn_coap_builder.o
 .text.sn_coap_builder_options_get_option_part_count
                0x00001e24       0xa8 ./.build/SARA_NBIOT_EVK/GCC_ARM/mbed-client-c/source/libCoap/src/sn_coap_builder.o
 .text.sn_coap_builder_options_get_option_part_length_from_whole_option_string
                0x00001ecc      0x100 ./.build/SARA_NBIOT_EVK/GCC_ARM/mbed-client-c/source/libCoap/src/sn_coap_builder.o
 .text.sn_coap_builder_options_get_option_part_position
                0x00001fcc      0x11c ./.build/SARA_NBIOT_EVK/GCC_ARM/mbed-client-c/source/libCoap/src/sn_coap_builder.o
 .text.sn_coap_builder_payload_build
                0x000020e8       0x50 ./.build/SARA_NBIOT_EVK/GCC_ARM/mbed-client-c/source/libCoap/src/sn_coap_builder.o
 .text.sn_coap_header_validity_check
                0x00002138       0x84 ./.build/SARA_NBIOT_EVK/GCC_ARM/mbed-client-c/source/libCoap/src/sn_coap_header_check.o
                0x00002138                sn_coap_header_validity_check
 .text.sn_coap_protocol_destroy
                0x000021bc       0x30 ./.build/SARA_NBIOT_EVK/GCC_ARM/mbed-client-c/source/libCoap/src/sn_coap_protocol.o
                0x000021bc                sn_coap_protocol_destroy
 .text.sn_coap_protocol_init
                0x000021ec       0xc4 ./.build/SARA_NBIOT_EVK/GCC_ARM/mbed-client-c/source/libCoap/src/sn_coap_protocol.o
                0x000021ec                sn_coap_protocol_init
 .text.sn_coap_protocol_clear_retransmission_buffer
                0x000022b0      0x100 ./.build/SARA_NBIOT_EVK/GCC_ARM/mbed-client-c/source/libCoap/src/sn_coap_protocol.o
                0x000022b0                sn_coap_protocol_clear_retransmission_buffer
 .text.sn_coap_protocol_build
                0x000023b0       0xf4 ./.build/SARA_NBIOT_EVK/GCC_ARM/mbed-client-c/source/libCoap/src/sn_coap_protocol.o
                0x000023b0                sn_coap_protocol_build
 .text.sn_coap_protocol_linked_list_send_msg_store
                0x000024a4      0x188 ./.build/SARA_NBIOT_EVK/GCC_ARM/mbed-client-c/source/libCoap/src/sn_coap_protocol.o
 .text.sn_coap_protocol_allocate_mem_for_msg
                0x0000262c      0x120 ./.build/SARA_NBIOT_EVK/GCC_ARM/mbed-client-c/source/libCoap/src/sn_coap_protocol.o
 .text.sn_coap_protocol_release_allocated_send_msg_mem
                0x0000274c       0xc4 ./.build/SARA_NBIOT_EVK/GCC_ARM/mbed-client-c/source/libCoap/src/sn_coap_protocol.o
 .text.sn_coap_count_linked_list_size
                0x00002810       0x54 ./.build/SARA_NBIOT_EVK/GCC_ARM/mbed-client-c/source/libCoap/src/sn_coap_protocol.o
 .text._ZN4mbed10SerialBaseD2Ev
                0x00002864       0x28 ./.build/SARA_NBIOT_EVK/GCC_ARM/mbed-os/features/frameworks/greentea-client/source/test_env.o
                0x00002864                mbed::SerialBase::~SerialBase()
                0x00002864                mbed::SerialBase::~SerialBase()
 .text._ZN4mbed10SerialBaseD0Ev
                0x0000288c       0x20 ./.build/SARA_NBIOT_EVK/GCC_ARM/mbed-os/features/frameworks/greentea-client/source/test_env.o
                0x0000288c                mbed::SerialBase::~SerialBase()
 .text._Z14GREENTEA_SETUPiPKc
                0x000028ac       0x78 ./.build/SARA_NBIOT_EVK/GCC_ARM/mbed-os/features/frameworks/greentea-client/source/test_env.o
                0x000028ac                GREENTEA_SETUP(int, char const*)
 .text._Z25GREENTEA_TESTSUITE_RESULTi
                0x00002924       0x14 ./.build/SARA_NBIOT_EVK/GCC_ARM/mbed-os/features/frameworks/greentea-client/source/test_env.o
                0x00002924                GREENTEA_TESTSUITE_RESULT(int)
 .text._Z23greentea_write_preamblev
                0x00002938       0x20 ./.build/SARA_NBIOT_EVK/GCC_ARM/mbed-os/features/frameworks/greentea-client/source/test_env.o
                0x00002938                greentea_write_preamble()
 .text._Z24greentea_write_postamblev
                0x00002958       0x28 ./.build/SARA_NBIOT_EVK/GCC_ARM/mbed-os/features/frameworks/greentea-client/source/test_env.o
                0x00002958                greentea_write_postamble()
 .text._Z21greentea_write_stringPKc
                0x00002980       0x30 ./.build/SARA_NBIOT_EVK/GCC_ARM/mbed-os/features/frameworks/greentea-client/source/test_env.o
                0x00002980                greentea_write_string(char const*)
 .text._Z18greentea_write_inti
                0x000029b0       0x4c ./.build/SARA_NBIOT_EVK/GCC_ARM/mbed-os/features/frameworks/greentea-client/source/test_env.o
                0x000029b0                greentea_write_int(int)
 .text._Z16greentea_send_kvPKcS0_
                0x000029fc       0x40 ./.build/SARA_NBIOT_EVK/GCC_ARM/mbed-os/features/frameworks/greentea-client/source/test_env.o
                0x000029fc                greentea_send_kv(char const*, char const*)
 .text._Z16greentea_send_kvPKci
                0x00002a3c       0x3c ./.build/SARA_NBIOT_EVK/GCC_ARM/mbed-os/features/frameworks/greentea-client/source/test_env.o
                0x00002a3c                greentea_send_kv(char const*, int)
 .text._Z16greentea_send_kvPKcS0_ii
                0x00002a78       0x64 ./.build/SARA_NBIOT_EVK/GCC_ARM/mbed-os/features/frameworks/greentea-client/source/test_env.o
                0x00002a78                greentea_send_kv(char const*, char const*, int, int)
 .text._Z16greentea_send_kvPKcii
                0x00002adc       0x50 ./.build/SARA_NBIOT_EVK/GCC_ARM/mbed-os/features/frameworks/greentea-client/source/test_env.o
                0x00002adc                greentea_send_kv(char const*, int, int)
 .text._ZL23greentea_notify_timeouti
                0x00002b2c       0x20 ./.build/SARA_NBIOT_EVK/GCC_ARM/mbed-os/features/frameworks/greentea-client/source/test_env.o
 .text._ZL24greentea_notify_hosttestPKc
                0x00002b4c       0x20 ./.build/SARA_NBIOT_EVK/GCC_ARM/mbed-os/features/frameworks/greentea-client/source/test_env.o
 .text._ZL26greentea_notify_completioni
                0x00002b6c       0x48 ./.build/SARA_NBIOT_EVK/GCC_ARM/mbed-os/features/frameworks/greentea-client/source/test_env.o
 .text._ZL23greentea_notify_versionv
                0x00002bb4       0x1c ./.build/SARA_NBIOT_EVK/GCC_ARM/mbed-os/features/frameworks/greentea-client/source/test_env.o
 .text._ZL9_get_charv
                0x00002bd0        0xc ./.build/SARA_NBIOT_EVK/GCC_ARM/mbed-os/features/frameworks/greentea-client/source/test_env.o
 .text._Z17greentea_parse_kvPcS_ii
                0x00002bdc       0x58 ./.build/SARA_NBIOT_EVK/GCC_ARM/mbed-os/features/frameworks/greentea-client/source/test_env.o
                0x00002bdc                greentea_parse_kv(char*, char*, int, int)
 .text._ZL12getNextTokenPci
                0x00002c34       0x28 ./.build/SARA_NBIOT_EVK/GCC_ARM/mbed-os/features/frameworks/greentea-client/source/test_env.o
 .text._ZL13ispunctuationi
                0x00002c5c       0x38 ./.build/SARA_NBIOT_EVK/GCC_ARM/mbed-os/features/frameworks/greentea-client/source/test_env.o
 .text._ZL8isstringi
                0x00002c94       0x44 ./.build/SARA_NBIOT_EVK/GCC_ARM/mbed-os/features/frameworks/greentea-client/source/test_env.o
 .text._ZL6gettokPci
                0x00002cd8      0x16c ./.build/SARA_NBIOT_EVK/GCC_ARM/mbed-os/features/frameworks/greentea-client/source/test_env.o
 .text._ZL8HandleKVPcS_ii
                0x00002e44       0x80 ./.build/SARA_NBIOT_EVK/GCC_ARM/mbed-os/features/frameworks/greentea-client/source/test_env.o
 .text._ZN4mbed9RawSerialD2Ev
                0x00002ec4       0x30 ./.build/SARA_NBIOT_EVK/GCC_ARM/mbed-os/features/frameworks/greentea-client/source/test_env.o
                0x00002ec4                mbed::RawSerial::~RawSerial()
                0x00002ec4                mbed::RawSerial::~RawSerial()
 .text._ZN4mbed9RawSerialD0Ev
                0x00002ef4       0x20 ./.build/SARA_NBIOT_EVK/GCC_ARM/mbed-os/features/frameworks/greentea-client/source/test_env.o
                0x00002ef4                mbed::RawSerial::~RawSerial()
 .text._Z41__static_initialization_and_destruction_0ii
                0x00002f14       0x44 ./.build/SARA_NBIOT_EVK/GCC_ARM/mbed-os/features/frameworks/greentea-client/source/test_env.o
 .text._GLOBAL__sub_I_GREENTEA_TEST_ENV_END
                0x00002f58       0x14 ./.build/SARA_NBIOT_EVK/GCC_ARM/mbed-os/features/frameworks/greentea-client/source/test_env.o
 .text._ZN5utest2v19control_tC2ENS0_8repeat_tEm
                0x00002f6c       0x28 ./.build/SARA_NBIOT_EVK/GCC_ARM/mbed-os/features/frameworks/utest/mbed-utest-shim.o
                0x00002f6c                utest::v1::control_t::control_t(utest::v1::repeat_t, unsigned long)
                0x00002f6c                utest::v1::control_t::control_t(utest::v1::repeat_t, unsigned long)
 .text._ZN5utest2v19control_tC2ENS0_8repeat_tE
                0x00002f94       0x28 ./.build/SARA_NBIOT_EVK/GCC_ARM/mbed-os/features/frameworks/utest/mbed-utest-shim.o
                0x00002f94                utest::v1::control_t::control_t(utest::v1::repeat_t)
                0x00002f94                utest::v1::control_t::control_t(utest::v1::repeat_t)
 .text._ZN5utest2v19control_tC2Em
                0x00002fbc       0x1c ./.build/SARA_NBIOT_EVK/GCC_ARM/mbed-os/features/frameworks/utest/mbed-utest-shim.o
                0x00002fbc                utest::v1::control_t::control_t(unsigned long)
                0x00002fbc                utest::v1::control_t::control_t(unsigned long)
 .text._Z41__static_initialization_and_destruction_0ii
                0x00002fd8       0xac ./.build/SARA_NBIOT_EVK/GCC_ARM/mbed-os/features/frameworks/utest/mbed-utest-shim.o
 .text._GLOBAL__sub_I_utest_v1_enter_critical_section
                0x00003084       0x14 ./.build/SARA_NBIOT_EVK/GCC_ARM/mbed-os/features/frameworks/utest/mbed-utest-shim.o
 .text._Z41__static_initialization_and_destruction_0ii
                0x00003098       0xac ./.build/SARA_NBIOT_EVK/GCC_ARM/mbed-os/features/frameworks/utest/source/unity_handler.o
 .text._GLOBAL__sub_I_utest_unity_assert_failure
                0x00003144       0x14 ./.build/SARA_NBIOT_EVK/GCC_ARM/mbed-os/features/frameworks/utest/source/unity_handler.o
 .text._ZNK5utest2v14Case15get_descriptionEv
                0x00003158       0x10 ./.build/SARA_NBIOT_EVK/GCC_ARM/mbed-os/features/frameworks/utest/source/utest_case.o
                0x00003158                utest::v1::Case::get_description() const
 .text._Z41__static_initialization_and_destruction_0ii
                0x00003168       0xac ./.build/SARA_NBIOT_EVK/GCC_ARM/mbed-os/features/frameworks/utest/source/utest_case.o
 .text._GLOBAL__sub_I__ZN5utest2v14CaseC2EPKcPFNS0_8status_tEPKS1_jEPFvvEPFS4_S6_jjNS0_9failure_tEEPFS4_S6_SB_E
                0x00003214       0x14 ./.build/SARA_NBIOT_EVK/GCC_ARM/mbed-os/features/frameworks/utest/source/utest_case.o
 .text._ZN5utest2v126verbose_test_setup_handlerEj
                0x00003228       0x24 ./.build/SARA_NBIOT_EVK/GCC_ARM/mbed-os/features/frameworks/utest/source/utest_default_handlers.o
                0x00003228                utest::v1::verbose_test_setup_handler(unsigned int)
 .text._ZN5utest2v129verbose_test_teardown_handlerEjjNS0_9failure_tE
                0x0000324c       0x70 ./.build/SARA_NBIOT_EVK/GCC_ARM/mbed-os/features/frameworks/utest/source/utest_default_handlers.o
                0x0000324c                utest::v1::verbose_test_teardown_handler(unsigned int, unsigned int, utest::v1::failure_t)
 .text._ZN5utest2v128verbose_test_failure_handlerENS0_9failure_tE
                0x000032bc       0x38 ./.build/SARA_NBIOT_EVK/GCC_ARM/mbed-os/features/frameworks/utest/source/utest_default_handlers.o
                0x000032bc                utest::v1::verbose_test_failure_handler(utest::v1::failure_t)
 .text._ZN5utest2v126verbose_case_setup_handlerEPKNS0_4CaseEj
                0x000032f4       0x34 ./.build/SARA_NBIOT_EVK/GCC_ARM/mbed-os/features/frameworks/utest/source/utest_default_handlers.o
                0x000032f4                utest::v1::verbose_case_setup_handler(utest::v1::Case const*, unsigned int)
 .text._ZN5utest2v129verbose_case_teardown_handlerEPKNS0_4CaseEjjNS0_9failure_tE
                0x00003328       0x70 ./.build/SARA_NBIOT_EVK/GCC_ARM/mbed-os/features/frameworks/utest/source/utest_default_handlers.o
                0x00003328                utest::v1::verbose_case_teardown_handler(utest::v1::Case const*, unsigned int, unsigned int, utest::v1::failure_t)
 .text._ZN5utest2v128verbose_case_failure_handlerEPKNS0_4CaseENS0_9failure_tE
                0x00003398       0x4c ./.build/SARA_NBIOT_EVK/GCC_ARM/mbed-os/features/frameworks/utest/source/utest_default_handlers.o
                0x00003398                utest::v1::verbose_case_failure_handler(utest::v1::Case const*, utest::v1::failure_t)
 .text._Z41__static_initialization_and_destruction_0ii
                0x000033e4       0xac ./.build/SARA_NBIOT_EVK/GCC_ARM/mbed-os/features/frameworks/utest/source/utest_default_handlers.o
 .text._GLOBAL__sub_I__ZN5utest2v125verbose_continue_handlersE
                0x00003490       0x14 ./.build/SARA_NBIOT_EVK/GCC_ARM/mbed-os/features/frameworks/utest/source/utest_default_handlers.o
 .text._ZL20test_failure_handlerN5utest2v19failure_tE
                0x000034a4       0x30 ./.build/SARA_NBIOT_EVK/GCC_ARM/mbed-os/features/frameworks/utest/source/utest_greentea_handlers.o
 .text._ZN5utest2v135default_greentea_test_setup_handlerEj
                0x000034d4       0x24 ./.build/SARA_NBIOT_EVK/GCC_ARM/mbed-os/features/frameworks/utest/source/utest_greentea_handlers.o
                0x000034d4                utest::v1::default_greentea_test_setup_handler(unsigned int)
 .text._ZN5utest2v127greentea_test_setup_handlerEj
                0x000034f8       0x28 ./.build/SARA_NBIOT_EVK/GCC_ARM/mbed-os/features/frameworks/utest/source/utest_greentea_handlers.o
                0x000034f8                utest::v1::greentea_test_setup_handler(unsigned int)
 .text._ZN5utest2v130greentea_test_teardown_handlerEjjNS0_9failure_tE
                0x00003520       0x5c ./.build/SARA_NBIOT_EVK/GCC_ARM/mbed-os/features/frameworks/utest/source/utest_greentea_handlers.o
                0x00003520                utest::v1::greentea_test_teardown_handler(unsigned int, unsigned int, utest::v1::failure_t)
 .text._ZN5utest2v127greentea_case_setup_handlerEPKNS0_4CaseEj
                0x0000357c       0x44 ./.build/SARA_NBIOT_EVK/GCC_ARM/mbed-os/features/frameworks/utest/source/utest_greentea_handlers.o
                0x0000357c                utest::v1::greentea_case_setup_handler(utest::v1::Case const*, unsigned int)
 .text._ZN5utest2v130greentea_case_teardown_handlerEPKNS0_4CaseEjjNS0_9failure_tE
                0x000035c0       0x40 ./.build/SARA_NBIOT_EVK/GCC_ARM/mbed-os/features/frameworks/utest/source/utest_greentea_handlers.o
                0x000035c0                utest::v1::greentea_case_teardown_handler(utest::v1::Case const*, unsigned int, unsigned int, utest::v1::failure_t)
 .text._ZN5utest2v135greentea_case_failure_abort_handlerEPKNS0_4CaseENS0_9failure_tE
                0x00003600       0x38 ./.build/SARA_NBIOT_EVK/GCC_ARM/mbed-os/features/frameworks/utest/source/utest_greentea_handlers.o
                0x00003600                utest::v1::greentea_case_failure_abort_handler(utest::v1::Case const*, utest::v1::failure_t)
 .text._Z41__static_initialization_and_destruction_0ii
                0x00003638       0xac ./.build/SARA_NBIOT_EVK/GCC_ARM/mbed-os/features/frameworks/utest/source/utest_greentea_handlers.o
 .text._GLOBAL__sub_I__ZN5utest2v123greentea_abort_handlersE
                0x000036e4       0x14 ./.build/SARA_NBIOT_EVK/GCC_ARM/mbed-os/features/frameworks/utest/source/utest_greentea_handlers.o
 .text._Z41__static_initialization_and_destruction_0ii
                0x000036f8       0xdc ./.build/SARA_NBIOT_EVK/GCC_ARM/mbed-os/features/frameworks/utest/source/utest_harness.o
 .text._GLOBAL__sub_I__ZN5utest2v17Harness13set_schedulerE20utest_v1_scheduler_t
                0x000037d4       0x14 ./.build/SARA_NBIOT_EVK/GCC_ARM/mbed-os/features/frameworks/utest/source/utest_harness.o
 .text._Z41__static_initialization_and_destruction_0ii
                0x000037e8       0x44 ./.build/SARA_NBIOT_EVK/GCC_ARM/mbed-os/features/frameworks/utest/source/utest_serial.o
 .text._GLOBAL__sub_I_utest_serial
                0x0000382c       0x14 ./.build/SARA_NBIOT_EVK/GCC_ARM/mbed-os/features/frameworks/utest/source/utest_serial.o
 .text._ZN4mbed6TickerC2Ev
                0x00003840       0x2c ./.build/SARA_NBIOT_EVK/GCC_ARM/mbed-os/features/frameworks/utest/source/utest_shim.o
                0x00003840                mbed::Ticker::Ticker()
                0x00003840                mbed::Ticker::Ticker()
 .text._ZN4mbed6TickerD2Ev
                0x0000386c       0x38 ./.build/SARA_NBIOT_EVK/GCC_ARM/mbed-os/features/frameworks/utest/source/utest_shim.o
                0x0000386c                mbed::Ticker::~Ticker()
                0x0000386c                mbed::Ticker::~Ticker()
 .text._ZN4mbed6TickerD0Ev
                0x000038a4       0x20 ./.build/SARA_NBIOT_EVK/GCC_ARM/mbed-os/features/frameworks/utest/source/utest_shim.o
                0x000038a4                mbed::Ticker::~Ticker()
 .text._ZN4mbed7TimeoutC2Ev
                0x000038c4       0x20 ./.build/SARA_NBIOT_EVK/GCC_ARM/mbed-os/features/frameworks/utest/source/utest_shim.o
                0x000038c4                mbed::Timeout::Timeout()
                0x000038c4                mbed::Timeout::Timeout()
 .text._ZN4mbed8CallbackIFvvEEC2EPS1_
                0x000038e4       0x1c ./.build/SARA_NBIOT_EVK/GCC_ARM/mbed-os/features/frameworks/utest/source/utest_shim.o
                0x000038e4                mbed::Callback<void ()>::Callback(void (*)())
                0x000038e4                mbed::Callback<void ()>::Callback(void (*)())
 .text._ZN4mbed8CallbackIFvvEE6attachEPS1_
                0x00003900       0x30 ./.build/SARA_NBIOT_EVK/GCC_ARM/mbed-os/features/frameworks/utest/source/utest_shim.o
                0x00003900                mbed::Callback<void ()>::attach(void (*)())
 .text._ZN4mbed8CallbackIFvvEE12_staticthunkEPvS3_
                0x00003930       0x14 ./.build/SARA_NBIOT_EVK/GCC_ARM/mbed-os/features/frameworks/utest/source/utest_shim.o
                0x00003930                mbed::Callback<void ()>::_staticthunk(void*, void*)
 .text._ZN4mbed7TimeoutD2Ev
                0x00003944       0x30 ./.build/SARA_NBIOT_EVK/GCC_ARM/mbed-os/features/frameworks/utest/source/utest_shim.o
                0x00003944                mbed::Timeout::~Timeout()
                0x00003944                mbed::Timeout::~Timeout()
 .text._ZN4mbed7TimeoutD0Ev
                0x00003974       0x20 ./.build/SARA_NBIOT_EVK/GCC_ARM/mbed-os/features/frameworks/utest/source/utest_shim.o
                0x00003974                mbed::Timeout::~Timeout()
 .text._Z41__static_initialization_and_destruction_0ii
                0x00003994       0x40 ./.build/SARA_NBIOT_EVK/GCC_ARM/mbed-os/features/frameworks/utest/source/utest_shim.o
 .text._GLOBAL__sub_I_utest_timeout_object
                0x000039d4       0x14 ./.build/SARA_NBIOT_EVK/GCC_ARM/mbed-os/features/frameworks/utest/source/utest_shim.o
 .text._ZN5utest2v19stringifyENS0_16failure_reason_tE
                0x000039e8      0x108 ./.build/SARA_NBIOT_EVK/GCC_ARM/mbed-os/features/frameworks/utest/source/utest_types.o
                0x000039e8                utest::v1::stringify(utest::v1::failure_reason_t)
 .text._ZN5utest2v19stringifyENS0_10location_tE
                0x00003af0       0x68 ./.build/SARA_NBIOT_EVK/GCC_ARM/mbed-os/features/frameworks/utest/source/utest_types.o
                0x00003af0                utest::v1::stringify(utest::v1::location_t)
 .text._Z41__static_initialization_and_destruction_0ii
                0x00003b58       0x98 ./.build/SARA_NBIOT_EVK/GCC_ARM/mbed-os/features/frameworks/utest/source/utest_types.o
 .text._GLOBAL__sub_I__ZN5utest2v19stringifyENS0_16failure_reason_tE
                0x00003bf0       0x14 ./.build/SARA_NBIOT_EVK/GCC_ARM/mbed-os/features/frameworks/utest/source/utest_types.o
 .text._ZnwjPv  0x00003c04       0x10 ./.build/SARA_NBIOT_EVK/GCC_ARM/mbed-os/features/net/network-socket/NetworkStack.o
                0x00003c04                operator new(unsigned int, void*)
 .text._ZN4mbed8CallbackIFvvEE4callEv
                0x00003c14       0x24 ./.build/SARA_NBIOT_EVK/GCC_ARM/mbed-os/features/net/network-socket/Socket.o
                0x00003c14                mbed::Callback<void ()>::call()
 .text._ZL14singleton_lockv
                0x00003c38       0x1c ./.build/SARA_NBIOT_EVK/GCC_ARM/mbed-os/hal/common/FileBase.o
 .text._ZL16singleton_unlockv
                0x00003c54       0x14 ./.build/SARA_NBIOT_EVK/GCC_ARM/mbed-os/hal/common/FileBase.o
 .text._ZN4mbed8FileBaseC2EPKcNS_8PathTypeE
                0x00003c68       0x80 ./.build/SARA_NBIOT_EVK/GCC_ARM/mbed-os/hal/common/FileBase.o
                0x00003c68                mbed::FileBase::FileBase(char const*, mbed::PathType)
                0x00003c68                mbed::FileBase::FileBase(char const*, mbed::PathType)
 .text._ZN4mbed8FileBaseD2Ev
                0x00003ce8       0x90 ./.build/SARA_NBIOT_EVK/GCC_ARM/mbed-os/hal/common/FileBase.o
                0x00003ce8                mbed::FileBase::~FileBase()
                0x00003ce8                mbed::FileBase::~FileBase()
 .text._ZN4mbed8FileBaseD0Ev
                0x00003d78       0x20 ./.build/SARA_NBIOT_EVK/GCC_ARM/mbed-os/hal/common/FileBase.o
                0x00003d78                mbed::FileBase::~FileBase()
 .text._ZN4mbed8FileBase6lookupEPKcj
                0x00003d98       0x9c ./.build/SARA_NBIOT_EVK/GCC_ARM/mbed-os/hal/common/FileBase.o
                0x00003d98                mbed::FileBase::lookup(char const*, unsigned int)
 .text._ZN4mbed8FileBase11getPathTypeEv
                0x00003e34       0x10 ./.build/SARA_NBIOT_EVK/GCC_ARM/mbed-os/hal/common/FileBase.o
                0x00003e34                mbed::FileBase::getPathType()
 .text._ZN12SingletonPtrIN4rtos5MutexEEptEv
                0x00003e44       0x18 ./.build/SARA_NBIOT_EVK/GCC_ARM/mbed-os/hal/common/FileBase.o
                0x00003e44                SingletonPtr<rtos::Mutex>::operator->()
 .text._ZN12SingletonPtrIN4rtos5MutexEE3getEv
                0x00003e5c       0x60 ./.build/SARA_NBIOT_EVK/GCC_ARM/mbed-os/hal/common/FileBase.o
                0x00003e5c                SingletonPtr<rtos::Mutex>::get()
 .text._ZN4mbed10FileHandle4flenEv
                0x00003ebc       0x7c ./.build/SARA_NBIOT_EVK/GCC_ARM/mbed-os/hal/common/FileLike.o
                0x00003ebc                mbed::FileHandle::flen()
 .text._ZN4mbed10FileHandle4lockEv
                0x00003f38        0xc ./.build/SARA_NBIOT_EVK/GCC_ARM/mbed-os/hal/common/FileLike.o
                0x00003f38                mbed::FileHandle::lock()
 .text._ZN4mbed10FileHandle6unlockEv
                0x00003f44        0xc ./.build/SARA_NBIOT_EVK/GCC_ARM/mbed-os/hal/common/FileLike.o
                0x00003f44                mbed::FileHandle::unlock()
 .text._ZN4mbed10FileHandleC2Ev
                0x00003f50       0x18 ./.build/SARA_NBIOT_EVK/GCC_ARM/mbed-os/hal/common/FileLike.o
                0x00003f50                mbed::FileHandle::FileHandle()
                0x00003f50                mbed::FileHandle::FileHandle()
 .text._ZN4mbed8FileLikeC2EPKc
                0x00003f68       0x3c ./.build/SARA_NBIOT_EVK/GCC_ARM/mbed-os/hal/common/FileLike.o
                0x00003f68                mbed::FileLike::FileLike(char const*)
                0x00003f68                mbed::FileLike::FileLike(char const*)
 .text._ZN4mbed8FileLikeD2Ev
                0x00003fa4       0x44 ./.build/SARA_NBIOT_EVK/GCC_ARM/mbed-os/hal/common/FileLike.o
                0x00003fa4                mbed::FileLike::~FileLike()
                0x00003fa4                mbed::FileLike::~FileLike()
 .text._ZN4mbed8FilePathC2EPKc
                0x00003fe8       0x90 ./.build/SARA_NBIOT_EVK/GCC_ARM/mbed-os/hal/common/FilePath.o
                0x00003fe8                mbed::FilePath::FilePath(char const*)
                0x00003fe8                mbed::FilePath::FilePath(char const*)
 .text._ZN4mbed8FilePath8fileNameEv
                0x00004078       0x10 ./.build/SARA_NBIOT_EVK/GCC_ARM/mbed-os/hal/common/FilePath.o
                0x00004078                mbed::FilePath::fileName()
 .text._ZN4mbed8FilePath12isFileSystemEv
                0x00004088       0x2c ./.build/SARA_NBIOT_EVK/GCC_ARM/mbed-os/hal/common/FilePath.o
                0x00004088                mbed::FilePath::isFileSystem()
 .text._ZN4mbed8FilePath10fileSystemEv
                0x000040b4       0x20 ./.build/SARA_NBIOT_EVK/GCC_ARM/mbed-os/hal/common/FilePath.o
                0x000040b4                mbed::FilePath::fileSystem()
 .text._ZN4mbed8FilePath6isFileEv
                0x000040d4       0x2c ./.build/SARA_NBIOT_EVK/GCC_ARM/mbed-os/hal/common/FilePath.o
                0x000040d4                mbed::FilePath::isFile()
 .text._ZN4mbed8FilePath4fileEv
                0x00004100       0x30 ./.build/SARA_NBIOT_EVK/GCC_ARM/mbed-os/hal/common/FilePath.o
                0x00004100                mbed::FilePath::file()
 .text._ZN4mbed8FilePath6existsEv
                0x00004130       0x14 ./.build/SARA_NBIOT_EVK/GCC_ARM/mbed-os/hal/common/FilePath.o
                0x00004130                mbed::FilePath::exists()
 .text._ZN4mbed9RawSerialC2E7PinNameS1_
                0x00004144       0x44 ./.build/SARA_NBIOT_EVK/GCC_ARM/mbed-os/hal/common/RawSerial.o
                0x00004144                mbed::RawSerial::RawSerial(PinName, PinName)
                0x00004144                mbed::RawSerial::RawSerial(PinName, PinName)
 .text._ZN4mbed9RawSerial4putcEi
                0x00004188       0x3c ./.build/SARA_NBIOT_EVK/GCC_ARM/mbed-os/hal/common/RawSerial.o
                0x00004188                mbed::RawSerial::putc(int)
 .text._ZN4mbed9RawSerial4putsEPKc
                0x000041c4       0x48 ./.build/SARA_NBIOT_EVK/GCC_ARM/mbed-os/hal/common/RawSerial.o
                0x000041c4                mbed::RawSerial::puts(char const*)
 .text._ZN4mbed9RawSerial6printfEPKcz
                0x0000420c       0x98 ./.build/SARA_NBIOT_EVK/GCC_ARM/mbed-os/hal/common/RawSerial.o
                0x0000420c                mbed::RawSerial::printf(char const*, ...)
 .text._ZN4mbed9RawSerial4lockEv
                0x000042a4        0xc ./.build/SARA_NBIOT_EVK/GCC_ARM/mbed-os/hal/common/RawSerial.o
                0x000042a4                mbed::RawSerial::lock()
 .text._ZN4mbed9RawSerial6unlockEv
                0x000042b0        0xc ./.build/SARA_NBIOT_EVK/GCC_ARM/mbed-os/hal/common/RawSerial.o
                0x000042b0                mbed::RawSerial::unlock()
 .text._ZN4mbed6SerialC2E7PinNameS1_PKc
                0x000042bc       0x74 ./.build/SARA_NBIOT_EVK/GCC_ARM/mbed-os/hal/common/Serial.o
                0x000042bc                mbed::Serial::Serial(PinName, PinName, char const*)
                0x000042bc                mbed::Serial::Serial(PinName, PinName, char const*)
 .text._ZN4mbed6Serial5_getcEv
                0x00004330       0x18 ./.build/SARA_NBIOT_EVK/GCC_ARM/mbed-os/hal/common/Serial.o
                0x00004330                mbed::Serial::_getc()
 .text._ZThn64_N4mbed6Serial5_getcEv
                0x00004348       0x10 ./.build/SARA_NBIOT_EVK/GCC_ARM/mbed-os/hal/common/Serial.o
                0x00004348                non-virtual thunk to mbed::Serial::_getc()
 .text._ZN4mbed6Serial5_putcEi
                0x00004358       0x1c ./.build/SARA_NBIOT_EVK/GCC_ARM/mbed-os/hal/common/Serial.o
                0x00004358                mbed::Serial::_putc(int)
 .text._ZThn64_N4mbed6Serial5_putcEi
                0x00004374       0x10 ./.build/SARA_NBIOT_EVK/GCC_ARM/mbed-os/hal/common/Serial.o
                0x00004374                non-virtual thunk to mbed::Serial::_putc(int)
 .text._ZN4mbed6Serial4lockEv
                0x00004384       0x20 ./.build/SARA_NBIOT_EVK/GCC_ARM/mbed-os/hal/common/Serial.o
                0x00004384                mbed::Serial::lock()
 .text._ZThn64_N4mbed6Serial4lockEv
                0x000043a4       0x10 ./.build/SARA_NBIOT_EVK/GCC_ARM/mbed-os/hal/common/Serial.o
                0x000043a4                non-virtual thunk to mbed::Serial::lock()
 .text._ZN4mbed6Serial6unlockEv
                0x000043b4       0x18 ./.build/SARA_NBIOT_EVK/GCC_ARM/mbed-os/hal/common/Serial.o
                0x000043b4                mbed::Serial::unlock()
 .text._ZThn64_N4mbed6Serial6unlockEv
                0x000043cc       0x10 ./.build/SARA_NBIOT_EVK/GCC_ARM/mbed-os/hal/common/Serial.o
                0x000043cc                non-virtual thunk to mbed::Serial::unlock()
 .text._ZN4mbed6SerialD2Ev
                0x000043dc       0x78 ./.build/SARA_NBIOT_EVK/GCC_ARM/mbed-os/hal/common/Serial.o
                0x000043dc                mbed::Serial::~Serial()
                0x000043dc                mbed::Serial::~Serial()
                0x00004434                non-virtual thunk to mbed::Serial::~Serial()
                0x00004444                non-virtual thunk to mbed::Serial::~Serial()
 .text._ZN4mbed6SerialD0Ev
                0x00004454       0x40 ./.build/SARA_NBIOT_EVK/GCC_ARM/mbed-os/hal/common/Serial.o
                0x00004454                mbed::Serial::~Serial()
                0x00004474                non-virtual thunk to mbed::Serial::~Serial()
                0x00004484                non-virtual thunk to mbed::Serial::~Serial()
 .text._ZN4mbed10SerialBaseC2E7PinNameS1_
                0x00004494       0x88 ./.build/SARA_NBIOT_EVK/GCC_ARM/mbed-os/hal/common/SerialBase.o
                0x00004494                mbed::SerialBase::SerialBase(PinName, PinName)
                0x00004494                mbed::SerialBase::SerialBase(PinName, PinName)
 .text._ZN4mbed10SerialBase4baudEi
                0x0000451c       0x3c ./.build/SARA_NBIOT_EVK/GCC_ARM/mbed-os/hal/common/SerialBase.o
                0x0000451c                mbed::SerialBase::baud(int)
 .text._ZN4mbed10SerialBase6formatEiNS0_6ParityEi
                0x00004558       0x44 ./.build/SARA_NBIOT_EVK/GCC_ARM/mbed-os/hal/common/SerialBase.o
                0x00004558                mbed::SerialBase::format(int, mbed::SerialBase::Parity, int)
 .text._ZN4mbed10SerialBase9writeableEv
                0x0000459c       0x38 ./.build/SARA_NBIOT_EVK/GCC_ARM/mbed-os/hal/common/SerialBase.o
                0x0000459c                mbed::SerialBase::writeable()
 .text._ZN4mbed10SerialBase12_irq_handlerEm9SerialIrq
                0x000045d4       0x30 ./.build/SARA_NBIOT_EVK/GCC_ARM/mbed-os/hal/common/SerialBase.o
                0x000045d4                mbed::SerialBase::_irq_handler(unsigned long, SerialIrq)
 .text._ZN4mbed10SerialBase10_base_getcEv
                0x00004604       0x18 ./.build/SARA_NBIOT_EVK/GCC_ARM/mbed-os/hal/common/SerialBase.o
                0x00004604                mbed::SerialBase::_base_getc()
 .text._ZN4mbed10SerialBase10_base_putcEi
                0x0000461c       0x20 ./.build/SARA_NBIOT_EVK/GCC_ARM/mbed-os/hal/common/SerialBase.o
                0x0000461c                mbed::SerialBase::_base_putc(int)
 .text._ZN4mbed10SerialBase4lockEv
                0x0000463c        0xc ./.build/SARA_NBIOT_EVK/GCC_ARM/mbed-os/hal/common/SerialBase.o
                0x0000463c                mbed::SerialBase::lock()
 .text._ZN4mbed10SerialBase6unlockEv
                0x00004648        0xc ./.build/SARA_NBIOT_EVK/GCC_ARM/mbed-os/hal/common/SerialBase.o
                0x00004648                mbed::SerialBase::unlock()
 .text._ZN4mbed6StreamC2EPKc
                0x00004654       0x68 ./.build/SARA_NBIOT_EVK/GCC_ARM/mbed-os/hal/common/Stream.o
                0x00004654                mbed::Stream::Stream(char const*)
                0x00004654                mbed::Stream::Stream(char const*)
 .text._ZN4mbed6StreamD2Ev
                0x000046bc       0x44 ./.build/SARA_NBIOT_EVK/GCC_ARM/mbed-os/hal/common/Stream.o
                0x000046bc                mbed::Stream::~Stream()
                0x000046bc                mbed::Stream::~Stream()
 .text._ZN4mbed6Stream4getcEv
                0x00004700       0x44 ./.build/SARA_NBIOT_EVK/GCC_ARM/mbed-os/hal/common/Stream.o
                0x00004700                mbed::Stream::getc()
 .text._ZN4mbed6Stream5closeEv
                0x00004744        0xc ./.build/SARA_NBIOT_EVK/GCC_ARM/mbed-os/hal/common/Stream.o
                0x00004744                mbed::Stream::close()
 .text._ZN4mbed6Stream5writeEPKvj
                0x00004750       0x70 ./.build/SARA_NBIOT_EVK/GCC_ARM/mbed-os/hal/common/Stream.o
                0x00004750                mbed::Stream::write(void const*, unsigned int)
 .text._ZN4mbed6Stream4readEPvj
                0x000047c0       0x70 ./.build/SARA_NBIOT_EVK/GCC_ARM/mbed-os/hal/common/Stream.o
                0x000047c0                mbed::Stream::read(void*, unsigned int)
 .text._ZN4mbed6Stream5lseekEli
                0x00004830       0x10 ./.build/SARA_NBIOT_EVK/GCC_ARM/mbed-os/hal/common/Stream.o
                0x00004830                mbed::Stream::lseek(long, int)
 .text._ZN4mbed6Stream6isattyEv
                0x00004840        0xc ./.build/SARA_NBIOT_EVK/GCC_ARM/mbed-os/hal/common/Stream.o
                0x00004840                mbed::Stream::isatty()
 .text._ZN4mbed6Stream5fsyncEv
                0x0000484c        0xc ./.build/SARA_NBIOT_EVK/GCC_ARM/mbed-os/hal/common/Stream.o
                0x0000484c                mbed::Stream::fsync()
 .text._ZN4mbed6Stream4flenEv
                0x00004858        0xc ./.build/SARA_NBIOT_EVK/GCC_ARM/mbed-os/hal/common/Stream.o
                0x00004858                mbed::Stream::flen()
 .text._ZN4mbed6Stream6printfEPKcz
                0x00004864       0x50 ./.build/SARA_NBIOT_EVK/GCC_ARM/mbed-os/hal/common/Stream.o
                0x00004864                mbed::Stream::printf(char const*, ...)
 .text._ZN4mbed6Ticker6detachEv
                0x000048b4       0x28 ./.build/SARA_NBIOT_EVK/GCC_ARM/mbed-os/hal/common/Ticker.o
                0x000048b4                mbed::Ticker::detach()
 .text._ZN4mbed6Ticker7handlerEv
                0x000048dc       0x28 ./.build/SARA_NBIOT_EVK/GCC_ARM/mbed-os/hal/common/Ticker.o
                0x000048dc                mbed::Ticker::handler()
 .text._ZN4mbed7Timeout7handlerEv
                0x00004904       0x18 ./.build/SARA_NBIOT_EVK/GCC_ARM/mbed-os/hal/common/Timeout.o
                0x00004904                mbed::Timeout::handler()
 .text._ZN4mbed5TimerC2Ev
                0x0000491c       0x34 ./.build/SARA_NBIOT_EVK/GCC_ARM/mbed-os/hal/common/Timer.o
                0x0000491c                mbed::Timer::Timer()
                0x0000491c                mbed::Timer::Timer()
 .text._ZN4mbed5Timer5startEv
                0x00004950       0x34 ./.build/SARA_NBIOT_EVK/GCC_ARM/mbed-os/hal/common/Timer.o
                0x00004950                mbed::Timer::start()
 .text._ZN4mbed5Timer7read_usEv
                0x00004984       0x28 ./.build/SARA_NBIOT_EVK/GCC_ARM/mbed-os/hal/common/Timer.o
                0x00004984                mbed::Timer::read_us()
 .text._ZN4mbed5Timer4readEv
                0x000049ac       0x2c ./.build/SARA_NBIOT_EVK/GCC_ARM/mbed-os/hal/common/Timer.o
                0x000049ac                mbed::Timer::read()
 .text._ZN4mbed5Timer9slicetimeEv
                0x000049d8       0x38 ./.build/SARA_NBIOT_EVK/GCC_ARM/mbed-os/hal/common/Timer.o
                0x000049d8                mbed::Timer::slicetime()
 .text._ZN4mbed5Timer5resetEv
                0x00004a10       0x2c ./.build/SARA_NBIOT_EVK/GCC_ARM/mbed-os/hal/common/Timer.o
                0x00004a10                mbed::Timer::reset()
 .text._ZN4mbed10TimerEventC2Ev
                0x00004a3c       0x48 ./.build/SARA_NBIOT_EVK/GCC_ARM/mbed-os/hal/common/TimerEvent.o
                0x00004a3c                mbed::TimerEvent::TimerEvent()
                0x00004a3c                mbed::TimerEvent::TimerEvent()
 .text._ZN4mbed10TimerEvent3irqEm
                0x00004a84       0x20 ./.build/SARA_NBIOT_EVK/GCC_ARM/mbed-os/hal/common/TimerEvent.o
                0x00004a84                mbed::TimerEvent::irq(unsigned long)
 .text._ZN4mbed10TimerEventD2Ev
                0x00004aa4       0x30 ./.build/SARA_NBIOT_EVK/GCC_ARM/mbed-os/hal/common/TimerEvent.o
                0x00004aa4                mbed::TimerEvent::~TimerEvent()
                0x00004aa4                mbed::TimerEvent::~TimerEvent()
 .text._ZN4mbed10TimerEvent6insertEm
                0x00004ad4       0x20 ./.build/SARA_NBIOT_EVK/GCC_ARM/mbed-os/hal/common/TimerEvent.o
                0x00004ad4                mbed::TimerEvent::insert(unsigned long)
 .text._ZN4mbed10TimerEvent6removeEv
                0x00004af4       0x1c ./.build/SARA_NBIOT_EVK/GCC_ARM/mbed-os/hal/common/TimerEvent.o
                0x00004af4                mbed::TimerEvent::remove()
 .text.mbed_assert_internal
                0x00004b10       0x28 ./.build/SARA_NBIOT_EVK/GCC_ARM/mbed-os/hal/common/mbed_assert.o
                0x00004b10                mbed_assert_internal
 .text.mbed_die
                0x00004b38       0x14 ./.build/SARA_NBIOT_EVK/GCC_ARM/mbed-os/hal/common/mbed_board.o
                0x00004b38                mbed_die
 .text.mbed_error_printf
                0x00004b4c       0x20 ./.build/SARA_NBIOT_EVK/GCC_ARM/mbed-os/hal/common/mbed_board.o
                0x00004b4c                mbed_error_printf
 .text.mbed_error_vfprintf
                0x00004b6c       0x70 ./.build/SARA_NBIOT_EVK/GCC_ARM/mbed-os/hal/common/mbed_board.o
                0x00004b6c                mbed_error_vfprintf
 .text.core_util_are_interrupts_enabled
                0x00004bdc       0x1c ./.build/SARA_NBIOT_EVK/GCC_ARM/mbed-os/hal/common/mbed_critical.o
                0x00004bdc                core_util_are_interrupts_enabled
 .text.core_util_critical_section_enter
                0x00004bf8       0x98 ./.build/SARA_NBIOT_EVK/GCC_ARM/mbed-os/hal/common/mbed_critical.o
                0x00004bf8                core_util_critical_section_enter
 .text.core_util_critical_section_exit
                0x00004c90       0x84 ./.build/SARA_NBIOT_EVK/GCC_ARM/mbed-os/hal/common/mbed_critical.o
                0x00004c90                core_util_critical_section_exit
 .text.error    0x00004d14       0x1c ./.build/SARA_NBIOT_EVK/GCC_ARM/mbed-os/hal/common/mbed_error.o
                0x00004d14                error
 .text.time     0x00004d30       0x84 ./.build/SARA_NBIOT_EVK/GCC_ARM/mbed-os/hal/common/mbed_rtc_time.o
                0x00004d30                time
 .text.set_time
                0x00004db4       0x60 ./.build/SARA_NBIOT_EVK/GCC_ARM/mbed-os/hal/common/mbed_rtc_time.o
                0x00004db4                set_time
 .text.ticker_set_handler
                0x00004e14       0x20 ./.build/SARA_NBIOT_EVK/GCC_ARM/mbed-os/hal/common/mbed_ticker_api.o
                0x00004e14                ticker_set_handler
 .text.ticker_irq_handler
                0x00004e34       0x80 ./.build/SARA_NBIOT_EVK/GCC_ARM/mbed-os/hal/common/mbed_ticker_api.o
                0x00004e34                ticker_irq_handler
 .text.ticker_insert_event
                0x00004eb4       0x7c ./.build/SARA_NBIOT_EVK/GCC_ARM/mbed-os/hal/common/mbed_ticker_api.o
                0x00004eb4                ticker_insert_event
 .text.ticker_remove_event
                0x00004f30       0x80 ./.build/SARA_NBIOT_EVK/GCC_ARM/mbed-os/hal/common/mbed_ticker_api.o
                0x00004f30                ticker_remove_event
 .text.ticker_read
                0x00004fb0       0x18 ./.build/SARA_NBIOT_EVK/GCC_ARM/mbed-os/hal/common/mbed_ticker_api.o
                0x00004fb0                ticker_read
 .text.get_us_ticker_data
                0x00004fc8        0xc ./.build/SARA_NBIOT_EVK/GCC_ARM/mbed-os/hal/common/mbed_us_ticker_api.o
                0x00004fc8                get_us_ticker_data
 .text.us_ticker_irq_handler
                0x00004fd4       0x14 ./.build/SARA_NBIOT_EVK/GCC_ARM/mbed-os/hal/common/mbed_us_ticker_api.o
                0x00004fd4                us_ticker_irq_handler
 .text.wait_ms  0x00004fe8       0x1c ./.build/SARA_NBIOT_EVK/GCC_ARM/mbed-os/hal/common/mbed_wait_api_rtos.o
                0x00004fe8                wait_ms
 .text.wait_us  0x00005004       0x74 ./.build/SARA_NBIOT_EVK/GCC_ARM/mbed-os/hal/common/mbed_wait_api_rtos.o
                0x00005004                wait_us
 .text._ZN4mbed10FileHandleD2Ev
                0x00005078       0x80 ./.build/SARA_NBIOT_EVK/GCC_ARM/mbed-os/hal/common/retarget.o
                0x00005078                mbed::FileHandle::~FileHandle()
                0x00005078                mbed::FileHandle::~FileHandle()
 .text._ZL11init_serialv
                0x000050f8       0x34 ./.build/SARA_NBIOT_EVK/GCC_ARM/mbed-os/hal/common/retarget.o
 .text._ZL17openmode_to_posixi
                0x0000512c       0x1c ./.build/SARA_NBIOT_EVK/GCC_ARM/mbed-os/hal/common/retarget.o
 .text._open    0x00005148      0x1d0 ./.build/SARA_NBIOT_EVK/GCC_ARM/mbed-os/hal/common/retarget.o
                0x00005148                _open
 .text._close   0x00005318       0x50 ./.build/SARA_NBIOT_EVK/GCC_ARM/mbed-os/hal/common/retarget.o
                0x00005318                _close
 .text._write   0x00005368       0x8c ./.build/SARA_NBIOT_EVK/GCC_ARM/mbed-os/hal/common/retarget.o
                0x00005368                _write
 .text._read    0x000053f4       0x74 ./.build/SARA_NBIOT_EVK/GCC_ARM/mbed-os/hal/common/retarget.o
                0x000053f4                _read
 .text._isatty  0x00005468       0x44 ./.build/SARA_NBIOT_EVK/GCC_ARM/mbed-os/hal/common/retarget.o
                0x00005468                _isatty
 .text._lseek   0x000054ac       0x48 ./.build/SARA_NBIOT_EVK/GCC_ARM/mbed-os/hal/common/retarget.o
                0x000054ac                _lseek
 .text._fstat   0x000054f4       0x3c ./.build/SARA_NBIOT_EVK/GCC_ARM/mbed-os/hal/common/retarget.o
                0x000054f4                _fstat
 .text.__cxa_pure_virtual
                0x00005530        0x8 ./.build/SARA_NBIOT_EVK/GCC_ARM/mbed-os/hal/common/retarget.o
                0x00005530                __cxa_pure_virtual
 .text.__wrap__malloc_r
                0x00005538       0x1c ./.build/SARA_NBIOT_EVK/GCC_ARM/mbed-os/hal/common/retarget.o
                0x00005538                __wrap__malloc_r
 .text.__wrap__realloc_r
                0x00005554       0x20 ./.build/SARA_NBIOT_EVK/GCC_ARM/mbed-os/hal/common/retarget.o
                0x00005554                __wrap__realloc_r
 .text.__wrap__free_r
                0x00005574       0x1c ./.build/SARA_NBIOT_EVK/GCC_ARM/mbed-os/hal/common/retarget.o
                0x00005574                __wrap__free_r
 .text.software_init_hook
                0x00005590        0xc ./.build/SARA_NBIOT_EVK/GCC_ARM/mbed-os/hal/common/retarget.o
                0x00005590                software_init_hook
 .text.mbed_main
                0x0000559c        0x4 ./.build/SARA_NBIOT_EVK/GCC_ARM/mbed-os/hal/common/retarget.o
                0x0000559c                mbed_main
 .text.__wrap_main
                0x000055a0       0x14 ./.build/SARA_NBIOT_EVK/GCC_ARM/mbed-os/hal/common/retarget.o
                0x000055a0                __wrap_main
 .text._sbrk    0x000055b4       0x7c ./.build/SARA_NBIOT_EVK/GCC_ARM/mbed-os/hal/common/retarget.o
                0x000055b4                _sbrk
 .text._exit    0x00005630       0x30 ./.build/SARA_NBIOT_EVK/GCC_ARM/mbed-os/hal/common/retarget.o
                0x00005630                _exit
 .text._ZN4mbed26mbed_set_unbuffered_streamEP7__sFILE
                0x00005660       0x18 ./.build/SARA_NBIOT_EVK/GCC_ARM/mbed-os/hal/common/retarget.o
                0x00005660                mbed::mbed_set_unbuffered_stream(__sFILE*)
 .text._ZN4mbed9mbed_getcEP7__sFILE
                0x00005678       0x18 ./.build/SARA_NBIOT_EVK/GCC_ARM/mbed-os/hal/common/retarget.o
                0x00005678                mbed::mbed_getc(__sFILE*)
 .text._Znwj    0x00005690       0x2c ./.build/SARA_NBIOT_EVK/GCC_ARM/mbed-os/hal/common/retarget.o
                0x00005690                operator new(unsigned int)
 .text._Znaj    0x000056bc       0x2c ./.build/SARA_NBIOT_EVK/GCC_ARM/mbed-os/hal/common/retarget.o
                0x000056bc                operator new[](unsigned int)
 .text._ZdlPv   0x000056e8       0x1c ./.build/SARA_NBIOT_EVK/GCC_ARM/mbed-os/hal/common/retarget.o
                0x000056e8                operator delete(void*)
 .text._ZdaPv   0x00005704       0x1c ./.build/SARA_NBIOT_EVK/GCC_ARM/mbed-os/hal/common/retarget.o
                0x00005704                operator delete[](void*)
 .text.Reset_Handler
                0x00005720       0x60 ./.build/SARA_NBIOT_EVK/GCC_ARM/mbed-os/hal/targets/cmsis/TARGET_ublox/TARGET_HI2110/TOOLCHAIN_GCC_ARM/startup_HI2110.o
                0x00005720                Reset_Handler
 .text.Default_Handler
                0x00005780        0x2 ./.build/SARA_NBIOT_EVK/GCC_ARM/mbed-os/hal/targets/cmsis/TARGET_ublox/TARGET_HI2110/TOOLCHAIN_GCC_ARM/startup_HI2110.o
                0x00005780                HardFault_Handler
                0x00005780                NMI_Handler
                0x00005780                IRQ2_SECURITY_Handler
                0x00005780                IRQ15_I2C_Handler
                0x00005780                IRQ17_CAP_Handler
                0x00005780                IRQ10_SSP1_Handler
                0x00005780                IRQ11_PWM0IN_Handler
                0x00005780                Default_Handler
                0x00005780                IRQ13_PWM1IN_Handler
                0x00005780                IRQ6_DMA_Handler
                0x00005780                IRQ9_SSP0_Handler
                0x00005780                IRQ3_PROTOCOL_Handler
                0x00005780                IRQ12_PWM0OUT_Handler
                0x00005780                IRQ14_PWM1OUT_Handler
                0x00005780                IRQ4_APPS_Handler
 *fill*         0x00005782        0x2 
 .text.SystemInit
                0x00005784       0xa4 ./.build/SARA_NBIOT_EVK/GCC_ARM/mbed-os/hal/targets/cmsis/TARGET_ublox/TARGET_HI2110/system_HI2110.o
                0x00005784                SystemInit
 .text.SystemAllowSleep
                0x00005828       0x44 ./.build/SARA_NBIOT_EVK/GCC_ARM/mbed-os/hal/targets/cmsis/TARGET_ublox/TARGET_HI2110/system_HI2110.o
                0x00005828                SystemAllowSleep
 .text.get_owner
                0x0000586c       0xc0 ./.build/SARA_NBIOT_EVK/GCC_ARM/mbed-os/hal/targets/hal/TARGET_ublox/TARGET_HI2110/HI2110_init.o
 .text.HI2110_init
                0x0000592c       0x48 ./.build/SARA_NBIOT_EVK/GCC_ARM/mbed-os/hal/targets/hal/TARGET_ublox/TARGET_HI2110/HI2110_init.o
                0x0000592c                HI2110_init
 .text.IRQ5_GPIO_Handler
                0x00005974       0xc0 ./.build/SARA_NBIOT_EVK/GCC_ARM/mbed-os/hal/targets/hal/TARGET_ublox/TARGET_HI2110/gpio_irq_api.o
                0x00005974                IRQ5_GPIO_Handler
 .text.set_interrupt_to_32bit_overflow
                0x00005a34       0x40 ./.build/SARA_NBIOT_EVK/GCC_ARM/mbed-os/hal/targets/hal/TARGET_ublox/TARGET_HI2110/lp_ticker.o
 .text.set_interrupt_to_user_value
                0x00005a74       0x38 ./.build/SARA_NBIOT_EVK/GCC_ARM/mbed-os/hal/targets/hal/TARGET_ublox/TARGET_HI2110/lp_ticker.o
 .text.IRQ0_RTC_Handler
                0x00005aac       0xd0 ./.build/SARA_NBIOT_EVK/GCC_ARM/mbed-os/hal/targets/hal/TARGET_ublox/TARGET_HI2110/lp_ticker.o
                0x00005aac                IRQ0_RTC_Handler
 .text.mbed_sdk_init
                0x00005b7c        0xc ./.build/SARA_NBIOT_EVK/GCC_ARM/mbed-os/hal/targets/hal/TARGET_ublox/TARGET_HI2110/mbed_overrides.o
                0x00005b7c                mbed_sdk_init
 .text.clr_mask
                0x00005b88       0x24 ./.build/SARA_NBIOT_EVK/GCC_ARM/mbed-os/hal/targets/hal/TARGET_ublox/TARGET_HI2110/pinmap.o
 .text.set_mask
                0x00005bac       0x24 ./.build/SARA_NBIOT_EVK/GCC_ARM/mbed-os/hal/targets/hal/TARGET_ublox/TARGET_HI2110/pinmap.o
 .text.func_reg
                0x00005bd0       0x2c ./.build/SARA_NBIOT_EVK/GCC_ARM/mbed-os/hal/targets/hal/TARGET_ublox/TARGET_HI2110/pinmap.o
 .text.get_owner
                0x00005bfc       0x58 ./.build/SARA_NBIOT_EVK/GCC_ARM/mbed-os/hal/targets/hal/TARGET_ublox/TARGET_HI2110/pinmap.o
 .text.pin_function
                0x00005c54       0xe8 ./.build/SARA_NBIOT_EVK/GCC_ARM/mbed-os/hal/targets/hal/TARGET_ublox/TARGET_HI2110/pinmap.o
                0x00005c54                pin_function
 .text.NVIC_EnableIRQ
                0x00005d3c       0x2c ./.build/SARA_NBIOT_EVK/GCC_ARM/mbed-os/hal/targets/hal/TARGET_ublox/TARGET_HI2110/serial_api.o
 .text.NVIC_DisableIRQ
                0x00005d68       0x2c ./.build/SARA_NBIOT_EVK/GCC_ARM/mbed-os/hal/targets/hal/TARGET_ublox/TARGET_HI2110/serial_api.o
 .text.NVIC_SetPendingIRQ
                0x00005d94       0x2c ./.build/SARA_NBIOT_EVK/GCC_ARM/mbed-os/hal/targets/hal/TARGET_ublox/TARGET_HI2110/serial_api.o
 .text.NVIC_ClearPendingIRQ
                0x00005dc0       0x2c ./.build/SARA_NBIOT_EVK/GCC_ARM/mbed-os/hal/targets/hal/TARGET_ublox/TARGET_HI2110/serial_api.o
 .text.init_config
                0x00005dec      0x1b8 ./.build/SARA_NBIOT_EVK/GCC_ARM/mbed-os/hal/targets/hal/TARGET_ublox/TARGET_HI2110/serial_api.o
 .text.deinit_config
                0x00005fa4       0xac ./.build/SARA_NBIOT_EVK/GCC_ARM/mbed-os/hal/targets/hal/TARGET_ublox/TARGET_HI2110/serial_api.o
 .text.set_baud
                0x00006050       0xe0 ./.build/SARA_NBIOT_EVK/GCC_ARM/mbed-os/hal/targets/hal/TARGET_ublox/TARGET_HI2110/serial_api.o
 .text.irq_enable
                0x00006130       0x54 ./.build/SARA_NBIOT_EVK/GCC_ARM/mbed-os/hal/targets/hal/TARGET_ublox/TARGET_HI2110/serial_api.o
 .text.irq_disable
                0x00006184       0x54 ./.build/SARA_NBIOT_EVK/GCC_ARM/mbed-os/hal/targets/hal/TARGET_ublox/TARGET_HI2110/serial_api.o
 .text.IRQ7_UART0_Handler
                0x000061d8       0x5c ./.build/SARA_NBIOT_EVK/GCC_ARM/mbed-os/hal/targets/hal/TARGET_ublox/TARGET_HI2110/serial_api.o
                0x000061d8                IRQ7_UART0_Handler
 .text.IRQ8_UART1_Handler
                0x00006234       0x5c ./.build/SARA_NBIOT_EVK/GCC_ARM/mbed-os/hal/targets/hal/TARGET_ublox/TARGET_HI2110/serial_api.o
                0x00006234                IRQ8_UART1_Handler
 .text.IRQ16_LPUART_Handler
                0x00006290       0x54 ./.build/SARA_NBIOT_EVK/GCC_ARM/mbed-os/hal/targets/hal/TARGET_ublox/TARGET_HI2110/serial_api.o
                0x00006290                IRQ16_LPUART_Handler
 .text.serial_init
                0x000062e4       0xc4 ./.build/SARA_NBIOT_EVK/GCC_ARM/mbed-os/hal/targets/hal/TARGET_ublox/TARGET_HI2110/serial_api.o
                0x000062e4                serial_init
 .text.serial_baud
                0x000063a8      0x1a4 ./.build/SARA_NBIOT_EVK/GCC_ARM/mbed-os/hal/targets/hal/TARGET_ublox/TARGET_HI2110/serial_api.o
                0x000063a8                serial_baud
 .text.serial_format
                0x0000654c      0x204 ./.build/SARA_NBIOT_EVK/GCC_ARM/mbed-os/hal/targets/hal/TARGET_ublox/TARGET_HI2110/serial_api.o
                0x0000654c                serial_format
 .text.serial_irq_handler
                0x00006750       0x2c ./.build/SARA_NBIOT_EVK/GCC_ARM/mbed-os/hal/targets/hal/TARGET_ublox/TARGET_HI2110/serial_api.o
                0x00006750                serial_irq_handler
 .text.serial_irq_set
                0x0000677c      0x160 ./.build/SARA_NBIOT_EVK/GCC_ARM/mbed-os/hal/targets/hal/TARGET_ublox/TARGET_HI2110/serial_api.o
                0x0000677c                serial_irq_set
 .text.serial_getc
                0x000068dc       0x70 ./.build/SARA_NBIOT_EVK/GCC_ARM/mbed-os/hal/targets/hal/TARGET_ublox/TARGET_HI2110/serial_api.o
                0x000068dc                serial_getc
 .text.serial_putc
                0x0000694c       0x28 ./.build/SARA_NBIOT_EVK/GCC_ARM/mbed-os/hal/targets/hal/TARGET_ublox/TARGET_HI2110/serial_api.o
                0x0000694c                serial_putc
 .text.serial_readable
                0x00006974       0x74 ./.build/SARA_NBIOT_EVK/GCC_ARM/mbed-os/hal/targets/hal/TARGET_ublox/TARGET_HI2110/serial_api.o
                0x00006974                serial_readable
 .text.serial_writable
                0x000069e8       0x1c ./.build/SARA_NBIOT_EVK/GCC_ARM/mbed-os/hal/targets/hal/TARGET_ublox/TARGET_HI2110/serial_api.o
                0x000069e8                serial_writable
 .text.NVIC_EnableIRQ
                0x00006a04       0x2c ./.build/SARA_NBIOT_EVK/GCC_ARM/mbed-os/hal/targets/hal/TARGET_ublox/TARGET_HI2110/us_ticker.o
 .text.NVIC_DisableIRQ
                0x00006a30       0x2c ./.build/SARA_NBIOT_EVK/GCC_ARM/mbed-os/hal/targets/hal/TARGET_ublox/TARGET_HI2110/us_ticker.o
 .text.NVIC_ClearPendingIRQ
                0x00006a5c       0x2c ./.build/SARA_NBIOT_EVK/GCC_ARM/mbed-os/hal/targets/hal/TARGET_ublox/TARGET_HI2110/us_ticker.o
 .text.divide_by_48
                0x00006a88       0x54 ./.build/SARA_NBIOT_EVK/GCC_ARM/mbed-os/hal/targets/hal/TARGET_ublox/TARGET_HI2110/us_ticker.o
 .text.IRQ1_TMR0_Handler
                0x00006adc       0x70 ./.build/SARA_NBIOT_EVK/GCC_ARM/mbed-os/hal/targets/hal/TARGET_ublox/TARGET_HI2110/us_ticker.o
                0x00006adc                IRQ1_TMR0_Handler
 .text.us_ticker_init
                0x00006b4c       0x80 ./.build/SARA_NBIOT_EVK/GCC_ARM/mbed-os/hal/targets/hal/TARGET_ublox/TARGET_HI2110/us_ticker.o
                0x00006b4c                us_ticker_init
 .text.us_ticker_read
                0x00006bcc       0x68 ./.build/SARA_NBIOT_EVK/GCC_ARM/mbed-os/hal/targets/hal/TARGET_ublox/TARGET_HI2110/us_ticker.o
                0x00006bcc                us_ticker_read
 .text.us_ticker_set_interrupt
                0x00006c34       0xbc ./.build/SARA_NBIOT_EVK/GCC_ARM/mbed-os/hal/targets/hal/TARGET_ublox/TARGET_HI2110/us_ticker.o
                0x00006c34                us_ticker_set_interrupt
 .text.us_ticker_disable_interrupt
                0x00006cf0        0xc ./.build/SARA_NBIOT_EVK/GCC_ARM/mbed-os/hal/targets/hal/TARGET_ublox/TARGET_HI2110/us_ticker.o
                0x00006cf0                us_ticker_disable_interrupt
 .text.us_ticker_clear_interrupt
                0x00006cfc        0xc ./.build/SARA_NBIOT_EVK/GCC_ARM/mbed-os/hal/targets/hal/TARGET_ublox/TARGET_HI2110/us_ticker.o
                0x00006cfc                us_ticker_clear_interrupt
 .text._ZN4rtos5MutexC2Ev
                0x00006d08       0x4c ./.build/SARA_NBIOT_EVK/GCC_ARM/mbed-os/rtos/rtos/Mutex.o
                0x00006d08                rtos::Mutex::Mutex()
                0x00006d08                rtos::Mutex::Mutex()
 .text._ZN4rtos5Mutex4lockEm
                0x00006d54       0x20 ./.build/SARA_NBIOT_EVK/GCC_ARM/mbed-os/rtos/rtos/Mutex.o
                0x00006d54                rtos::Mutex::lock(unsigned long)
 .text._ZN4rtos5Mutex6unlockEv
                0x00006d74       0x18 ./.build/SARA_NBIOT_EVK/GCC_ARM/mbed-os/rtos/rtos/Mutex.o
                0x00006d74                rtos::Mutex::unlock()
 .text._ZN4rtos5MutexD2Ev
                0x00006d8c       0x18 ./.build/SARA_NBIOT_EVK/GCC_ARM/mbed-os/rtos/rtos/Mutex.o
                0x00006d8c                rtos::Mutex::~Mutex()
                0x00006d8c                rtos::Mutex::~Mutex()
 .text._ZN4rtos6Thread4waitEm
                0x00006da4       0x18 ./.build/SARA_NBIOT_EVK/GCC_ARM/mbed-os/rtos/rtos/Thread.o
                0x00006da4                rtos::Thread::wait(unsigned long)
 .text.default_idle_hook
                0x00006dbc        0x4 ./.build/SARA_NBIOT_EVK/GCC_ARM/mbed-os/rtos/rtos/rtos_idle.o
 .text.rtos_idle_loop
                0x00006dc0       0x10 ./.build/SARA_NBIOT_EVK/GCC_ARM/mbed-os/rtos/rtos/rtos_idle.o
                0x00006dc0                rtos_idle_loop
 .text.rt_init_stack
                0x00006dd0       0xf4 ./.build/SARA_NBIOT_EVK/GCC_ARM/mbed-os/rtos/rtx/TARGET_CORTEX_M/HAL_CM.o
                0x00006dd0                rt_init_stack
 .text.rt_ret_regs
                0x00006ec4       0x10 ./.build/SARA_NBIOT_EVK/GCC_ARM/mbed-os/rtos/rtx/TARGET_CORTEX_M/HAL_CM.o
 .text.rt_ret_val
                0x00006ed4       0x20 ./.build/SARA_NBIOT_EVK/GCC_ARM/mbed-os/rtos/rtx/TARGET_CORTEX_M/HAL_CM.o
                0x00006ed4                rt_ret_val
 .text.rt_ret_val2
                0x00006ef4       0x2c ./.build/SARA_NBIOT_EVK/GCC_ARM/mbed-os/rtos/rtx/TARGET_CORTEX_M/HAL_CM.o
                0x00006ef4                rt_ret_val2
 .text.os_idle_demon
                0x00006f20        0xc ./.build/SARA_NBIOT_EVK/GCC_ARM/mbed-os/rtos/rtx/TARGET_CORTEX_M/RTX_Conf_CM.o
                0x00006f20                os_idle_demon
 .text.os_error
                0x00006f2c       0x24 ./.build/SARA_NBIOT_EVK/GCC_ARM/mbed-os/rtos/rtx/TARGET_CORTEX_M/RTX_Conf_CM.o
                0x00006f2c                os_error
 .text.set_stack_heap
                0x00006f50       0x38 ./.build/SARA_NBIOT_EVK/GCC_ARM/mbed-os/rtos/rtx/TARGET_CORTEX_M/RTX_Conf_CM.o
                0x00006f50                set_stack_heap
 .text.pre_main
                0x00006f88       0x58 ./.build/SARA_NBIOT_EVK/GCC_ARM/mbed-os/rtos/rtx/TARGET_CORTEX_M/RTX_Conf_CM.o
                0x00006f88                pre_main
 .text.software_init_hook_rtos
                0x00006fe0       0x1c ./.build/SARA_NBIOT_EVK/GCC_ARM/mbed-os/rtos/rtx/TARGET_CORTEX_M/RTX_Conf_CM.o
                0x00006fe0                software_init_hook_rtos
 .text.rt_ms2tick
                0x00006ffc       0x6c ./.build/SARA_NBIOT_EVK/GCC_ARM/mbed-os/rtos/rtx/TARGET_CORTEX_M/rt_CMSIS.o
 .text.rt_tid2ptcb
                0x00007068       0x34 ./.build/SARA_NBIOT_EVK/GCC_ARM/mbed-os/rtos/rtx/TARGET_CORTEX_M/rt_CMSIS.o
                0x00007068                rt_tid2ptcb
 .text.rt_id2obj
                0x0000709c       0x18 ./.build/SARA_NBIOT_EVK/GCC_ARM/mbed-os/rtos/rtx/TARGET_CORTEX_M/rt_CMSIS.o
 .text.svcKernelInitialize
                0x000070b4       0x74 ./.build/SARA_NBIOT_EVK/GCC_ARM/mbed-os/rtos/rtx/TARGET_CORTEX_M/rt_CMSIS.o
                0x000070b4                svcKernelInitialize
 .text.svcKernelStart
                0x00007128       0x6c ./.build/SARA_NBIOT_EVK/GCC_ARM/mbed-os/rtos/rtx/TARGET_CORTEX_M/rt_CMSIS.o
                0x00007128                svcKernelStart
 .text.svcKernelRunning
                0x00007194        0xc ./.build/SARA_NBIOT_EVK/GCC_ARM/mbed-os/rtos/rtx/TARGET_CORTEX_M/rt_CMSIS.o
                0x00007194                svcKernelRunning
 .text.osKernelInitialize
                0x000071a0       0x40 ./.build/SARA_NBIOT_EVK/GCC_ARM/mbed-os/rtos/rtx/TARGET_CORTEX_M/rt_CMSIS.o
                0x000071a0                osKernelInitialize
 .text.osKernelStart
                0x000071e0       0xe0 ./.build/SARA_NBIOT_EVK/GCC_ARM/mbed-os/rtos/rtx/TARGET_CORTEX_M/rt_CMSIS.o
                0x000071e0                osKernelStart
 .text.osKernelRunning
                0x000072c0       0x3c ./.build/SARA_NBIOT_EVK/GCC_ARM/mbed-os/rtos/rtx/TARGET_CORTEX_M/rt_CMSIS.o
                0x000072c0                osKernelRunning
 .text.sysThreadError
                0x000072fc        0xc ./.build/SARA_NBIOT_EVK/GCC_ARM/mbed-os/rtos/rtx/TARGET_CORTEX_M/rt_CMSIS.o
 .text.svcThreadCreate
                0x00007308       0xdc ./.build/SARA_NBIOT_EVK/GCC_ARM/mbed-os/rtos/rtx/TARGET_CORTEX_M/rt_CMSIS.o
                0x00007308                svcThreadCreate
 .text.svcThreadGetId
                0x000073e4       0x2c ./.build/SARA_NBIOT_EVK/GCC_ARM/mbed-os/rtos/rtx/TARGET_CORTEX_M/rt_CMSIS.o
                0x000073e4                svcThreadGetId
 .text.svcThreadTerminate
                0x00007410       0x60 ./.build/SARA_NBIOT_EVK/GCC_ARM/mbed-os/rtos/rtx/TARGET_CORTEX_M/rt_CMSIS.o
                0x00007410                svcThreadTerminate
 .text.osThreadCreate
                0x00007470       0x1c ./.build/SARA_NBIOT_EVK/GCC_ARM/mbed-os/rtos/rtx/TARGET_CORTEX_M/rt_CMSIS.o
                0x00007470                osThreadCreate
 .text.osThreadContextCreate
                0x0000748c       0x6c ./.build/SARA_NBIOT_EVK/GCC_ARM/mbed-os/rtos/rtx/TARGET_CORTEX_M/rt_CMSIS.o
                0x0000748c                osThreadContextCreate
 .text.osThreadExit
                0x000074f8       0x20 ./.build/SARA_NBIOT_EVK/GCC_ARM/mbed-os/rtos/rtx/TARGET_CORTEX_M/rt_CMSIS.o
                0x000074f8                osThreadExit
 .text.svcDelay
                0x00007518       0x28 ./.build/SARA_NBIOT_EVK/GCC_ARM/mbed-os/rtos/rtx/TARGET_CORTEX_M/rt_CMSIS.o
                0x00007518                svcDelay
 .text.osDelay  0x00007540       0x30 ./.build/SARA_NBIOT_EVK/GCC_ARM/mbed-os/rtos/rtx/TARGET_CORTEX_M/rt_CMSIS.o
                0x00007540                osDelay
 .text.rt_timer_insert
                0x00007570       0x78 ./.build/SARA_NBIOT_EVK/GCC_ARM/mbed-os/rtos/rtx/TARGET_CORTEX_M/rt_CMSIS.o
 .text.sysTimerTick
                0x000075e8       0x88 ./.build/SARA_NBIOT_EVK/GCC_ARM/mbed-os/rtos/rtx/TARGET_CORTEX_M/rt_CMSIS.o
                0x000075e8                sysTimerTick
 .text.svcMutexCreate
                0x00007670       0x50 ./.build/SARA_NBIOT_EVK/GCC_ARM/mbed-os/rtos/rtx/TARGET_CORTEX_M/rt_CMSIS.o
                0x00007670                svcMutexCreate
 .text.svcMutexWait
                0x000076c0       0x60 ./.build/SARA_NBIOT_EVK/GCC_ARM/mbed-os/rtos/rtx/TARGET_CORTEX_M/rt_CMSIS.o
                0x000076c0                svcMutexWait
 .text.svcMutexRelease
                0x00007720       0x48 ./.build/SARA_NBIOT_EVK/GCC_ARM/mbed-os/rtos/rtx/TARGET_CORTEX_M/rt_CMSIS.o
                0x00007720                svcMutexRelease
 .text.svcMutexDelete
                0x00007768       0x38 ./.build/SARA_NBIOT_EVK/GCC_ARM/mbed-os/rtos/rtx/TARGET_CORTEX_M/rt_CMSIS.o
                0x00007768                svcMutexDelete
 .text.osMutexCreate
                0x000077a0       0x58 ./.build/SARA_NBIOT_EVK/GCC_ARM/mbed-os/rtos/rtx/TARGET_CORTEX_M/rt_CMSIS.o
                0x000077a0                osMutexCreate
 .text.osMutexWait
                0x000077f8       0x38 ./.build/SARA_NBIOT_EVK/GCC_ARM/mbed-os/rtos/rtx/TARGET_CORTEX_M/rt_CMSIS.o
                0x000077f8                osMutexWait
 .text.osMutexRelease
                0x00007830       0x30 ./.build/SARA_NBIOT_EVK/GCC_ARM/mbed-os/rtos/rtx/TARGET_CORTEX_M/rt_CMSIS.o
                0x00007830                osMutexRelease
 .text.osMutexDelete
                0x00007860       0x30 ./.build/SARA_NBIOT_EVK/GCC_ARM/mbed-os/rtos/rtx/TARGET_CORTEX_M/rt_CMSIS.o
                0x00007860                osMutexDelete
 .text.svcMessageCreate
                0x00007890       0x60 ./.build/SARA_NBIOT_EVK/GCC_ARM/mbed-os/rtos/rtx/TARGET_CORTEX_M/rt_CMSIS.o
                0x00007890                svcMessageCreate
 .text.isrMessagePut
                0x000078f0       0x4c ./.build/SARA_NBIOT_EVK/GCC_ARM/mbed-os/rtos/rtx/TARGET_CORTEX_M/rt_CMSIS.o
                0x000078f0                isrMessagePut
 .text.rt_evt_psh
                0x0000793c       0xc8 ./.build/SARA_NBIOT_EVK/GCC_ARM/mbed-os/rtos/rtx/TARGET_CORTEX_M/rt_Event.o
                0x0000793c                rt_evt_psh
 .text.rt_inc_qi
                0x00007a04       0x54 ./.build/SARA_NBIOT_EVK/GCC_ARM/mbed-os/rtos/rtx/TARGET_CORTEX_M/rt_List.o
 .text.rt_put_prio
                0x00007a58       0x84 ./.build/SARA_NBIOT_EVK/GCC_ARM/mbed-os/rtos/rtx/TARGET_CORTEX_M/rt_List.o
                0x00007a58                rt_put_prio
 .text.rt_get_first
                0x00007adc       0x58 ./.build/SARA_NBIOT_EVK/GCC_ARM/mbed-os/rtos/rtx/TARGET_CORTEX_M/rt_List.o
                0x00007adc                rt_get_first
 .text.rt_put_rdy_first
                0x00007b34       0x24 ./.build/SARA_NBIOT_EVK/GCC_ARM/mbed-os/rtos/rtx/TARGET_CORTEX_M/rt_List.o
                0x00007b34                rt_put_rdy_first
 .text.rt_resort_prio
                0x00007b58       0x50 ./.build/SARA_NBIOT_EVK/GCC_ARM/mbed-os/rtos/rtx/TARGET_CORTEX_M/rt_List.o
                0x00007b58                rt_resort_prio
 .text.rt_put_dly
                0x00007ba8       0xc8 ./.build/SARA_NBIOT_EVK/GCC_ARM/mbed-os/rtos/rtx/TARGET_CORTEX_M/rt_List.o
                0x00007ba8                rt_put_dly
 .text.rt_dec_dly
                0x00007c70       0xcc ./.build/SARA_NBIOT_EVK/GCC_ARM/mbed-os/rtos/rtx/TARGET_CORTEX_M/rt_List.o
                0x00007c70                rt_dec_dly
 .text.rt_rmv_list
                0x00007d3c       0x5c ./.build/SARA_NBIOT_EVK/GCC_ARM/mbed-os/rtos/rtx/TARGET_CORTEX_M/rt_List.o
                0x00007d3c                rt_rmv_list
 .text.rt_rmv_dly
                0x00007d98       0x54 ./.build/SARA_NBIOT_EVK/GCC_ARM/mbed-os/rtos/rtx/TARGET_CORTEX_M/rt_List.o
                0x00007d98                rt_rmv_dly
 .text.rt_psq_enq
                0x00007dec       0x5c ./.build/SARA_NBIOT_EVK/GCC_ARM/mbed-os/rtos/rtx/TARGET_CORTEX_M/rt_List.o
                0x00007dec                rt_psq_enq
 .text.rt_mbx_init
                0x00007e48       0x50 ./.build/SARA_NBIOT_EVK/GCC_ARM/mbed-os/rtos/rtx/TARGET_CORTEX_M/rt_Mailbox.o
                0x00007e48                rt_mbx_init
 .text.rt_mbx_check
                0x00007e98       0x1c ./.build/SARA_NBIOT_EVK/GCC_ARM/mbed-os/rtos/rtx/TARGET_CORTEX_M/rt_Mailbox.o
                0x00007e98                rt_mbx_check
 .text.isr_mbx_send
                0x00007eb4       0x24 ./.build/SARA_NBIOT_EVK/GCC_ARM/mbed-os/rtos/rtx/TARGET_CORTEX_M/rt_Mailbox.o
                0x00007eb4                isr_mbx_send
 .text.rt_mbx_psh
                0x00007ed8      0x180 ./.build/SARA_NBIOT_EVK/GCC_ARM/mbed-os/rtos/rtx/TARGET_CORTEX_M/rt_Mailbox.o
                0x00007ed8                rt_mbx_psh
 .text._init_box
                0x00008058       0xa4 ./.build/SARA_NBIOT_EVK/GCC_ARM/mbed-os/rtos/rtx/TARGET_CORTEX_M/rt_MemBox.o
                0x00008058                _init_box
 .text.rt_alloc_box
                0x000080fc       0x38 ./.build/SARA_NBIOT_EVK/GCC_ARM/mbed-os/rtos/rtx/TARGET_CORTEX_M/rt_MemBox.o
                0x000080fc                rt_alloc_box
 .text.rt_free_box
                0x00008134       0x4c ./.build/SARA_NBIOT_EVK/GCC_ARM/mbed-os/rtos/rtx/TARGET_CORTEX_M/rt_MemBox.o
                0x00008134                rt_free_box
 .text.rt_mut_init
                0x00008180       0x2c ./.build/SARA_NBIOT_EVK/GCC_ARM/mbed-os/rtos/rtx/TARGET_CORTEX_M/rt_Mutex.o
                0x00008180                rt_mut_init
 .text.rt_mut_delete
                0x000081ac      0x144 ./.build/SARA_NBIOT_EVK/GCC_ARM/mbed-os/rtos/rtx/TARGET_CORTEX_M/rt_Mutex.o
                0x000081ac                rt_mut_delete
 .text.rt_mut_release
                0x000082f0      0x190 ./.build/SARA_NBIOT_EVK/GCC_ARM/mbed-os/rtos/rtx/TARGET_CORTEX_M/rt_Mutex.o
                0x000082f0                rt_mut_release
 .text.rt_mut_wait
                0x00008480       0xd0 ./.build/SARA_NBIOT_EVK/GCC_ARM/mbed-os/rtos/rtx/TARGET_CORTEX_M/rt_Mutex.o
                0x00008480                rt_mut_wait
 .text.rt_init_robin
                0x00008550       0x1c ./.build/SARA_NBIOT_EVK/GCC_ARM/mbed-os/rtos/rtx/TARGET_CORTEX_M/rt_Robin.o
                0x00008550                rt_init_robin
 .text.rt_chk_robin
                0x0000856c       0x70 ./.build/SARA_NBIOT_EVK/GCC_ARM/mbed-os/rtos/rtx/TARGET_CORTEX_M/rt_Robin.o
                0x0000856c                rt_chk_robin
 .text.rt_sem_psh
                0x000085dc       0x58 ./.build/SARA_NBIOT_EVK/GCC_ARM/mbed-os/rtos/rtx/TARGET_CORTEX_M/rt_Semaphore.o
                0x000085dc                rt_sem_psh
 .text.rt_systick_init
                0x00008634       0x3c ./.build/SARA_NBIOT_EVK/GCC_ARM/mbed-os/rtos/rtx/TARGET_CORTEX_M/rt_System.o
 .text.rt_psh_req
                0x00008670       0x2c ./.build/SARA_NBIOT_EVK/GCC_ARM/mbed-os/rtos/rtx/TARGET_CORTEX_M/rt_System.o
                0x00008670                rt_psh_req
 .text.rt_pop_req
                0x0000869c       0xdc ./.build/SARA_NBIOT_EVK/GCC_ARM/mbed-os/rtos/rtx/TARGET_CORTEX_M/rt_System.o
                0x0000869c                rt_pop_req
 .text.os_tick_init
                0x00008778       0x10 ./.build/SARA_NBIOT_EVK/GCC_ARM/mbed-os/rtos/rtx/TARGET_CORTEX_M/rt_System.o
                0x00008778                os_tick_init
 .text.os_tick_irqack
                0x00008788        0x4 ./.build/SARA_NBIOT_EVK/GCC_ARM/mbed-os/rtos/rtx/TARGET_CORTEX_M/rt_System.o
                0x00008788                os_tick_irqack
 .text.rt_systick
                0x0000878c       0x54 ./.build/SARA_NBIOT_EVK/GCC_ARM/mbed-os/rtos/rtx/TARGET_CORTEX_M/rt_System.o
                0x0000878c                rt_systick
 .text.rt_stk_check
                0x000087e0       0x34 ./.build/SARA_NBIOT_EVK/GCC_ARM/mbed-os/rtos/rtx/TARGET_CORTEX_M/rt_System.o
                0x000087e0                rt_stk_check
 .text.rt_svc_init
                0x00008814       0x30 ./.build/SARA_NBIOT_EVK/GCC_ARM/mbed-os/rtos/rtx/TARGET_CORTEX_M/rt_Task.o
 .text.rt_get_TID
                0x00008844       0x3c ./.build/SARA_NBIOT_EVK/GCC_ARM/mbed-os/rtos/rtx/TARGET_CORTEX_M/rt_Task.o
 .text.rt_init_context
                0x00008880       0x9c ./.build/SARA_NBIOT_EVK/GCC_ARM/mbed-os/rtos/rtx/TARGET_CORTEX_M/rt_Task.o
 .text.rt_switch_req
                0x0000891c       0x40 ./.build/SARA_NBIOT_EVK/GCC_ARM/mbed-os/rtos/rtx/TARGET_CORTEX_M/rt_Task.o
                0x0000891c                rt_switch_req
 .text.rt_dispatch
                0x0000895c       0x6c ./.build/SARA_NBIOT_EVK/GCC_ARM/mbed-os/rtos/rtx/TARGET_CORTEX_M/rt_Task.o
                0x0000895c                rt_dispatch
 .text.rt_block
                0x000089c8       0x70 ./.build/SARA_NBIOT_EVK/GCC_ARM/mbed-os/rtos/rtx/TARGET_CORTEX_M/rt_Task.o
                0x000089c8                rt_block
 .text.rt_tsk_self
                0x00008a38       0x1c ./.build/SARA_NBIOT_EVK/GCC_ARM/mbed-os/rtos/rtx/TARGET_CORTEX_M/rt_Task.o
                0x00008a38                rt_tsk_self
 .text.rt_tsk_prio