Archive member included to satisfy reference by file (symbol)

c:/gcc4mbed-master/gcc4mbed-master/gcc-arm-none-eabi/bin/../lib/gcc/arm-none-eabi/5.2.1/../../../../arm-none-eabi/lib/armv6-m\libstdc++_nano.a(atexit_arm.o)
                              ./.build/SARA_NBIOT_EVK/GCC_ARM/mbed-os/features/frameworks/greentea-client/source/test_env.o (__aeabi_atexit)
c:/gcc4mbed-master/gcc4mbed-master/gcc-arm-none-eabi/bin/../lib/gcc/arm-none-eabi/5.2.1/../../../../arm-none-eabi/lib/armv6-m\libm.a(lib_a-s_fpclassify.o)
                              ./.build/SARA_NBIOT_EVK/GCC_ARM/mbed-os/features/frameworks/unity/source/unity.o (__fpclassifyd)
c:/gcc4mbed-master/gcc4mbed-master/gcc-arm-none-eabi/bin/../lib/gcc/arm-none-eabi/5.2.1/../../../../arm-none-eabi/lib/armv6-m\libm.a(lib_a-sf_fpclassify.o)
                              ./.build/SARA_NBIOT_EVK/GCC_ARM/mbed-os/features/frameworks/unity/source/unity.o (__fpclassifyf)
c:/gcc4mbed-master/gcc4mbed-master/gcc-arm-none-eabi/bin/../lib/gcc/arm-none-eabi/5.2.1/../../../../arm-none-eabi/lib/armv6-m\libc_nano.a(lib_a-abs.o)
                              ./.build/SARA_NBIOT_EVK/GCC_ARM/nanostack-libservice/source/nsdynmemLIB/nsdynmemLIB.o (abs)
c:/gcc4mbed-master/gcc4mbed-master/gcc-arm-none-eabi/bin/../lib/gcc/arm-none-eabi/5.2.1/../../../../arm-none-eabi/lib/armv6-m\libc_nano.a(lib_a-atexit.o)
                              ./.build/SARA_NBIOT_EVK/GCC_ARM/mbed-os/rtos/rtx/TARGET_CORTEX_M/RTX_Conf_CM.o (atexit)
c:/gcc4mbed-master/gcc4mbed-master/gcc-arm-none-eabi/bin/../lib/gcc/arm-none-eabi/5.2.1/../../../../arm-none-eabi/lib/armv6-m\libc_nano.a(lib_a-calloc.o)
                              ./.build/SARA_NBIOT_EVK/GCC_ARM/mbed-os/features/mbedtls/src/asn1write.o (calloc)
c:/gcc4mbed-master/gcc4mbed-master/gcc-arm-none-eabi/bin/../lib/gcc/arm-none-eabi/5.2.1/../../../../arm-none-eabi/lib/armv6-m\libc_nano.a(lib_a-cxa_atexit.o)
                              c:/gcc4mbed-master/gcc4mbed-master/gcc-arm-none-eabi/bin/../lib/gcc/arm-none-eabi/5.2.1/../../../../arm-none-eabi/lib/armv6-m\libstdc++_nano.a(atexit_arm.o) (__cxa_atexit)
c:/gcc4mbed-master/gcc4mbed-master/gcc-arm-none-eabi/bin/../lib/gcc/arm-none-eabi/5.2.1/../../../../arm-none-eabi/lib/armv6-m\libc_nano.a(lib_a-errno.o)
                              ./.build/SARA_NBIOT_EVK/GCC_ARM/mbed-os/hal/common/retarget.o (__errno)
c:/gcc4mbed-master/gcc4mbed-master/gcc-arm-none-eabi/bin/../lib/gcc/arm-none-eabi/5.2.1/../../../../arm-none-eabi/lib/armv6-m\libc_nano.a(lib_a-exit.o)
                              c:/gcc4mbed-master/gcc4mbed-master/gcc-arm-none-eabi/bin/../lib/gcc/arm-none-eabi/5.2.1/../../../../arm-none-eabi/lib/armv6-m/crt0.o (exit)
c:/gcc4mbed-master/gcc4mbed-master/gcc-arm-none-eabi/bin/../lib/gcc/arm-none-eabi/5.2.1/../../../../arm-none-eabi/lib/armv6-m\libc_nano.a(lib_a-fclose.o)
                              ./.build/SARA_NBIOT_EVK/GCC_ARM/mbed-os/hal/common/Stream.o (fclose)
c:/gcc4mbed-master/gcc4mbed-master/gcc-arm-none-eabi/bin/../lib/gcc/arm-none-eabi/5.2.1/../../../../arm-none-eabi/lib/armv6-m\libc_nano.a(lib_a-fflush.o)
                              c:/gcc4mbed-master/gcc4mbed-master/gcc-arm-none-eabi/bin/../lib/gcc/arm-none-eabi/5.2.1/../../../../arm-none-eabi/lib/armv6-m\libc_nano.a(lib_a-fclose.o) (__sflush_r)
c:/gcc4mbed-master/gcc4mbed-master/gcc-arm-none-eabi/bin/../lib/gcc/arm-none-eabi/5.2.1/../../../../arm-none-eabi/lib/armv6-m\libc_nano.a(lib_a-fgetc.o)
                              ./.build/SARA_NBIOT_EVK/GCC_ARM/mbed-os/hal/common/retarget.o (fgetc)
c:/gcc4mbed-master/gcc4mbed-master/gcc-arm-none-eabi/bin/../lib/gcc/arm-none-eabi/5.2.1/../../../../arm-none-eabi/lib/armv6-m\libc_nano.a(lib_a-fgets.o)
                              ./.build/SARA_NBIOT_EVK/GCC_ARM/mbed-os/hal/common/retarget.o (fgets)
c:/gcc4mbed-master/gcc4mbed-master/gcc-arm-none-eabi/bin/../lib/gcc/arm-none-eabi/5.2.1/../../../../arm-none-eabi/lib/armv6-m\libc_nano.a(lib_a-findfp.o)
                              c:/gcc4mbed-master/gcc4mbed-master/gcc-arm-none-eabi/bin/../lib/gcc/arm-none-eabi/5.2.1/../../../../arm-none-eabi/lib/armv6-m\libc_nano.a(lib_a-fclose.o) (__sinit)
c:/gcc4mbed-master/gcc4mbed-master/gcc-arm-none-eabi/bin/../lib/gcc/arm-none-eabi/5.2.1/../../../../arm-none-eabi/lib/armv6-m\libc_nano.a(lib_a-fini.o)
                              ./.build/SARA_NBIOT_EVK/GCC_ARM/mbed-os/rtos/rtx/TARGET_CORTEX_M/RTX_Conf_CM.o (__libc_fini_array)
c:/gcc4mbed-master/gcc4mbed-master/gcc-arm-none-eabi/bin/../lib/gcc/arm-none-eabi/5.2.1/../../../../arm-none-eabi/lib/armv6-m\libc_nano.a(lib_a-fopen.o)
                              ./.build/SARA_NBIOT_EVK/GCC_ARM/mbed-os/hal/common/Stream.o (fopen)
c:/gcc4mbed-master/gcc4mbed-master/gcc-arm-none-eabi/bin/../lib/gcc/arm-none-eabi/5.2.1/../../../../arm-none-eabi/lib/armv6-m\libc_nano.a(lib_a-fputc.o)
                              ./.build/SARA_NBIOT_EVK/GCC_ARM/mbed-os/hal/common/Stream.o (fputc)
[...]
Memory Configuration

Name             Origin             Length             Attributes
VECTORS          0x00000000         0x000000c0
FLASH_PROGRAM    0x000000c0         0x0000ff40
SRAM             0x01000000         0x00003f00
IPC_MAILBOX      0x01003f00         0x00000100
*default*        0x00000000         0xffffffff

Linker script and memory map

LOAD c:/gcc4mbed-master/gcc4mbed-master/gcc-arm-none-eabi/bin/../lib/gcc/arm-none-eabi/5.2.1/armv6-m/crti.o
LOAD c:/gcc4mbed-master/gcc4mbed-master/gcc-arm-none-eabi/bin/../lib/gcc/arm-none-eabi/5.2.1/armv6-m/crtbegin.o
LOAD c:/gcc4mbed-master/gcc4mbed-master/gcc-arm-none-eabi/bin/../lib/gcc/arm-none-eabi/5.2.1/../../../../arm-none-eabi/lib/armv6-m/crt0.o
LOAD ./.build/SARA_NBIOT_EVK/GCC_ARM/mbed-client-c/source/libCoap/src/sn_coap_header_check.o
LOAD ./.build/SARA_NBIOT_EVK/GCC_ARM/mbed-client-c/source/libCoap/src/sn_coap_builder.o
LOAD ./.build/SARA_NBIOT_EVK/GCC_ARM/./blinky.o
LOAD ./.build/SARA_NBIOT_EVK/GCC_ARM/mbed-client-c/source/libCoap/src/sn_coap_parser.o
LOAD ./.build/SARA_NBIOT_EVK/GCC_ARM/mbed-client-c/source/libCoap/src/sn_coap_protocol.o
LOAD ./.build/SARA_NBIOT_EVK/GCC_ARM/mbed-client-c/source/libNsdl/src/sn_grs.o
LOAD ./.build/SARA_NBIOT_EVK/GCC_ARM/mbed-os/features/frameworks/unity/source/unity.o
LOAD ./.build/SARA_NBIOT_EVK/GCC_ARM/mbed-os/features/frameworks/greentea-client/source/test_env.o
LOAD ./.build/SARA_NBIOT_EVK/GCC_ARM/mbed-client-c/source/libNsdl/src/sn_nsdl.o
LOAD ./.build/SARA_NBIOT_EVK/GCC_ARM/mbed-os/features/frameworks/utest/mbed-utest-shim.o
LOAD ./.build/SARA_NBIOT_EVK/GCC_ARM/mbed-os/features/frameworks/utest/source/utest_case.o
LOAD ./.build/SARA_NBIOT_EVK/GCC_ARM/mbed-os/features/frameworks/utest/source/utest_default_handlers.o
LOAD ./.build/SARA_NBIOT_EVK/GCC_ARM/mbed-os/features/frameworks/utest/source/unity_handler.o
LOAD ./.build/SARA_NBIOT_EVK/GCC_ARM/mbed-os/features/frameworks/utest/source/utest_greentea_handlers.o
LOAD ./.build/SARA_NBIOT_EVK/GCC_ARM/mbed-os/features/frameworks/utest/source/utest_serial.o
LOAD ./.build/SARA_NBIOT_EVK/GCC_ARM/mbed-os/features/frameworks/utest/source/utest_shim.o
LOAD ./.build/SARA_NBIOT_EVK/GCC_ARM/mbed-os/features/frameworks/utest/source/utest_stack_trace.o
LOAD ./.build/SARA_NBIOT_EVK/GCC_ARM/mbed-os/features/frameworks/utest/source/utest_harness.o
LOAD ./.build/SARA_NBIOT_EVK/GCC_ARM/mbed-os/features/mbedtls/src/aesni.o
LOAD ./.build/SARA_NBIOT_EVK/GCC_ARM/mbed-os/features/mbedtls/src/aes.o
LOAD ./.build/SARA_NBIOT_EVK/GCC_ARM/mbed-os/features/mbedtls/src/arc4.o
LOAD ./.build/SARA_NBIOT_EVK/GCC_ARM/mbed-os/features/mbedtls/src/asn1write.o
LOAD ./.build/SARA_NBIOT_EVK/GCC_ARM/mbed-os/features/mbedtls/src/asn1parse.o
LOAD ./.build/SARA_NBIOT_EVK/GCC_ARM/mbed-os/features/mbedtls/src/base64.o
LOAD ./.build/SARA_NBIOT_EVK/GCC_ARM/mbed-os/features/frameworks/utest/source/utest_types.o
LOAD ./.build/SARA_NBIOT_EVK/GCC_ARM/mbed-os/features/mbedtls/src/camellia.o
LOAD ./.build/SARA_NBIOT_EVK/GCC_ARM/mbed-os/features/mbedtls/src/bignum.o
LOAD ./.build/SARA_NBIOT_EVK/GCC_ARM/mbed-os/features/mbedtls/src/blowfish.o
LOAD ./.build/SARA_NBIOT_EVK/GCC_ARM/mbed-os/features/mbedtls/src/certs.o
LOAD ./.build/SARA_NBIOT_EVK/GCC_ARM/mbed-os/features/mbedtls/src/ccm.o
LOAD ./.build/SARA_NBIOT_EVK/GCC_ARM/mbed-os/features/mbedtls/src/cipher.o
LOAD ./.build/SARA_NBIOT_EVK/GCC_ARM/mbed-os/features/mbedtls/src/ctr_drbg.o
LOAD ./.build/SARA_NBIOT_EVK/GCC_ARM/mbed-os/features/mbedtls/src/debug.o
LOAD ./.build/SARA_NBIOT_EVK/GCC_ARM/mbed-os/features/mbedtls/src/cipher_wrap.o
LOAD ./.build/SARA_NBIOT_EVK/GCC_ARM/mbed-os/features/mbedtls/src/des.o
LOAD ./.build/SARA_NBIOT_EVK/GCC_ARM/mbed-os/features/mbedtls/src/dhm.o
LOAD ./.build/SARA_NBIOT_EVK/GCC_ARM/mbed-os/features/mbedtls/src/ecdh.o
LOAD ./.build/SARA_NBIOT_EVK/GCC_ARM/mbed-os/features/mbedtls/src/ecdsa.o
LOAD ./.build/SARA_NBIOT_EVK/GCC_ARM/mbed-os/features/mbedtls/src/ecjpake.o
LOAD ./.build/SARA_NBIOT_EVK/GCC_ARM/mbed-os/features/mbedtls/src/entropy.o
LOAD ./.build/SARA_NBIOT_EVK/GCC_ARM/mbed-os/features/mbedtls/src/ecp_curves.o
LOAD ./.build/SARA_NBIOT_EVK/GCC_ARM/mbed-os/features/mbedtls/src/entropy_poll.o
LOAD ./.build/SARA_NBIOT_EVK/GCC_ARM/mbed-os/features/mbedtls/src/ecp.o
LOAD ./.build/SARA_NBIOT_EVK/GCC_ARM/mbed-os/features/mbedtls/src/error.o
LOAD ./.build/SARA_NBIOT_EVK/GCC_ARM/mbed-os/features/mbedtls/src/havege.o
LOAD ./.build/SARA_NBIOT_EVK/GCC_ARM/mbed-os/features/mbedtls/src/hmac_drbg.o
LOAD ./.build/SARA_NBIOT_EVK/GCC_ARM/mbed-os/features/mbedtls/src/gcm.o
LOAD ./.build/SARA_NBIOT_EVK/GCC_ARM/mbed-os/features/mbedtls/src/md4.o
LOAD ./.build/SARA_NBIOT_EVK/GCC_ARM/mbed-os/features/mbedtls/src/md.o
LOAD ./.build/SARA_NBIOT_EVK/GCC_ARM/mbed-os/features/mbedtls/src/md5.o
LOAD ./.build/SARA_NBIOT_EVK/GCC_ARM/mbed-os/features/mbedtls/src/md2.o
LOAD ./.build/SARA_NBIOT_EVK/GCC_ARM/mbed-os/features/mbedtls/src/memory_buffer_alloc.o
LOAD ./.build/SARA_NBIOT_EVK/GCC_ARM/mbed-os/features/mbedtls/src/md_wrap.o
LOAD ./.build/SARA_NBIOT_EVK/GCC_ARM/mbed-os/features/mbedtls/src/net.o
LOAD ./.build/SARA_NBIOT_EVK/GCC_ARM/mbed-os/features/mbedtls/src/padlock.o
LOAD ./.build/SARA_NBIOT_EVK/GCC_ARM/mbed-os/features/mbedtls/src/pk.o
LOAD ./.build/SARA_NBIOT_EVK/GCC_ARM/mbed-os/features/mbedtls/src/oid.o
LOAD ./.build/SARA_NBIOT_EVK/GCC_ARM/mbed-os/features/mbedtls/src/pem.o
LOAD ./.build/SARA_NBIOT_EVK/GCC_ARM/mbed-os/features/mbedtls/src/pkcs11.o
LOAD ./.build/SARA_NBIOT_EVK/GCC_ARM/mbed-os/features/mbedtls/src/pk_wrap.o
LOAD ./.build/SARA_NBIOT_EVK/GCC_ARM/mbed-os/features/mbedtls/src/pkcs12.o
LOAD ./.build/SARA_NBIOT_EVK/GCC_ARM/mbed-os/features/mbedtls/src/pkcs5.o
LOAD ./.build/SARA_NBIOT_EVK/GCC_ARM/mbed-os/features/mbedtls/src/pkparse.o
LOAD ./.build/SARA_NBIOT_EVK/GCC_ARM/mbed-os/features/mbedtls/src/ripemd160.o
LOAD ./.build/SARA_NBIOT_EVK/GCC_ARM/mbed-os/features/mbedtls/src/platform.o
LOAD ./.build/SARA_NBIOT_EVK/GCC_ARM/mbed-os/features/mbedtls/src/pkwrite.o
LOAD ./.build/SARA_NBIOT_EVK/GCC_ARM/mbed-os/features/mbedtls/src/sha1.o
LOAD ./.build/SARA_NBIOT_EVK/GCC_ARM/mbed-os/features/mbedtls/src/rsa.o
LOAD ./.build/SARA_NBIOT_EVK/GCC_ARM/mbed-os/features/mbedtls/src/sha256.o
LOAD ./.build/SARA_NBIOT_EVK/GCC_ARM/mbed-os/features/mbedtls/src/sha512.o
LOAD ./.build/SARA_NBIOT_EVK/GCC_ARM/mbed-os/features/mbedtls/src/ssl_cache.o
LOAD ./.build/SARA_NBIOT_EVK/GCC_ARM/mbed-os/features/mbedtls/src/ssl_ciphersuites.o
LOAD ./.build/SARA_NBIOT_EVK/GCC_ARM/mbed-os/features/mbedtls/src/ssl_ticket.o
LOAD ./.build/SARA_NBIOT_EVK/GCC_ARM/mbed-os/features/mbedtls/src/ssl_cookie.o
LOAD ./.build/SARA_NBIOT_EVK/GCC_ARM/mbed-os/features/mbedtls/src/ssl_cli.o
LOAD ./.build/SARA_NBIOT_EVK/GCC_ARM/mbed-os/features/mbedtls/src/ssl_srv.o
LOAD ./.build/SARA_NBIOT_EVK/GCC_ARM/mbed-os/features/mbedtls/src/timing.o
LOAD ./.build/SARA_NBIOT_EVK/GCC_ARM/mbed-os/features/mbedtls/src/version.o
LOAD ./.build/SARA_NBIOT_EVK/GCC_ARM/mbed-os/features/mbedtls/src/threading.o
LOAD ./.build/SARA_NBIOT_EVK/GCC_ARM/mbed-os/features/mbedtls/src/ssl_tls.o
LOAD ./.build/SARA_NBIOT_EVK/GCC_ARM/mbed-os/features/mbedtls/src/version_features.o
LOAD ./.build/SARA_NBIOT_EVK/GCC_ARM/mbed-os/features/mbedtls/src/x509_create.o
LOAD ./.build/SARA_NBIOT_EVK/GCC_ARM/mbed-os/features/mbedtls/src/x509.o
LOAD ./.build/SARA_NBIOT_EVK/GCC_ARM/mbed-os/features/mbedtls/src/x509_crl.o
LOAD ./.build/SARA_NBIOT_EVK/GCC_ARM/mbed-os/features/mbedtls/src/x509_crt.o
LOAD ./.build/SARA_NBIOT_EVK/GCC_ARM/mbed-os/features/mbedtls/src/x509_csr.o
LOAD ./.build/SARA_NBIOT_EVK/GCC_ARM/mbed-os/features/mbedtls/src/x509write_csr.o
LOAD ./.build/SARA_NBIOT_EVK/GCC_ARM/mbed-os/features/mbedtls/src/x509write_crt.o
LOAD ./.build/SARA_NBIOT_EVK/GCC_ARM/mbed-os/features/mbedtls/src/xtea.o
LOAD ./.build/SARA_NBIOT_EVK/GCC_ARM/mbed-os/features/net/network-socket/DnsQuery/DnsQuery.o
LOAD ./.build/SARA_NBIOT_EVK/GCC_ARM/mbed-os/features/net/network-socket/NetworkStack.o
LOAD ./.build/SARA_NBIOT_EVK/GCC_ARM/mbed-os/features/net/network-socket/Socket.o
LOAD ./.build/SARA_NBIOT_EVK/GCC_ARM/mbed-os/features/net/network-socket/SocketAddress.o
LOAD ./.build/SARA_NBIOT_EVK/GCC_ARM/mbed-os/features/net/network-socket/TCPSocket.o
LOAD ./.build/SARA_NBIOT_EVK/GCC_ARM/mbed-os/features/net/network-socket/UDPSocket.o
LOAD ./.build/SARA_NBIOT_EVK/GCC_ARM/mbed-os/features/net/network-socket/TCPServer.o
LOAD ./.build/SARA_NBIOT_EVK/GCC_ARM/mbed-os/hal/common/AnalogIn.o
LOAD ./.build/SARA_NBIOT_EVK/GCC_ARM/mbed-os/hal/common/BusIn.o
LOAD ./.build/SARA_NBIOT_EVK/GCC_ARM/mbed-os/hal/common/BusInOut.o
LOAD ./.build/SARA_NBIOT_EVK/GCC_ARM/mbed-os/hal/common/CAN.o
LOAD ./.build/SARA_NBIOT_EVK/GCC_ARM/mbed-os/hal/common/BusOut.o
LOAD ./.build/SARA_NBIOT_EVK/GCC_ARM/mbed-os/hal/common/Ethernet.o
LOAD ./.build/SARA_NBIOT_EVK/GCC_ARM/mbed-os/hal/common/CallChain.o
LOAD ./.build/SARA_NBIOT_EVK/GCC_ARM/mbed-os/hal/common/FileBase.o
LOAD ./.build/SARA_NBIOT_EVK/GCC_ARM/mbed-os/hal/common/FileLike.o
LOAD ./.build/SARA_NBIOT_EVK/GCC_ARM/mbed-os/hal/common/FilePath.o
LOAD ./.build/SARA_NBIOT_EVK/GCC_ARM/mbed-os/hal/common/FileSystemLike.o
LOAD ./.build/SARA_NBIOT_EVK/GCC_ARM/mbed-os/hal/common/I2C.o
LOAD ./.build/SARA_NBIOT_EVK/GCC_ARM/mbed-os/hal/common/InterruptManager.o
LOAD ./.build/SARA_NBIOT_EVK/GCC_ARM/mbed-os/hal/common/InterruptIn.o
LOAD ./.build/SARA_NBIOT_EVK/GCC_ARM/mbed-os/hal/common/I2CSlave.o
LOAD ./.build/SARA_NBIOT_EVK/GCC_ARM/mbed-os/hal/common/LocalFileSystem.o
LOAD ./.build/SARA_NBIOT_EVK/GCC_ARM/mbed-os/hal/common/RawSerial.o
LOAD ./.build/SARA_NBIOT_EVK/GCC_ARM/mbed-os/hal/common/SPI.o
LOAD ./.build/SARA_NBIOT_EVK/GCC_ARM/mbed-os/hal/common/Serial.o
LOAD ./.build/SARA_NBIOT_EVK/GCC_ARM/mbed-os/hal/common/SPISlave.o
LOAD ./.build/SARA_NBIOT_EVK/GCC_ARM/mbed-os/hal/common/Stream.o
LOAD ./.build/SARA_NBIOT_EVK/GCC_ARM/mbed-os/hal/common/SerialBase.o
LOAD ./.build/SARA_NBIOT_EVK/GCC_ARM/mbed-os/hal/common/Ticker.o
LOAD ./.build/SARA_NBIOT_EVK/GCC_ARM/mbed-os/hal/common/Timeout.o
LOAD ./.build/SARA_NBIOT_EVK/GCC_ARM/mbed-os/hal/common/TimerEvent.o
LOAD ./.build/SARA_NBIOT_EVK/GCC_ARM/mbed-os/hal/common/Timer.o
LOAD ./.build/SARA_NBIOT_EVK/GCC_ARM/mbed-os/hal/common/mbed_assert.o
LOAD ./.build/SARA_NBIOT_EVK/GCC_ARM/mbed-os/hal/common/mbed_board.o
LOAD ./.build/SARA_NBIOT_EVK/GCC_ARM/mbed-os/hal/common/mbed_critical.o
LOAD ./.build/SARA_NBIOT_EVK/GCC_ARM/mbed-os/hal/common/mbed_gpio.o
LOAD ./.build/SARA_NBIOT_EVK/GCC_ARM/mbed-os/hal/common/mbed_error.o
LOAD ./.build/SARA_NBIOT_EVK/GCC_ARM/mbed-os/hal/common/mbed_interface.o
LOAD ./.build/SARA_NBIOT_EVK/GCC_ARM/mbed-os/hal/common/mbed_lp_ticker_api.o
LOAD ./.build/SARA_NBIOT_EVK/GCC_ARM/mbed-os/hal/common/mbed_pinmap_common.o
LOAD ./.build/SARA_NBIOT_EVK/GCC_ARM/mbed-os/hal/common/mbed_rtc_time.o
LOAD ./.build/SARA_NBIOT_EVK/GCC_ARM/mbed-os/hal/common/mbed_us_ticker_api.o
LOAD ./.build/SARA_NBIOT_EVK/GCC_ARM/mbed-os/hal/common/mbed_semihost_api.o
LOAD ./.build/SARA_NBIOT_EVK/GCC_ARM/mbed-os/hal/common/mbed_ticker_api.o
LOAD ./.build/SARA_NBIOT_EVK/GCC_ARM/mbed-os/hal/common/mbed_wait_api_no_rtos.o
LOAD ./.build/SARA_NBIOT_EVK/GCC_ARM/mbed-os/hal/targets/cmsis/TARGET_ublox/TARGET_HI2110/TOOLCHAIN_GCC_ARM/startup_HI2110.o
LOAD ./.build/SARA_NBIOT_EVK/GCC_ARM/mbed-os/hal/common/retarget.o
LOAD ./.build/SARA_NBIOT_EVK/GCC_ARM/mbed-os/hal/targets/cmsis/TARGET_ublox/TARGET_HI2110/cmsis_nvic.o
LOAD ./.build/SARA_NBIOT_EVK/GCC_ARM/mbed-os/hal/common/mbed_wait_api_rtos.o
LOAD ./.build/SARA_NBIOT_EVK/GCC_ARM/mbed-os/hal/targets/hal/TARGET_ublox/TARGET_HI2110/HI2110_init.o
LOAD ./.build/SARA_NBIOT_EVK/GCC_ARM/mbed-os/hal/targets/cmsis/TARGET_ublox/TARGET_HI2110/system_HI2110.o
LOAD ./.build/SARA_NBIOT_EVK/GCC_ARM/mbed-os/hal/targets/hal/TARGET_ublox/TARGET_HI2110/gpio_api.o
LOAD ./.build/SARA_NBIOT_EVK/GCC_ARM/mbed-os/hal/targets/hal/TARGET_ublox/TARGET_HI2110/gpio_irq_api.o
LOAD ./.build/SARA_NBIOT_EVK/GCC_ARM/mbed-os/hal/targets/hal/TARGET_ublox/TARGET_HI2110/mbed_overrides.o
LOAD ./.build/SARA_NBIOT_EVK/GCC_ARM/mbed-os/hal/targets/hal/TARGET_ublox/TARGET_HI2110/lp_ticker.o
LOAD ./.build/SARA_NBIOT_EVK/GCC_ARM/mbed-os/hal/targets/hal/TARGET_ublox/TARGET_HI2110/pinmap.o
LOAD ./.build/SARA_NBIOT_EVK/GCC_ARM/mbed-os/hal/targets/hal/TARGET_ublox/TARGET_HI2110/serial_api.o
LOAD ./.build/SARA_NBIOT_EVK/GCC_ARM/mbed-os/hal/targets/hal/TARGET_ublox/TARGET_HI2110/port_api.o
LOAD ./.build/SARA_NBIOT_EVK/GCC_ARM/mbed-os/hal/targets/hal/TARGET_ublox/TARGET_HI2110/sleep.o
LOAD ./.build/SARA_NBIOT_EVK/GCC_ARM/mbed-os/rtos/rtos/Mutex.o
LOAD ./.build/SARA_NBIOT_EVK/GCC_ARM/mbed-os/hal/targets/hal/TARGET_ublox/TARGET_HI2110/us_ticker.o
LOAD ./.build/SARA_NBIOT_EVK/GCC_ARM/mbed-os/rtos/rtos/Semaphore.o
LOAD ./.build/SARA_NBIOT_EVK/GCC_ARM/mbed-os/rtos/rtos/RtosTimer.o
LOAD ./.build/SARA_NBIOT_EVK/GCC_ARM/mbed-os/rtos/rtos/rtos_idle.o
LOAD ./.build/SARA_NBIOT_EVK/GCC_ARM/mbed-os/rtos/rtos/Thread.o
LOAD ./.build/SARA_NBIOT_EVK/GCC_ARM/mbed-os/rtos/rtx/TARGET_CORTEX_M/HAL_CM.o
LOAD ./.build/SARA_NBIOT_EVK/GCC_ARM/mbed-os/rtos/rtx/TARGET_CORTEX_M/TARGET_M0/TOOLCHAIN_GCC/HAL_CM0.o
LOAD ./.build/SARA_NBIOT_EVK/GCC_ARM/mbed-os/rtos/rtx/TARGET_CORTEX_M/RTX_Conf_CM.o
LOAD ./.build/SARA_NBIOT_EVK/GCC_ARM/mbed-os/rtos/rtx/TARGET_CORTEX_M/TARGET_M0/TOOLCHAIN_GCC/SVC_Table.o
LOAD ./.build/SARA_NBIOT_EVK/GCC_ARM/mbed-os/rtos/rtx/TARGET_CORTEX_M/rt_Event.o
LOAD ./.build/SARA_NBIOT_EVK/GCC_ARM/mbed-os/rtos/rtx/TARGET_CORTEX_M/rt_Mailbox.o
LOAD ./.build/SARA_NBIOT_EVK/GCC_ARM/mbed-os/rtos/rtx/TARGET_CORTEX_M/rt_List.o
LOAD ./.build/SARA_NBIOT_EVK/GCC_ARM/mbed-os/rtos/rtx/TARGET_CORTEX_M/rt_CMSIS.o
LOAD ./.build/SARA_NBIOT_EVK/GCC_ARM/mbed-os/rtos/rtx/TARGET_CORTEX_M/rt_MemBox.o
LOAD ./.build/SARA_NBIOT_EVK/GCC_ARM/mbed-os/rtos/rtx/TARGET_CORTEX_M/rt_Mutex.o
LOAD ./.build/SARA_NBIOT_EVK/GCC_ARM/mbed-os/rtos/rtx/TARGET_CORTEX_M/rt_Memory.o
LOAD ./.build/SARA_NBIOT_EVK/GCC_ARM/mbed-os/rtos/rtx/TARGET_CORTEX_M/rt_OsEventObserver.o
LOAD ./.build/SARA_NBIOT_EVK/GCC_ARM/mbed-os/rtos/rtx/TARGET_CORTEX_M/rt_Semaphore.o
LOAD ./.build/SARA_NBIOT_EVK/GCC_ARM/mbed-os/rtos/rtx/TARGET_CORTEX_M/rt_Robin.o
LOAD ./.build/SARA_NBIOT_EVK/GCC_ARM/mbed-os/rtos/rtx/TARGET_CORTEX_M/rt_System.o
LOAD ./.build/SARA_NBIOT_EVK/GCC_ARM/mbed-os/rtos/rtx/TARGET_CORTEX_M/rt_Task.o
LOAD ./.build/SARA_NBIOT_EVK/GCC_ARM/mbed-os/rtos/rtx/TARGET_CORTEX_M/rt_Time.o
LOAD ./.build/SARA_NBIOT_EVK/GCC_ARM/mbed-os/rtos/rtx/TARGET_CORTEX_M/rt_Timer.o
LOAD ./.build/SARA_NBIOT_EVK/GCC_ARM/nanostack-libservice/source/IPv6_fcf_lib/ip_fsc.o
LOAD ./.build/SARA_NBIOT_EVK/GCC_ARM/mbed-trace/source/mbed_trace.o
LOAD ./.build/SARA_NBIOT_EVK/GCC_ARM/nanostack-libservice/source/libList/ns_list.o
LOAD ./.build/SARA_NBIOT_EVK/GCC_ARM/./modem_driver.o
LOAD ./.build/SARA_NBIOT_EVK/GCC_ARM/nanostack-libservice/source/libBits/common_functions.o
LOAD ./.build/SARA_NBIOT_EVK/GCC_ARM/nanostack-libservice/source/libTrace/ns_trace.o
LOAD ./.build/SARA_NBIOT_EVK/GCC_ARM/nanostack-libservice/source/libip6string/ip6tos.o
LOAD ./.build/SARA_NBIOT_EVK/GCC_ARM/nanostack-libservice/source/nvmHelper/ns_nvm_helper.o
LOAD ./.build/SARA_NBIOT_EVK/GCC_ARM/nanostack-libservice/source/libip6string/stoip6.o
LOAD ./.build/SARA_NBIOT_EVK/GCC_ARM/nanostack-libservice/source/nsdynmemLIB/nsdynmemLIB.o
LOAD ./.build/SARA_NBIOT_EVK/GCC_ARM/./utilities.o
LOAD ./.build/SARA_NBIOT_EVK/GCC_ARM/./serial_driver.o
START GROUP
LOAD c:/gcc4mbed-master/gcc4mbed-master/gcc-arm-none-eabi/bin/../lib/gcc/arm-none-eabi/5.2.1/../../../../arm-none-eabi/lib/armv6-m\libstdc++_nano.a
LOAD c:/gcc4mbed-master/gcc4mbed-master/gcc-arm-none-eabi/bin/../lib/gcc/arm-none-eabi/5.2.1/../../../../arm-none-eabi/lib/armv6-m\libsupc++_nano.a
LOAD c:/gcc4mbed-master/gcc4mbed-master/gcc-arm-none-eabi/bin/../lib/gcc/arm-none-eabi/5.2.1/../../../../arm-none-eabi/lib/armv6-m\libm.a
LOAD c:/gcc4mbed-master/gcc4mbed-master/gcc-arm-none-eabi/bin/../lib/gcc/arm-none-eabi/5.2.1/../../../../arm-none-eabi/lib/armv6-m\libc_nano.a
LOAD c:/gcc4mbed-master/gcc4mbed-master/gcc-arm-none-eabi/bin/../lib/gcc/arm-none-eabi/5.2.1/armv6-m\libgcc.a
LOAD c:/gcc4mbed-master/gcc4mbed-master/gcc-arm-none-eabi/bin/../lib/gcc/arm-none-eabi/5.2.1/../../../../arm-none-eabi/lib/armv6-m\libnosys.a
END GROUP
LOAD c:/gcc4mbed-master/gcc4mbed-master/gcc-arm-none-eabi/bin/../lib/gcc/arm-none-eabi/5.2.1/../../../../arm-none-eabi/lib/armv6-m\libstdc++_nano.a
LOAD c:/gcc4mbed-master/gcc4mbed-master/gcc-arm-none-eabi/bin/../lib/gcc/arm-none-eabi/5.2.1/../../../../arm-none-eabi/lib/armv6-m\libsupc++_nano.a
LOAD c:/gcc4mbed-master/gcc4mbed-master/gcc-arm-none-eabi/bin/../lib/gcc/arm-none-eabi/5.2.1/../../../../arm-none-eabi/lib/armv6-m\libm.a
LOAD c:/gcc4mbed-master/gcc4mbed-master/gcc-arm-none-eabi/bin/../lib/gcc/arm-none-eabi/5.2.1/../../../../arm-none-eabi/lib/armv6-m\libc_nano.a
LOAD c:/gcc4mbed-master/gcc4mbed-master/gcc-arm-none-eabi/bin/../lib/gcc/arm-none-eabi/5.2.1/armv6-m\libgcc.a
LOAD c:/gcc4mbed-master/gcc4mbed-master/gcc-arm-none-eabi/bin/../lib/gcc/arm-none-eabi/5.2.1/../../../../arm-none-eabi/lib/armv6-m\libnosys.a
START GROUP
LOAD c:/gcc4mbed-master/gcc4mbed-master/gcc-arm-none-eabi/bin/../lib/gcc/arm-none-eabi/5.2.1/armv6-m\libgcc.a
LOAD c:/gcc4mbed-master/gcc4mbed-master/gcc-arm-none-eabi/bin/../lib/gcc/arm-none-eabi/5.2.1/../../../../arm-none-eabi/lib/armv6-m\libc_nano.a
END GROUP
START GROUP
LOAD c:/gcc4mbed-master/gcc4mbed-master/gcc-arm-none-eabi/bin/../lib/gcc/arm-none-eabi/5.2.1/armv6-m\libgcc.a
LOAD c:/gcc4mbed-master/gcc4mbed-master/gcc-arm-none-eabi/bin/../lib/gcc/arm-none-eabi/5.2.1/../../../../arm-none-eabi/lib/armv6-m\libc_nano.a
END GROUP
LOAD c:/gcc4mbed-master/gcc4mbed-master/gcc-arm-none-eabi/bin/../lib/gcc/arm-none-eabi/5.2.1/armv6-m/crtend.o
LOAD c:/gcc4mbed-master/gcc4mbed-master/gcc-arm-none-eabi/bin/../lib/gcc/arm-none-eabi/5.2.1/armv6-m/crtn.o
                0x00000000                . = 0x0

startup         0x00000000       0x88
 *(.isr_vector)
 .isr_vector    0x00000000       0x88 ./.build/SARA_NBIOT_EVK/GCC_ARM/mbed-os/hal/targets/cmsis/TARGET_ublox/TARGET_HI2110/TOOLCHAIN_GCC_ARM/startup_HI2110.o
                0x00000000                g_pfnVectors

.text           0x000000c0     0xd7c0
                0x000000c0                . = ALIGN (0x4)
 *(.text)
 .text          0x000000c0       0xb4 c:/gcc4mbed-master/gcc4mbed-master/gcc-arm-none-eabi/bin/../lib/gcc/arm-none-eabi/5.2.1/armv6-m/crtbegin.o
 .text          0x00000174       0x78 c:/gcc4mbed-master/gcc4mbed-master/gcc-arm-none-eabi/bin/../lib/gcc/arm-none-eabi/5.2.1/../../../../arm-none-eabi/lib/armv6-m/crt0.o
                0x00000174                _start
                0x00000174                _mainCRTStartup
 .text          0x000001ec      0x154 ./.build/SARA_NBIOT_EVK/GCC_ARM/mbed-os/rtos/rtx/TARGET_CORTEX_M/TARGET_M0/TOOLCHAIN_GCC/HAL_CM0.o
                0x000001ec                rt_set_PSP
                0x000001f2                rt_get_PSP
                0x000001f8                os_set_env
                0x00000216                _alloc_box
                0x00000230                _free_box
                0x0000024a                SVC_Handler
                0x000002d0                PendSV_Handler
                0x000002d4                Sys_Switch
                0x00000318                SysTick_Handler
                0x0000031e                OS_Tick_Handler
 .text          0x00000340       0x14 c:/gcc4mbed-master/gcc4mbed-master/gcc-arm-none-eabi/bin/../lib/gcc/arm-none-eabi/5.2.1/../../../../arm-none-eabi/lib/armv6-m\libc_nano.a(lib_a-strcmp.o)
                0x00000340                strcmp
 .text          0x00000354        0xe c:/gcc4mbed-master/gcc4mbed-master/gcc-arm-none-eabi/bin/../lib/gcc/arm-none-eabi/5.2.1/../../../../arm-none-eabi/lib/armv6-m\libc_nano.a(lib_a-strlen.o)
                0x00000354                strlen
 *fill*         0x00000362        0x2 
 .text          0x00000364      0x114 c:/gcc4mbed-master/gcc4mbed-master/gcc-arm-none-eabi/bin/../lib/gcc/arm-none-eabi/5.2.1/armv6-m\libgcc.a(_udivsi3.o)
                0x00000364                __aeabi_uidiv
                0x00000364                __udivsi3
                0x00000470                __aeabi_uidivmod
 .text          0x00000478      0x1d4 c:/gcc4mbed-master/gcc4mbed-master/gcc-arm-none-eabi/bin/../lib/gcc/arm-none-eabi/5.2.1/armv6-m\libgcc.a(_divsi3.o)
                0x00000478                __divsi3
                0x00000478                __aeabi_idiv
                0x00000644                __aeabi_idivmod
 .text          0x0000064c        0x4 c:/gcc4mbed-master/gcc4mbed-master/gcc-arm-none-eabi/bin/../lib/gcc/arm-none-eabi/5.2.1/armv6-m\libgcc.a(_dvmd_tls.o)
                0x0000064c                __aeabi_idiv0
                0x0000064c                __aeabi_ldiv0
 .text          0x00000650       0x74 c:/gcc4mbed-master/gcc4mbed-master/gcc-arm-none-eabi/bin/../lib/gcc/arm-none-eabi/5.2.1/armv6-m\libgcc.a(_arm_cmpsf2.o)
                0x00000650                __aeabi_cfrcmple
                0x00000658                __aeabi_cfcmpeq
                0x00000658                __aeabi_cfcmple
                0x00000668                __aeabi_fcmpeq
                0x00000674                __aeabi_fcmplt
                0x00000688                __aeabi_fcmple
                0x0000069c                __aeabi_fcmpgt
                0x000006b0                __aeabi_fcmpge
 .text          0x000006c4       0x3c c:/gcc4mbed-master/gcc4mbed-master/gcc-arm-none-eabi/bin/../lib/gcc/arm-none-eabi/5.2.1/armv6-m\libgcc.a(_clzsi2.o)
                0x000006c4                __clzsi2
 .text          0x00000700       0x58 c:/gcc4mbed-master/gcc4mbed-master/gcc-arm-none-eabi/bin/../lib/gcc/arm-none-eabi/5.2.1/armv6-m\libgcc.a(_muldi3.o)
                0x00000700                __muldi3
                0x00000700                __aeabi_lmul
 .text          0x00000758      0x234 c:/gcc4mbed-master/gcc4mbed-master/gcc-arm-none-eabi/bin/../lib/gcc/arm-none-eabi/5.2.1/armv6-m\libgcc.a(divsf3.o)
                0x00000758                __aeabi_fdiv
 .text          0x0000098c       0x50 c:/gcc4mbed-master/gcc4mbed-master/gcc-arm-none-eabi/bin/../lib/gcc/arm-none-eabi/5.2.1/armv6-m\libgcc.a(eqsf2.o)
                0x0000098c                __eqsf2
                0x0000098c                __nesf2
 .text          0x000009dc       0x88 c:/gcc4mbed-master/gcc4mbed-master/gcc-arm-none-eabi/bin/../lib/gcc/arm-none-eabi/5.2.1/armv6-m\libgcc.a(gesf2.o)
                0x000009dc                __gesf2
                0x000009dc                __gtsf2
 .text          0x00000a64       0x88 c:/gcc4mbed-master/gcc4mbed-master/gcc-arm-none-eabi/bin/../lib/gcc/arm-none-eabi/5.2.1/armv6-m\libgcc.a(lesf2.o)
                0x00000a64                __ltsf2
                0x00000a64                __lesf2
 .text          0x00000aec       0x90 c:/gcc4mbed-master/gcc4mbed-master/gcc-arm-none-eabi/bin/../lib/gcc/arm-none-eabi/5.2.1/armv6-m\libgcc.a(floatsisf.o)
                0x00000aec                __aeabi_i2f
 *(.text*)
 .text.sn_coap_header_validity_check
                0x00000b7c       0x84 ./.build/SARA_NBIOT_EVK/GCC_ARM/mbed-client-c/source/libCoap/src/sn_coap_header_check.o
                0x00000b7c                sn_coap_header_validity_check
 .text.sn_coap_builder_2
                0x00000c00       0xac ./.build/SARA_NBIOT_EVK/GCC_ARM/mbed-client-c/source/libCoap/src/sn_coap_builder.o
                0x00000c00                sn_coap_builder_2
 .text.sn_coap_builder_calc_needed_packet_data_size_2
                0x00000cac      0x5b0 ./.build/SARA_NBIOT_EVK/GCC_ARM/mbed-client-c/source/libCoap/src/sn_coap_builder.o
                0x00000cac                sn_coap_builder_calc_needed_packet_data_size_2
 .text.sn_coap_builder_options_calculate_jump_need
                0x0000125c      0x34c ./.build/SARA_NBIOT_EVK/GCC_ARM/mbed-client-c/source/libCoap/src/sn_coap_builder.o
 .text.sn_coap_builder_header_build
                0x000015a8       0xac ./.build/SARA_NBIOT_EVK/GCC_ARM/mbed-client-c/source/libCoap/src/sn_coap_builder.o
 .text.sn_coap_builder_options_build
                0x00001654      0x28c ./.build/SARA_NBIOT_EVK/GCC_ARM/mbed-client-c/source/libCoap/src/sn_coap_builder.o
 .text.sn_coap_builder_options_build_add_one_option
                0x000018e0      0x21c ./.build/SARA_NBIOT_EVK/GCC_ARM/mbed-client-c/source/libCoap/src/sn_coap_builder.o
 .text.sn_coap_builder_options_build_add_zero_length_option
                0x00001afc      0x154 ./.build/SARA_NBIOT_EVK/GCC_ARM/mbed-client-c/source/libCoap/src/sn_coap_builder.o
 .text.sn_coap_builder_options_build_add_multiple_option
                0x00001c50       0xf0 ./.build/SARA_NBIOT_EVK/GCC_ARM/mbed-client-c/source/libCoap/src/sn_coap_builder.o
 .text.sn_coap_builder_options_calc_option_size
                0x00001d40      0x168 ./.build/SARA_NBIOT_EVK/GCC_ARM/mbed-client-c/source/libCoap/src/sn_coap_builder.o
 .text.sn_coap_builder_options_get_option_part_count
                0x00001ea8       0xa8 ./.build/SARA_NBIOT_EVK/GCC_ARM/mbed-client-c/source/libCoap/src/sn_coap_builder.o
 .text.sn_coap_builder_options_get_option_part_length_from_whole_option_string
                0x00001f50      0x100 ./.build/SARA_NBIOT_EVK/GCC_ARM/mbed-client-c/source/libCoap/src/sn_coap_builder.o
 .text.sn_coap_builder_options_get_option_part_position
                0x00002050      0x11c ./.build/SARA_NBIOT_EVK/GCC_ARM/mbed-client-c/source/libCoap/src/sn_coap_builder.o
 .text.sn_coap_builder_payload_build
                0x0000216c       0x50 ./.build/SARA_NBIOT_EVK/GCC_ARM/mbed-client-c/source/libCoap/src/sn_coap_builder.o
 .text._ZL8myMalloct
                0x000021bc       0x20 ./.build/SARA_NBIOT_EVK/GCC_ARM/./blinky.o
 .text._ZL6myFreePv
                0x000021dc       0x1c ./.build/SARA_NBIOT_EVK/GCC_ARM/./blinky.o
 .text._ZL11tx_callbackPhtP13sn_nsdl_addr_Pv
                0x000021f8       0x18 ./.build/SARA_NBIOT_EVK/GCC_ARM/./blinky.o
 .text._ZL11rx_callbackP12sn_coap_hdr_P13sn_nsdl_addr_Pv
                0x00002210       0x14 ./.build/SARA_NBIOT_EVK/GCC_ARM/./blinky.o
 .text._ZL5modemv
                0x00002224       0xfc ./.build/SARA_NBIOT_EVK/GCC_ARM/./blinky.o
 .text._ZL7msgCoAPht17sn_coap_msg_type_17sn_coap_msg_code_
                0x00002320      0x1b0 ./.build/SARA_NBIOT_EVK/GCC_ARM/./blinky.o
 .text._ZL7msgTestv
                0x000024d0       0x28 ./.build/SARA_NBIOT_EVK/GCC_ARM/./blinky.o
 .text.main     0x000024f8       0x40 ./.build/SARA_NBIOT_EVK/GCC_ARM/./blinky.o
                0x000024f8                main
 .text.sn_coap_protocol_destroy
                0x00002538       0x30 ./.build/SARA_NBIOT_EVK/GCC_ARM/mbed-client-c/source/libCoap/src/sn_coap_protocol.o
                0x00002538                sn_coap_protocol_destroy
 .text.sn_coap_protocol_init
                0x00002568       0xc4 ./.build/SARA_NBIOT_EVK/GCC_ARM/mbed-client-c/source/libCoap/src/sn_coap_protocol.o
                0x00002568                sn_coap_protocol_init
 .text.sn_coap_protocol_clear_retransmission_buffer
                0x0000262c      0x100 ./.build/SARA_NBIOT_EVK/GCC_ARM/mbed-client-c/source/libCoap/src/sn_coap_protocol.o
                0x0000262c                sn_coap_protocol_clear_retransmission_buffer
 .text.sn_coap_protocol_build
                0x0000272c       0xf4 ./.build/SARA_NBIOT_EVK/GCC_ARM/mbed-client-c/source/libCoap/src/sn_coap_protocol.o
                0x0000272c                sn_coap_protocol_build
 .text.sn_coap_protocol_linked_list_send_msg_store
                0x00002820      0x188 ./.build/SARA_NBIOT_EVK/GCC_ARM/mbed-client-c/source/libCoap/src/sn_coap_protocol.o
 .text.sn_coap_protocol_allocate_mem_for_msg
                0x000029a8      0x120 ./.build/SARA_NBIOT_EVK/GCC_ARM/mbed-client-c/source/libCoap/src/sn_coap_protocol.o
 .text.sn_coap_protocol_release_allocated_send_msg_mem
                0x00002ac8       0xc4 ./.build/SARA_NBIOT_EVK/GCC_ARM/mbed-client-c/source/libCoap/src/sn_coap_protocol.o
 .text.sn_coap_count_linked_list_size
                0x00002b8c       0x54 ./.build/SARA_NBIOT_EVK/GCC_ARM/mbed-client-c/source/libCoap/src/sn_coap_protocol.o
 .text._ZN4mbed10SerialBaseD2Ev
                0x00002be0       0x28 ./.build/SARA_NBIOT_EVK/GCC_ARM/mbed-os/features/frameworks/greentea-client/source/test_env.o
                0x00002be0                mbed::SerialBase::~SerialBase()
                0x00002be0                mbed::SerialBase::~SerialBase()
 .text._ZN4mbed10SerialBaseD0Ev
                0x00002c08       0x20 ./.build/SARA_NBIOT_EVK/GCC_ARM/mbed-os/features/frameworks/greentea-client/source/test_env.o
                0x00002c08                mbed::SerialBase::~SerialBase()
 .text._Z14GREENTEA_SETUPiPKc
                0x00002c28       0x78 ./.build/SARA_NBIOT_EVK/GCC_ARM/mbed-os/features/frameworks/greentea-client/source/test_env.o
                0x00002c28                GREENTEA_SETUP(int, char const*)
 .text._Z25GREENTEA_TESTSUITE_RESULTi
                0x00002ca0       0x14 ./.build/SARA_NBIOT_EVK/GCC_ARM/mbed-os/features/frameworks/greentea-client/source/test_env.o
                0x00002ca0                GREENTEA_TESTSUITE_RESULT(int)
 .text._Z23greentea_write_preamblev
                0x00002cb4       0x20 ./.build/SARA_NBIOT_EVK/GCC_ARM/mbed-os/features/frameworks/greentea-client/source/test_env.o
                0x00002cb4                greentea_write_preamble()
 .text._Z24greentea_write_postamblev
                0x00002cd4       0x28 ./.build/SARA_NBIOT_EVK/GCC_ARM/mbed-os/features/frameworks/greentea-client/source/test_env.o
                0x00002cd4                greentea_write_postamble()
 .text._Z21greentea_write_stringPKc
                0x00002cfc       0x30 ./.build/SARA_NBIOT_EVK/GCC_ARM/mbed-os/features/frameworks/greentea-client/source/test_env.o
                0x00002cfc                greentea_write_string(char const*)
 .text._Z18greentea_write_inti
                0x00002d2c       0x4c ./.build/SARA_NBIOT_EVK/GCC_ARM/mbed-os/features/frameworks/greentea-client/source/test_env.o
                0x00002d2c                greentea_write_int(int)
 .text._Z16greentea_send_kvPKcS0_
                0x00002d78       0x40 ./.build/SARA_NBIOT_EVK/GCC_ARM/mbed-os/features/frameworks/greentea-client/source/test_env.o
                0x00002d78                greentea_send_kv(char const*, char const*)
 .text._Z16greentea_send_kvPKci
                0x00002db8       0x3c ./.build/SARA_NBIOT_EVK/GCC_ARM/mbed-os/features/frameworks/greentea-client/source/test_env.o
                0x00002db8                greentea_send_kv(char const*, int)
 .text._Z16greentea_send_kvPKcS0_ii
                0x00002df4       0x64 ./.build/SARA_NBIOT_EVK/GCC_ARM/mbed-os/features/frameworks/greentea-client/source/test_env.o
                0x00002df4                greentea_send_kv(char const*, char const*, int, int)
 .text._Z16greentea_send_kvPKcii
                0x00002e58       0x50 ./.build/SARA_NBIOT_EVK/GCC_ARM/mbed-os/features/frameworks/greentea-client/source/test_env.o
                0x00002e58                greentea_send_kv(char const*, int, int)
 .text._ZL23greentea_notify_timeouti
                0x00002ea8       0x20 ./.build/SARA_NBIOT_EVK/GCC_ARM/mbed-os/features/frameworks/greentea-client/source/test_env.o
 .text._ZL24greentea_notify_hosttestPKc
                0x00002ec8       0x20 ./.build/SARA_NBIOT_EVK/GCC_ARM/mbed-os/features/frameworks/greentea-client/source/test_env.o
 .text._ZL26greentea_notify_completioni
                0x00002ee8       0x48 ./.build/SARA_NBIOT_EVK/GCC_ARM/mbed-os/features/frameworks/greentea-client/source/test_env.o
 .text._ZL23greentea_notify_versionv
                0x00002f30       0x1c ./.build/SARA_NBIOT_EVK/GCC_ARM/mbed-os/features/frameworks/greentea-client/source/test_env.o
 .text._ZL9_get_charv
                0x00002f4c        0xc ./.build/SARA_NBIOT_EVK/GCC_ARM/mbed-os/features/frameworks/greentea-client/source/test_env.o
 .text._Z17greentea_parse_kvPcS_ii
                0x00002f58       0x58 ./.build/SARA_NBIOT_EVK/GCC_ARM/mbed-os/features/frameworks/greentea-client/source/test_env.o
                0x00002f58                greentea_parse_kv(char*, char*, int, int)
 .text._ZL12getNextTokenPci
                0x00002fb0       0x28 ./.build/SARA_NBIOT_EVK/GCC_ARM/mbed-os/features/frameworks/greentea-client/source/test_env.o
 .text._ZL13ispunctuationi
                0x00002fd8       0x38 ./.build/SARA_NBIOT_EVK/GCC_ARM/mbed-os/features/frameworks/greentea-client/source/test_env.o
 .text._ZL8isstringi
                0x00003010       0x44 ./.build/SARA_NBIOT_EVK/GCC_ARM/mbed-os/features/frameworks/greentea-client/source/test_env.o
 .text._ZL6gettokPci
                0x00003054      0x16c ./.build/SARA_NBIOT_EVK/GCC_ARM/mbed-os/features/frameworks/greentea-client/source/test_env.o
 .text._ZL8HandleKVPcS_ii
                0x000031c0       0x80 ./.build/SARA_NBIOT_EVK/GCC_ARM/mbed-os/features/frameworks/greentea-client/source/test_env.o
 .text._ZN4mbed9RawSerialD2Ev
                0x00003240       0x30 ./.build/SARA_NBIOT_EVK/GCC_ARM/mbed-os/features/frameworks/greentea-client/source/test_env.o
                0x00003240                mbed::RawSerial::~RawSerial()
                0x00003240                mbed::RawSerial::~RawSerial()
 .text._ZN4mbed9RawSerialD0Ev
                0x00003270       0x20 ./.build/SARA_NBIOT_EVK/GCC_ARM/mbed-os/features/frameworks/greentea-client/source/test_env.o
                0x00003270                mbed::RawSerial::~RawSerial()
 .text._Z41__static_initialization_and_destruction_0ii
                0x00003290       0x44 ./.build/SARA_NBIOT_EVK/GCC_ARM/mbed-os/features/frameworks/greentea-client/source/test_env.o
 .text._GLOBAL__sub_I_GREENTEA_TEST_ENV_END
                0x000032d4       0x14 ./.build/SARA_NBIOT_EVK/GCC_ARM/mbed-os/features/frameworks/greentea-client/source/test_env.o
 .text._ZN5utest2v19control_tC2ENS0_8repeat_tEm
                0x000032e8       0x28 ./.build/SARA_NBIOT_EVK/GCC_ARM/mbed-os/features/frameworks/utest/mbed-utest-shim.o
                0x000032e8                utest::v1::control_t::control_t(utest::v1::repeat_t, unsigned long)
                0x000032e8                utest::v1::control_t::control_t(utest::v1::repeat_t, unsigned long)
 .text._ZN5utest2v19control_tC2ENS0_8repeat_tE
                0x00003310       0x28 ./.build/SARA_NBIOT_EVK/GCC_ARM/mbed-os/features/frameworks/utest/mbed-utest-shim.o
                0x00003310                utest::v1::control_t::control_t(utest::v1::repeat_t)
                0x00003310                utest::v1::control_t::control_t(utest::v1::repeat_t)
 .text._ZN5utest2v19control_tC2Em
                0x00003338       0x1c ./.build/SARA_NBIOT_EVK/GCC_ARM/mbed-os/features/frameworks/utest/mbed-utest-shim.o
                0x00003338                utest::v1::control_t::control_t(unsigned long)
                0x00003338                utest::v1::control_t::control_t(unsigned long)
 .text._Z41__static_initialization_and_destruction_0ii
                0x00003354       0xac ./.build/SARA_NBIOT_EVK/GCC_ARM/mbed-os/features/frameworks/utest/mbed-utest-shim.o
 .text._GLOBAL__sub_I_utest_v1_enter_critical_section
                0x00003400       0x14 ./.build/SARA_NBIOT_EVK/GCC_ARM/mbed-os/features/frameworks/utest/mbed-utest-shim.o
 .text._ZNK5utest2v14Case15get_descriptionEv
                0x00003414       0x10 ./.build/SARA_NBIOT_EVK/GCC_ARM/mbed-os/features/frameworks/utest/source/utest_case.o
                0x00003414                utest::v1::Case::get_description() const
 .text._Z41__static_initialization_and_destruction_0ii
                0x00003424       0xac ./.build/SARA_NBIOT_EVK/GCC_ARM/mbed-os/features/frameworks/utest/source/utest_case.o
 .text._GLOBAL__sub_I__ZN5utest2v14CaseC2EPKcPFNS0_8status_tEPKS1_jEPFvvEPFS4_S6_jjNS0_9failure_tEEPFS4_S6_SB_E
                0x000034d0       0x14 ./.build/SARA_NBIOT_EVK/GCC_ARM/mbed-os/features/frameworks/utest/source/utest_case.o
 .text._ZN5utest2v126verbose_test_setup_handlerEj
                0x000034e4       0x24 ./.build/SARA_NBIOT_EVK/GCC_ARM/mbed-os/features/frameworks/utest/source/utest_default_handlers.o
                0x000034e4                utest::v1::verbose_test_setup_handler(unsigned int)
 .text._ZN5utest2v129verbose_test_teardown_handlerEjjNS0_9failure_tE
                0x00003508       0x70 ./.build/SARA_NBIOT_EVK/GCC_ARM/mbed-os/features/frameworks/utest/source/utest_default_handlers.o
                0x00003508                utest::v1::verbose_test_teardown_handler(unsigned int, unsigned int, utest::v1::failure_t)
 .text._ZN5utest2v128verbose_test_failure_handlerENS0_9failure_tE
                0x00003578       0x38 ./.build/SARA_NBIOT_EVK/GCC_ARM/mbed-os/features/frameworks/utest/source/utest_default_handlers.o
                0x00003578                utest::v1::verbose_test_failure_handler(utest::v1::failure_t)
 .text._ZN5utest2v126verbose_case_setup_handlerEPKNS0_4CaseEj
                0x000035b0       0x34 ./.build/SARA_NBIOT_EVK/GCC_ARM/mbed-os/features/frameworks/utest/source/utest_default_handlers.o
                0x000035b0                utest::v1::verbose_case_setup_handler(utest::v1::Case const*, unsigned int)
 .text._ZN5utest2v129verbose_case_teardown_handlerEPKNS0_4CaseEjjNS0_9failure_tE
                0x000035e4       0x70 ./.build/SARA_NBIOT_EVK/GCC_ARM/mbed-os/features/frameworks/utest/source/utest_default_handlers.o
                0x000035e4                utest::v1::verbose_case_teardown_handler(utest::v1::Case const*, unsigned int, unsigned int, utest::v1::failure_t)
 .text._ZN5utest2v128verbose_case_failure_handlerEPKNS0_4CaseENS0_9failure_tE
                0x00003654       0x4c ./.build/SARA_NBIOT_EVK/GCC_ARM/mbed-os/features/frameworks/utest/source/utest_default_handlers.o
                0x00003654                utest::v1::verbose_case_failure_handler(utest::v1::Case const*, utest::v1::failure_t)
 .text._Z41__static_initialization_and_destruction_0ii
                0x000036a0       0xac ./.build/SARA_NBIOT_EVK/GCC_ARM/mbed-os/features/frameworks/utest/source/utest_default_handlers.o
 .text._GLOBAL__sub_I__ZN5utest2v125verbose_continue_handlersE
                0x0000374c       0x14 ./.build/SARA_NBIOT_EVK/GCC_ARM/mbed-os/features/frameworks/utest/source/utest_default_handlers.o
 .text._Z41__static_initialization_and_destruction_0ii
                0x00003760       0xac ./.build/SARA_NBIOT_EVK/GCC_ARM/mbed-os/features/frameworks/utest/source/unity_handler.o
 .text._GLOBAL__sub_I_utest_unity_assert_failure
                0x0000380c       0x14 ./.build/SARA_NBIOT_EVK/GCC_ARM/mbed-os/features/frameworks/utest/source/unity_handler.o
 .text._ZL20test_failure_handlerN5utest2v19failure_tE
                0x00003820       0x30 ./.build/SARA_NBIOT_EVK/GCC_ARM/mbed-os/features/frameworks/utest/source/utest_greentea_handlers.o
 .text._ZN5utest2v135default_greentea_test_setup_handlerEj
                0x00003850       0x24 ./.build/SARA_NBIOT_EVK/GCC_ARM/mbed-os/features/frameworks/utest/source/utest_greentea_handlers.o
                0x00003850                utest::v1::default_greentea_test_setup_handler(unsigned int)
 .text._ZN5utest2v127greentea_test_setup_handlerEj
                0x00003874       0x28 ./.build/SARA_NBIOT_EVK/GCC_ARM/mbed-os/features/frameworks/utest/source/utest_greentea_handlers.o
                0x00003874                utest::v1::greentea_test_setup_handler(unsigned int)
 .text._ZN5utest2v130greentea_test_teardown_handlerEjjNS0_9failure_tE
                0x0000389c       0x5c ./.build/SARA_NBIOT_EVK/GCC_ARM/mbed-os/features/frameworks/utest/source/utest_greentea_handlers.o
                0x0000389c                utest::v1::greentea_test_teardown_handler(unsigned int, unsigned int, utest::v1::failure_t)
 .text._ZN5utest2v127greentea_case_setup_handlerEPKNS0_4CaseEj
                0x000038f8       0x44 ./.build/SARA_NBIOT_EVK/GCC_ARM/mbed-os/features/frameworks/utest/source/utest_greentea_handlers.o
                0x000038f8                utest::v1::greentea_case_setup_handler(utest::v1::Case const*, unsigned int)
 .text._ZN5utest2v130greentea_case_teardown_handlerEPKNS0_4CaseEjjNS0_9failure_tE
                0x0000393c       0x40 ./.build/SARA_NBIOT_EVK/GCC_ARM/mbed-os/features/frameworks/utest/source/utest_greentea_handlers.o
                0x0000393c                utest::v1::greentea_case_teardown_handler(utest::v1::Case const*, unsigned int, unsigned int, utest::v1::failure_t)
 .text._ZN5utest2v135greentea_case_failure_abort_handlerEPKNS0_4CaseENS0_9failure_tE
                0x0000397c       0x38 ./.build/SARA_NBIOT_EVK/GCC_ARM/mbed-os/features/frameworks/utest/source/utest_greentea_handlers.o
                0x0000397c                utest::v1::greentea_case_failure_abort_handler(utest::v1::Case const*, utest::v1::failure_t)
 .text._Z41__static_initialization_and_destruction_0ii
                0x000039b4       0xac ./.build/SARA_NBIOT_EVK/GCC_ARM/mbed-os/features/frameworks/utest/source/utest_greentea_handlers.o
 .text._GLOBAL__sub_I__ZN5utest2v123greentea_abort_handlersE
                0x00003a60       0x14 ./.build/SARA_NBIOT_EVK/GCC_ARM/mbed-os/features/frameworks/utest/source/utest_greentea_handlers.o
 .text._Z41__static_initialization_and_destruction_0ii
                0x00003a74       0x44 ./.build/SARA_NBIOT_EVK/GCC_ARM/mbed-os/features/frameworks/utest/source/utest_serial.o
 .text._GLOBAL__sub_I_utest_serial
                0x00003ab8       0x14 ./.build/SARA_NBIOT_EVK/GCC_ARM/mbed-os/features/frameworks/utest/source/utest_serial.o
 .text._ZN4mbed6TickerC2Ev
                0x00003acc       0x2c ./.build/SARA_NBIOT_EVK/GCC_ARM/mbed-os/features/frameworks/utest/source/utest_shim.o
                0x00003acc                mbed::Ticker::Ticker()
                0x00003acc                mbed::Ticker::Ticker()
 .text._ZN4mbed6TickerD2Ev
                0x00003af8       0x38 ./.build/SARA_NBIOT_EVK/GCC_ARM/mbed-os/features/frameworks/utest/source/utest_shim.o
                0x00003af8                mbed::Ticker::~Ticker()
                0x00003af8                mbed::Ticker::~Ticker()
 .text._ZN4mbed6TickerD0Ev
                0x00003b30       0x20 ./.build/SARA_NBIOT_EVK/GCC_ARM/mbed-os/features/frameworks/utest/source/utest_shim.o
                0x00003b30                mbed::Ticker::~Ticker()
 .text._ZN4mbed7TimeoutC2Ev
                0x00003b50       0x20 ./.build/SARA_NBIOT_EVK/GCC_ARM/mbed-os/features/frameworks/utest/source/utest_shim.o
                0x00003b50                mbed::Timeout::Timeout()
                0x00003b50                mbed::Timeout::Timeout()
 .text._ZN4mbed8CallbackIFvvEEC2EPS1_
                0x00003b70       0x1c ./.build/SARA_NBIOT_EVK/GCC_ARM/mbed-os/features/frameworks/utest/source/utest_shim.o
                0x00003b70                mbed::Callback<void ()>::Callback(void (*)())
                0x00003b70                mbed::Callback<void ()>::Callback(void (*)())
 .text._ZN4mbed8CallbackIFvvEE6attachEPS1_
                0x00003b8c       0x30 ./.build/SARA_NBIOT_EVK/GCC_ARM/mbed-os/features/frameworks/utest/source/utest_shim.o
                0x00003b8c                mbed::Callback<void ()>::attach(void (*)())
 .text._ZN4mbed8CallbackIFvvEE12_staticthunkEPvS3_
                0x00003bbc       0x14 ./.build/SARA_NBIOT_EVK/GCC_ARM/mbed-os/features/frameworks/utest/source/utest_shim.o
                0x00003bbc                mbed::Callback<void ()>::_staticthunk(void*, void*)
 .text._ZN4mbed7TimeoutD2Ev
                0x00003bd0       0x30 ./.build/SARA_NBIOT_EVK/GCC_ARM/mbed-os/features/frameworks/utest/source/utest_shim.o
                0x00003bd0                mbed::Timeout::~Timeout()
                0x00003bd0                mbed::Timeout::~Timeout()
 .text._ZN4mbed7TimeoutD0Ev
                0x00003c00       0x20 ./.build/SARA_NBIOT_EVK/GCC_ARM/mbed-os/features/frameworks/utest/source/utest_shim.o
                0x00003c00                mbed::Timeout::~Timeout()
 .text._Z41__static_initialization_and_destruction_0ii
                0x00003c20       0x40 ./.build/SARA_NBIOT_EVK/GCC_ARM/mbed-os/features/frameworks/utest/source/utest_shim.o
 .text._GLOBAL__sub_I_utest_timeout_object
                0x00003c60       0x14 ./.build/SARA_NBIOT_EVK/GCC_ARM/mbed-os/features/frameworks/utest/source/utest_shim.o
 .text._Z41__static_initialization_and_destruction_0ii
                0x00003c74       0xdc ./.build/SARA_NBIOT_EVK/GCC_ARM/mbed-os/features/frameworks/utest/source/utest_harness.o
 .text._GLOBAL__sub_I__ZN5utest2v17Harness13set_schedulerE20utest_v1_scheduler_t
                0x00003d50       0x14 ./.build/SARA_NBIOT_EVK/GCC_ARM/mbed-os/features/frameworks/utest/source/utest_harness.o
 .text._ZN5utest2v19stringifyENS0_16failure_reason_tE
                0x00003d64      0x108 ./.build/SARA_NBIOT_EVK/GCC_ARM/mbed-os/features/frameworks/utest/source/utest_types.o
                0x00003d64                utest::v1::stringify(utest::v1::failure_reason_t)
 .text._ZN5utest2v19stringifyENS0_10location_tE
                0x00003e6c       0x68 ./.build/SARA_NBIOT_EVK/GCC_ARM/mbed-os/features/frameworks/utest/source/utest_types.o
                0x00003e6c                utest::v1::stringify(utest::v1::location_t)
 .text._Z41__static_initialization_and_destruction_0ii
                0x00003ed4       0x98 ./.build/SARA_NBIOT_EVK/GCC_ARM/mbed-os/features/frameworks/utest/source/utest_types.o
 .text._GLOBAL__sub_I__ZN5utest2v19stringifyENS0_16failure_reason_tE
                0x00003f6c       0x14 ./.build/SARA_NBIOT_EVK/GCC_ARM/mbed-os/features/frameworks/utest/source/utest_types.o
 .text._ZnwjPv  0x00003f80       0x10 ./.build/SARA_NBIOT_EVK/GCC_ARM/mbed-os/features/net/network-socket/NetworkStack.o
                0x00003f80                operator new(unsigned int, void*)
 .text._ZN4mbed8CallbackIFvvEE4callEv
                0x00003f90       0x24 ./.build/SARA_NBIOT_EVK/GCC_ARM/mbed-os/features/net/network-socket/Socket.o
                0x00003f90                mbed::Callback<void ()>::call()
 .text._ZL14singleton_lockv
                0x00003fb4       0x1c ./.build/SARA_NBIOT_EVK/GCC_ARM/mbed-os/hal/common/FileBase.o
 .text._ZL16singleton_unlockv
                0x00003fd0       0x14 ./.build/SARA_NBIOT_EVK/GCC_ARM/mbed-os/hal/common/FileBase.o
 .text._ZN4mbed8FileBaseC2EPKcNS_8PathTypeE
                0x00003fe4       0x80 ./.build/SARA_NBIOT_EVK/GCC_ARM/mbed-os/hal/common/FileBase.o
                0x00003fe4                mbed::FileBase::FileBase(char const*, mbed::PathType)
                0x00003fe4                mbed::FileBase::FileBase(char const*, mbed::PathType)
 .text._ZN4mbed8FileBaseD2Ev
                0x00004064       0x90 ./.build/SARA_NBIOT_EVK/GCC_ARM/mbed-os/hal/common/FileBase.o
                0x00004064                mbed::FileBase::~FileBase()
                0x00004064                mbed::FileBase::~FileBase()
 .text._ZN4mbed8FileBaseD0Ev
                0x000040f4       0x20 ./.build/SARA_NBIOT_EVK/GCC_ARM/mbed-os/hal/common/FileBase.o
                0x000040f4                mbed::FileBase::~FileBase()
 .text._ZN4mbed8FileBase6lookupEPKcj
                0x00004114       0x9c ./.build/SARA_NBIOT_EVK/GCC_ARM/mbed-os/hal/common/FileBase.o
                0x00004114                mbed::FileBase::lookup(char const*, unsigned int)
 .text._ZN4mbed8FileBase11getPathTypeEv
                0x000041b0       0x10 ./.build/SARA_NBIOT_EVK/GCC_ARM/mbed-os/hal/common/FileBase.o
                0x000041b0                mbed::FileBase::getPathType()
 .text._ZN12SingletonPtrIN4rtos5MutexEEptEv
                0x000041c0       0x18 ./.build/SARA_NBIOT_EVK/GCC_ARM/mbed-os/hal/common/FileBase.o
                0x000041c0                SingletonPtr<rtos::Mutex>::operator->()
 .text._ZN12SingletonPtrIN4rtos5MutexEE3getEv
                0x000041d8       0x60 ./.build/SARA_NBIOT_EVK/GCC_ARM/mbed-os/hal/common/FileBase.o
                0x000041d8                SingletonPtr<rtos::Mutex>::get()
 .text._ZN4mbed10FileHandle4flenEv
                0x00004238       0x7c ./.build/SARA_NBIOT_EVK/GCC_ARM/mbed-os/hal/common/FileLike.o
                0x00004238                mbed::FileHandle::flen()
 .text._ZN4mbed10FileHandle4lockEv
                0x000042b4        0xc ./.build/SARA_NBIOT_EVK/GCC_ARM/mbed-os/hal/common/FileLike.o
                0x000042b4                mbed::FileHandle::lock()
 .text._ZN4mbed10FileHandle6unlockEv
                0x000042c0        0xc ./.build/SARA_NBIOT_EVK/GCC_ARM/mbed-os/hal/common/FileLike.o
                0x000042c0                mbed::FileHandle::unlock()
 .text._ZN4mbed10FileHandleC2Ev
                0x000042cc       0x18 ./.build/SARA_NBIOT_EVK/GCC_ARM/mbed-os/hal/common/FileLike.o
                0x000042cc                mbed::FileHandle::FileHandle()
                0x000042cc                mbed::FileHandle::FileHandle()
 .text._ZN4mbed8FileLikeC2EPKc
                0x000042e4       0x3c ./.build/SARA_NBIOT_EVK/GCC_ARM/mbed-os/hal/common/FileLike.o
                0x000042e4                mbed::FileLike::FileLike(char const*)
                0x000042e4                mbed::FileLike::FileLike(char const*)
 .text._ZN4mbed8FileLikeD2Ev
                0x00004320       0x44 ./.build/SARA_NBIOT_EVK/GCC_ARM/mbed-os/hal/common/FileLike.o
                0x00004320                mbed::FileLike::~FileLike()
                0x00004320                mbed::FileLike::~FileLike()
 .text._ZN4mbed8FilePathC2EPKc
                0x00004364       0x90 ./.build/SARA_NBIOT_EVK/GCC_ARM/mbed-os/hal/common/FilePath.o
                0x00004364                mbed::FilePath::FilePath(char const*)
                0x00004364                mbed::FilePath::FilePath(char const*)
 .text._ZN4mbed8FilePath8fileNameEv
                0x000043f4       0x10 ./.build/SARA_NBIOT_EVK/GCC_ARM/mbed-os/hal/common/FilePath.o
                0x000043f4                mbed::FilePath::fileName()
 .text._ZN4mbed8FilePath12isFileSystemEv
                0x00004404       0x2c ./.build/SARA_NBIOT_EVK/GCC_ARM/mbed-os/hal/common/FilePath.o
                0x00004404                mbed::FilePath::isFileSystem()
 .text._ZN4mbed8FilePath10fileSystemEv
                0x00004430       0x20 ./.build/SARA_NBIOT_EVK/GCC_ARM/mbed-os/hal/common/FilePath.o
                0x00004430                mbed::FilePath::fileSystem()
 .text._ZN4mbed8FilePath6isFileEv
                0x00004450       0x2c ./.build/SARA_NBIOT_EVK/GCC_ARM/mbed-os/hal/common/FilePath.o
                0x00004450                mbed::FilePath::isFile()
 .text._ZN4mbed8FilePath4fileEv
                0x0000447c       0x30 ./.build/SARA_NBIOT_EVK/GCC_ARM/mbed-os/hal/common/FilePath.o
                0x0000447c                mbed::FilePath::file()
 .text._ZN4mbed8FilePath6existsEv
                0x000044ac       0x14 ./.build/SARA_NBIOT_EVK/GCC_ARM/mbed-os/hal/common/FilePath.o
                0x000044ac                mbed::FilePath::exists()
 .text._ZN4mbed9RawSerialC2E7PinNameS1_
                0x000044c0       0x44 ./.build/SARA_NBIOT_EVK/GCC_ARM/mbed-os/hal/common/RawSerial.o
                0x000044c0                mbed::RawSerial::RawSerial(PinName, PinName)
                0x000044c0                mbed::RawSerial::RawSerial(PinName, PinName)
 .text._ZN4mbed9RawSerial4putcEi
                0x00004504       0x3c ./.build/SARA_NBIOT_EVK/GCC_ARM/mbed-os/hal/common/RawSerial.o
                0x00004504                mbed::RawSerial::putc(int)
 .text._ZN4mbed9RawSerial4putsEPKc
                0x00004540       0x48 ./.build/SARA_NBIOT_EVK/GCC_ARM/mbed-os/hal/common/RawSerial.o
                0x00004540                mbed::RawSerial::puts(char const*)
 .text._ZN4mbed9RawSerial6printfEPKcz
                0x00004588       0x98 ./.build/SARA_NBIOT_EVK/GCC_ARM/mbed-os/hal/common/RawSerial.o
                0x00004588                mbed::RawSerial::printf(char const*, ...)
 .text._ZN4mbed9RawSerial4lockEv
                0x00004620        0xc ./.build/SARA_NBIOT_EVK/GCC_ARM/mbed-os/hal/common/RawSerial.o
                0x00004620                mbed::RawSerial::lock()
 .text._ZN4mbed9RawSerial6unlockEv
                0x0000462c        0xc ./.build/SARA_NBIOT_EVK/GCC_ARM/mbed-os/hal/common/RawSerial.o
                0x0000462c                mbed::RawSerial::unlock()
 .text._ZN4mbed6SerialC2E7PinNameS1_PKc
                0x00004638       0x74 ./.build/SARA_NBIOT_EVK/GCC_ARM/mbed-os/hal/common/Serial.o
                0x00004638                mbed::Serial::Serial(PinName, PinName, char const*)
                0x00004638                mbed::Serial::Serial(PinName, PinName, char const*)
 .text._ZN4mbed6Serial5_getcEv
                0x000046ac       0x18 ./.build/SARA_NBIOT_EVK/GCC_ARM/mbed-os/hal/common/Serial.o
                0x000046ac                mbed::Serial::_getc()
 .text._ZThn64_N4mbed6Serial5_getcEv
                0x000046c4       0x10 ./.build/SARA_NBIOT_EVK/GCC_ARM/mbed-os/hal/common/Serial.o
                0x000046c4                non-virtual thunk to mbed::Serial::_getc()
 .text._ZN4mbed6Serial5_putcEi
                0x000046d4       0x1c ./.build/SARA_NBIOT_EVK/GCC_ARM/mbed-os/hal/common/Serial.o
                0x000046d4                mbed::Serial::_putc(int)
 .text._ZThn64_N4mbed6Serial5_putcEi
                0x000046f0       0x10 ./.build/SARA_NBIOT_EVK/GCC_ARM/mbed-os/hal/common/Serial.o
                0x000046f0                non-virtual thunk to mbed::Serial::_putc(int)
 .text._ZN4mbed6Serial4lockEv
                0x00004700       0x20 ./.build/SARA_NBIOT_EVK/GCC_ARM/mbed-os/hal/common/Serial.o
                0x00004700                mbed::Serial::lock()
 .text._ZThn64_N4mbed6Serial4lockEv
                0x00004720       0x10 ./.build/SARA_NBIOT_EVK/GCC_ARM/mbed-os/hal/common/Serial.o
                0x00004720                non-virtual thunk to mbed::Serial::lock()
 .text._ZN4mbed6Serial6unlockEv
                0x00004730       0x18 ./.build/SARA_NBIOT_EVK/GCC_ARM/mbed-os/hal/common/Serial.o
                0x00004730                mbed::Serial::unlock()
 .text._ZThn64_N4mbed6Serial6unlockEv
                0x00004748       0x10 ./.build/SARA_NBIOT_EVK/GCC_ARM/mbed-os/hal/common/Serial.o
                0x00004748                non-virtual thunk to mbed::Serial::unlock()
 .text._ZN4mbed6SerialD2Ev
                0x00004758       0x78 ./.build/SARA_NBIOT_EVK/GCC_ARM/mbed-os/hal/common/Serial.o
                0x00004758                mbed::Serial::~Serial()
                0x00004758                mbed::Serial::~Serial()
                0x000047b0                non-virtual thunk to mbed::Serial::~Serial()
                0x000047c0                non-virtual thunk to mbed::Serial::~Serial()
 .text._ZN4mbed6SerialD0Ev
                0x000047d0       0x40 ./.build/SARA_NBIOT_EVK/GCC_ARM/mbed-os/hal/common/Serial.o
                0x000047d0                mbed::Serial::~Serial()
                0x000047f0                non-virtual thunk to mbed::Serial::~Serial()
                0x00004800                non-virtual thunk to mbed::Serial::~Serial()
 .text._ZN4mbed6StreamC2EPKc
                0x00004810       0x68 ./.build/SARA_NBIOT_EVK/GCC_ARM/mbed-os/hal/common/Stream.o
                0x00004810                mbed::Stream::Stream(char const*)
                0x00004810                mbed::Stream::Stream(char const*)
 .text._ZN4mbed6StreamD2Ev
                0x00004878       0x44 ./.build/SARA_NBIOT_EVK/GCC_ARM/mbed-os/hal/common/Stream.o
                0x00004878                mbed::Stream::~Stream()
                0x00004878                mbed::Stream::~Stream()
 .text._ZN4mbed6Stream4getcEv
                0x000048bc       0x44 ./.build/SARA_NBIOT_EVK/GCC_ARM/mbed-os/hal/common/Stream.o
                0x000048bc                mbed::Stream::getc()
 .text._ZN4mbed6Stream5closeEv
                0x00004900        0xc ./.build/SARA_NBIOT_EVK/GCC_ARM/mbed-os/hal/common/Stream.o
                0x00004900                mbed::Stream::close()
 .text._ZN4mbed6Stream5writeEPKvj
                0x0000490c       0x70 ./.build/SARA_NBIOT_EVK/GCC_ARM/mbed-os/hal/common/Stream.o
                0x0000490c                mbed::Stream::write(void const*, unsigned int)
 .text._ZN4mbed6Stream4readEPvj
                0x0000497c       0x70 ./.build/SARA_NBIOT_EVK/GCC_ARM/mbed-os/hal/common/Stream.o
                0x0000497c                mbed::Stream::read(void*, unsigned int)
 .text._ZN4mbed6Stream5lseekEli
                0x000049ec       0x10 ./.build/SARA_NBIOT_EVK/GCC_ARM/mbed-os/hal/common/Stream.o
                0x000049ec                mbed::Stream::lseek(long, int)
 .text._ZN4mbed6Stream6isattyEv
                0x000049fc        0xc ./.build/SARA_NBIOT_EVK/GCC_ARM/mbed-os/hal/common/Stream.o
                0x000049fc                mbed::Stream::isatty()
 .text._ZN4mbed6Stream5fsyncEv
                0x00004a08        0xc ./.build/SARA_NBIOT_EVK/GCC_ARM/mbed-os/hal/common/Stream.o
                0x00004a08                mbed::Stream::fsync()
 .text._ZN4mbed6Stream4flenEv
                0x00004a14        0xc ./.build/SARA_NBIOT_EVK/GCC_ARM/mbed-os/hal/common/Stream.o
                0x00004a14                mbed::Stream::flen()
 .text._ZN4mbed6Stream6printfEPKcz
                0x00004a20       0x50 ./.build/SARA_NBIOT_EVK/GCC_ARM/mbed-os/hal/common/Stream.o
                0x00004a20                mbed::Stream::printf(char const*, ...)
 .text._ZN4mbed10SerialBaseC2E7PinNameS1_
                0x00004a70       0x88 ./.build/SARA_NBIOT_EVK/GCC_ARM/mbed-os/hal/common/SerialBase.o
                0x00004a70                mbed::SerialBase::SerialBase(PinName, PinName)
                0x00004a70                mbed::SerialBase::SerialBase(PinName, PinName)
 .text._ZN4mbed10SerialBase4baudEi
                0x00004af8       0x3c ./.build/SARA_NBIOT_EVK/GCC_ARM/mbed-os/hal/common/SerialBase.o
                0x00004af8                mbed::SerialBase::baud(int)
 .text._ZN4mbed10SerialBase6formatEiNS0_6ParityEi
                0x00004b34       0x44 ./.build/SARA_NBIOT_EVK/GCC_ARM/mbed-os/hal/common/SerialBase.o
                0x00004b34                mbed::SerialBase::format(int, mbed::SerialBase::Parity, int)
 .text._ZN4mbed10SerialBase8readableEv
                0x00004b78       0x38 ./.build/SARA_NBIOT_EVK/GCC_ARM/mbed-os/hal/common/SerialBase.o
                0x00004b78                mbed::SerialBase::readable()
 .text._ZN4mbed10SerialBase9writeableEv
                0x00004bb0       0x38 ./.build/SARA_NBIOT_EVK/GCC_ARM/mbed-os/hal/common/SerialBase.o
                0x00004bb0                mbed::SerialBase::writeable()
 .text._ZN4mbed10SerialBase12_irq_handlerEm9SerialIrq
                0x00004be8       0x30 ./.build/SARA_NBIOT_EVK/GCC_ARM/mbed-os/hal/common/SerialBase.o
                0x00004be8                mbed::SerialBase::_irq_handler(unsigned long, SerialIrq)
 .text._ZN4mbed10SerialBase10_base_getcEv
                0x00004c18       0x18 ./.build/SARA_NBIOT_EVK/GCC_ARM/mbed-os/hal/common/SerialBase.o
                0x00004c18                mbed::SerialBase::_base_getc()
 .text._ZN4mbed10SerialBase10_base_putcEi
                0x00004c30       0x20 ./.build/SARA_NBIOT_EVK/GCC_ARM/mbed-os/hal/common/SerialBase.o
                0x00004c30                mbed::SerialBase::_base_putc(int)
 .text._ZN4mbed10SerialBase4lockEv
                0x00004c50        0xc ./.build/SARA_NBIOT_EVK/GCC_ARM/mbed-os/hal/common/SerialBase.o
                0x00004c50                mbed::SerialBase::lock()
 .text._ZN4mbed10SerialBase6unlockEv
                0x00004c5c        0xc ./.build/SARA_NBIOT_EVK/GCC_ARM/mbed-os/hal/common/SerialBase.o
                0x00004c5c                mbed::SerialBase::unlock()
 .text._ZN4mbed6Ticker6detachEv
                0x00004c68       0x28 ./.build/SARA_NBIOT_EVK/GCC_ARM/mbed-os/hal/common/Ticker.o
                0x00004c68                mbed::Ticker::detach()
 .text._ZN4mbed6Ticker7handlerEv
                0x00004c90       0x28 ./.build/SARA_NBIOT_EVK/GCC_ARM/mbed-os/hal/common/Ticker.o
                0x00004c90                mbed::Ticker::handler()
 .text._ZN4mbed7Timeout7handlerEv
                0x00004cb8       0x18 ./.build/SARA_NBIOT_EVK/GCC_ARM/mbed-os/hal/common/Timeout.o
                0x00004cb8                mbed::Timeout::handler()
 .text._ZN4mbed10TimerEventC2Ev
                0x00004cd0       0x48 ./.build/SARA_NBIOT_EVK/GCC_ARM/mbed-os/hal/common/TimerEvent.o
                0x00004cd0                mbed::TimerEvent::TimerEvent()
                0x00004cd0                mbed::TimerEvent::TimerEvent()
 .text._ZN4mbed10TimerEvent3irqEm
                0x00004d18       0x20 ./.build/SARA_NBIOT_EVK/GCC_ARM/mbed-os/hal/common/TimerEvent.o
                0x00004d18                mbed::TimerEvent::irq(unsigned long)
 .text._ZN4mbed10TimerEventD2Ev
                0x00004d38       0x30 ./.build/SARA_NBIOT_EVK/GCC_ARM/mbed-os/hal/common/TimerEvent.o
                0x00004d38                mbed::TimerEvent::~TimerEvent()
                0x00004d38                mbed::TimerEvent::~TimerEvent()
 .text._ZN4mbed10TimerEvent6insertEm
                0x00004d68       0x20 ./.build/SARA_NBIOT_EVK/GCC_ARM/mbed-os/hal/common/TimerEvent.o
                0x00004d68                mbed::TimerEvent::insert(unsigned long)
 .text._ZN4mbed10TimerEvent6removeEv
                0x00004d88       0x1c ./.build/SARA_NBIOT_EVK/GCC_ARM/mbed-os/hal/common/TimerEvent.o
                0x00004d88                mbed::TimerEvent::remove()
 .text._ZN4mbed5TimerC2Ev
                0x00004da4       0x34 ./.build/SARA_NBIOT_EVK/GCC_ARM/mbed-os/hal/common/Timer.o
                0x00004da4                mbed::Timer::Timer()
                0x00004da4                mbed::Timer::Timer()
 .text._ZN4mbed5Timer5startEv
                0x00004dd8       0x34 ./.build/SARA_NBIOT_EVK/GCC_ARM/mbed-os/hal/common/Timer.o
                0x00004dd8                mbed::Timer::start()
 .text._ZN4mbed5Timer7read_usEv
                0x00004e0c       0x28 ./.build/SARA_NBIOT_EVK/GCC_ARM/mbed-os/hal/common/Timer.o
                0x00004e0c                mbed::Timer::read_us()
 .text._ZN4mbed5Timer4readEv
                0x00004e34       0x2c ./.build/SARA_NBIOT_EVK/GCC_ARM/mbed-os/hal/common/Timer.o
                0x00004e34                mbed::Timer::read()
 .text._ZN4mbed5Timer9slicetimeEv
                0x00004e60       0x38 ./.build/SARA_NBIOT_EVK/GCC_ARM/mbed-os/hal/common/Timer.o
                0x00004e60                mbed::Timer::slicetime()
 .text._ZN4mbed5Timer5resetEv
                0x00004e98       0x2c ./.build/SARA_NBIOT_EVK/GCC_ARM/mbed-os/hal/common/Timer.o
                0x00004e98                mbed::Timer::reset()
 .text.mbed_assert_internal
                0x00004ec4       0x28 ./.build/SARA_NBIOT_EVK/GCC_ARM/mbed-os/hal/common/mbed_assert.o
                0x00004ec4                mbed_assert_internal
 .text.mbed_die
                0x00004eec       0x14 ./.build/SARA_NBIOT_EVK/GCC_ARM/mbed-os/hal/common/mbed_board.o
                0x00004eec                mbed_die
 .text.mbed_error_printf
                0x00004f00       0x20 ./.build/SARA_NBIOT_EVK/GCC_ARM/mbed-os/hal/common/mbed_board.o
                0x00004f00                mbed_error_printf
 .text.mbed_error_vfprintf
                0x00004f20       0x70 ./.build/SARA_NBIOT_EVK/GCC_ARM/mbed-os/hal/common/mbed_board.o
                0x00004f20                mbed_error_vfprintf
 .text.core_util_are_interrupts_enabled
                0x00004f90       0x1c ./.build/SARA_NBIOT_EVK/GCC_ARM/mbed-os/hal/common/mbed_critical.o
                0x00004f90                core_util_are_interrupts_enabled
 .text.core_util_critical_section_enter
                0x00004fac       0x98 ./.build/SARA_NBIOT_EVK/GCC_ARM/mbed-os/hal/common/mbed_critical.o
                0x00004fac                core_util_critical_section_enter
 .text.core_util_critical_section_exit
                0x00005044       0x84 ./.build/SARA_NBIOT_EVK/GCC_ARM/mbed-os/hal/common/mbed_critical.o
                0x00005044                core_util_critical_section_exit
 .text.error    0x000050c8       0x1c ./.build/SARA_NBIOT_EVK/GCC_ARM/mbed-os/hal/common/mbed_error.o
                0x000050c8                error
 .text.time     0x000050e4       0x84 ./.build/SARA_NBIOT_EVK/GCC_ARM/mbed-os/hal/common/mbed_rtc_time.o
                0x000050e4                time
 .text.set_time
                0x00005168       0x60 ./.build/SARA_NBIOT_EVK/GCC_ARM/mbed-os/hal/common/mbed_rtc_time.o
                0x00005168                set_time
 .text.get_us_ticker_data
                0x000051c8        0xc ./.build/SARA_NBIOT_EVK/GCC_ARM/mbed-os/hal/common/mbed_us_ticker_api.o
                0x000051c8                get_us_ticker_data
 .text.us_ticker_irq_handler
                0x000051d4       0x14 ./.build/SARA_NBIOT_EVK/GCC_ARM/mbed-os/hal/common/mbed_us_ticker_api.o
                0x000051d4                us_ticker_irq_handler
 .text.ticker_set_handler
                0x000051e8       0x20 ./.build/SARA_NBIOT_EVK/GCC_ARM/mbed-os/hal/common/mbed_ticker_api.o
                0x000051e8                ticker_set_handler
 .text.ticker_irq_handler
                0x00005208       0x80 ./.build/SARA_NBIOT_EVK/GCC_ARM/mbed-os/hal/common/mbed_ticker_api.o
                0x00005208                ticker_irq_handler
 .text.ticker_insert_event
                0x00005288       0x7c ./.build/SARA_NBIOT_EVK/GCC_ARM/mbed-os/hal/common/mbed_ticker_api.o
                0x00005288                ticker_insert_event
 .text.ticker_remove_event
                0x00005304       0x80 ./.build/SARA_NBIOT_EVK/GCC_ARM/mbed-os/hal/common/mbed_ticker_api.o
                0x00005304                ticker_remove_event
 .text.ticker_read
                0x00005384       0x18 ./.build/SARA_NBIOT_EVK/GCC_ARM/mbed-os/hal/common/mbed_ticker_api.o
                0x00005384                ticker_read
 .text.Reset_Handler
                0x0000539c       0x60 ./.build/SARA_NBIOT_EVK/GCC_ARM/mbed-os/hal/targets/cmsis/TARGET_ublox/TARGET_HI2110/TOOLCHAIN_GCC_ARM/startup_HI2110.o
                0x0000539c                Reset_Handler
 .text.Default_Handler
                0x000053fc        0x2 ./.build/SARA_NBIOT_EVK/GCC_ARM/mbed-os/hal/targets/cmsis/TARGET_ublox/TARGET_HI2110/TOOLCHAIN_GCC_ARM/startup_HI2110.o
                0x000053fc                HardFault_Handler
                0x000053fc                NMI_Handler
                0x000053fc                IRQ2_SECURITY_Handler
                0x000053fc                IRQ15_I2C_Handler
                0x000053fc                IRQ17_CAP_Handler
                0x000053fc                IRQ10_SSP1_Handler
                0x000053fc                IRQ11_PWM0IN_Handler
                0x000053fc                Default_Handler
                0x000053fc                IRQ13_PWM1IN_Handler
                0x000053fc                IRQ6_DMA_Handler
                0x000053fc                IRQ9_SSP0_Handler
                0x000053fc                IRQ3_PROTOCOL_Handler
                0x000053fc                IRQ12_PWM0OUT_Handler
                0x000053fc                IRQ14_PWM1OUT_Handler
                0x000053fc                IRQ4_APPS_Handler
 *fill*         0x000053fe        0x2 
 .text._ZN4mbed10FileHandleD2Ev
                0x00005400       0x80 ./.build/SARA_NBIOT_EVK/GCC_ARM/mbed-os/hal/common/retarget.o
                0x00005400                mbed::FileHandle::~FileHandle()
                0x00005400                mbed::FileHandle::~FileHandle()
 .text._ZL11init_serialv
                0x00005480       0x34 ./.build/SARA_NBIOT_EVK/GCC_ARM/mbed-os/hal/common/retarget.o
 .text._ZL17openmode_to_posixi
                0x000054b4       0x1c ./.build/SARA_NBIOT_EVK/GCC_ARM/mbed-os/hal/common/retarget.o
 .text._open    0x000054d0      0x1d0 ./.build/SARA_NBIOT_EVK/GCC_ARM/mbed-os/hal/common/retarget.o
                0x000054d0                _open
 .text._close   0x000056a0       0x50 ./.build/SARA_NBIOT_EVK/GCC_ARM/mbed-os/hal/common/retarget.o
                0x000056a0                _close
 .text._write   0x000056f0       0x8c ./.build/SARA_NBIOT_EVK/GCC_ARM/mbed-os/hal/common/retarget.o
                0x000056f0                _write
 .text._read    0x0000577c       0x74 ./.build/SARA_NBIOT_EVK/GCC_ARM/mbed-os/hal/common/retarget.o
                0x0000577c                _read
 .text._isatty  0x000057f0       0x44 ./.build/SARA_NBIOT_EVK/GCC_ARM/mbed-os/hal/common/retarget.o
                0x000057f0                _isatty
 .text._lseek   0x00005834       0x48 ./.build/SARA_NBIOT_EVK/GCC_ARM/mbed-os/hal/common/retarget.o
                0x00005834                _lseek
 .text._fstat   0x0000587c       0x3c ./.build/SARA_NBIOT_EVK/GCC_ARM/mbed-os/hal/common/retarget.o
                0x0000587c                _fstat
 .text.__cxa_pure_virtual
                0x000058b8        0x8 ./.build/SARA_NBIOT_EVK/GCC_ARM/mbed-os/hal/common/retarget.o
                0x000058b8                __cxa_pure_virtual
 .text.__wrap__malloc_r
                0x000058c0       0x1c ./.build/SARA_NBIOT_EVK/GCC_ARM/mbed-os/hal/common/retarget.o
                0x000058c0                __wrap__malloc_r
 .text.__wrap__realloc_r
                0x000058dc       0x20 ./.build/SARA_NBIOT_EVK/GCC_ARM/mbed-os/hal/common/retarget.o
                0x000058dc                __wrap__realloc_r
 .text.__wrap__free_r
                0x000058fc       0x1c ./.build/SARA_NBIOT_EVK/GCC_ARM/mbed-os/hal/common/retarget.o
                0x000058fc                __wrap__free_r
 .text.software_init_hook
                0x00005918        0xc ./.build/SARA_NBIOT_EVK/GCC_ARM/mbed-os/hal/common/retarget.o
                0x00005918                software_init_hook
 .text.mbed_main
                0x00005924        0x4 ./.build/SARA_NBIOT_EVK/GCC_ARM/mbed-os/hal/common/retarget.o
                0x00005924                mbed_main
 .text.__wrap_main
                0x00005928       0x14 ./.build/SARA_NBIOT_EVK/GCC_ARM/mbed-os/hal/common/retarget.o
                0x00005928                __wrap_main
 .text._sbrk    0x0000593c       0x7c ./.build/SARA_NBIOT_EVK/GCC_ARM/mbed-os/hal/common/retarget.o
                0x0000593c                _sbrk
 .text._exit    0x000059b8       0x30 ./.build/SARA_NBIOT_EVK/GCC_ARM/mbed-os/hal/common/retarget.o
                0x000059b8                _exit
 .text._ZN4mbed26mbed_set_unbuffered_streamEP7__sFILE
                0x000059e8       0x18 ./.build/SARA_NBIOT_EVK/GCC_ARM/mbed-os/hal/common/retarget.o
                0x000059e8                mbed::mbed_set_unbuffered_stream(__sFILE*)
 .text._ZN4mbed9mbed_getcEP7__sFILE
                0x00005a00       0x18 ./.build/SARA_NBIOT_EVK/GCC_ARM/mbed-os/hal/common/retarget.o
                0x00005a00                mbed::mbed_getc(__sFILE*)
 .text._Znwj    0x00005a18       0x2c ./.build/SARA_NBIOT_EVK/GCC_ARM/mbed-os/hal/common/retarget.o
                0x00005a18                operator new(unsigned int)
 .text._Znaj    0x00005a44       0x2c ./.build/SARA_NBIOT_EVK/GCC_ARM/mbed-os/hal/common/retarget.o
                0x00005a44                operator new[](unsigned int)
 .text._ZdlPv   0x00005a70       0x1c ./.build/SARA_NBIOT_EVK/GCC_ARM/mbed-os/hal/common/retarget.o
                0x00005a70                operator delete(void*)
 .text._ZdaPv   0x00005a8c       0x1c ./.build/SARA_NBIOT_EVK/GCC_ARM/mbed-os/hal/common/retarget.o
                0x00005a8c                operator delete[](void*)
 .text.wait_ms  0x00005aa8       0x1c ./.build/SARA_NBIOT_EVK/GCC_ARM/mbed-os/hal/common/mbed_wait_api_rtos.o
                0x00005aa8                wait_ms
 .text.wait_us  0x00005ac4       0x74 ./.build/SARA_NBIOT_EVK/GCC_ARM/mbed-os/hal/common/mbed_wait_api_rtos.o
                0x00005ac4                wait_us
 .text.get_owner
                0x00005b38       0xc0 ./.build/SARA_NBIOT_EVK/GCC_ARM/mbed-os/hal/targets/hal/TARGET_ublox/TARGET_HI2110/HI2110_init.o
 .text.HI2110_init
                0x00005bf8       0x48 ./.build/SARA_NBIOT_EVK/GCC_ARM/mbed-os/hal/targets/hal/TARGET_ublox/TARGET_HI2110/HI2110_init.o
                0x00005bf8                HI2110_init
 .text.SystemInit
                0x00005c40       0xa4 ./.build/SARA_NBIOT_EVK/GCC_ARM/mbed-os/hal/targets/cmsis/TARGET_ublox/TARGET_HI2110/system_HI2110.o
                0x00005c40                SystemInit
 .text.SystemAllowSleep
                0x00005ce4       0x44 ./.build/SARA_NBIOT_EVK/GCC_ARM/mbed-os/hal/targets/cmsis/TARGET_ublox/TARGET_HI2110/system_HI2110.o
                0x00005ce4                SystemAllowSleep
 .text.IRQ5_GPIO_Handler
                0x00005d28       0xc0 ./.build/SARA_NBIOT_EVK/GCC_ARM/mbed-os/hal/targets/hal/TARGET_ublox/TARGET_HI2110/gpio_irq_api.o
                0x00005d28                IRQ5_GPIO_Handler
 .text.mbed_sdk_init
                0x00005de8        0xc ./.build/SARA_NBIOT_EVK/GCC_ARM/mbed-os/hal/targets/hal/TARGET_ublox/TARGET_HI2110/mbed_overrides.o
                0x00005de8                mbed_sdk_init
 .text.set_interrupt_to_32bit_overflow
                0x00005df4       0x40 ./.build/SARA_NBIOT_EVK/GCC_ARM/mbed-os/hal/targets/hal/TARGET_ublox/TARGET_HI2110/lp_ticker.o
 .text.set_interrupt_to_user_value
                0x00005e34       0x38 ./.build/SARA_NBIOT_EVK/GCC_ARM/mbed-os/hal/targets/hal/TARGET_ublox/TARGET_HI2110/lp_ticker.o
 .text.IRQ0_RTC_Handler
                0x00005e6c       0xd0 ./.build/SARA_NBIOT_EVK/GCC_ARM/mbed-os/hal/targets/hal/TARGET_ublox/TARGET_HI2110/lp_ticker.o
                0x00005e6c                IRQ0_RTC_Handler
 .text.clr_mask
                0x00005f3c       0x24 ./.build/SARA_NBIOT_EVK/GCC_ARM/mbed-os/hal/targets/hal/TARGET_ublox/TARGET_HI2110/pinmap.o
 .text.set_mask
                0x00005f60       0x24 ./.build/SARA_NBIOT_EVK/GCC_ARM/mbed-os/hal/targets/hal/TARGET_ublox/TARGET_HI2110/pinmap.o
 .text.func_reg
                0x00005f84       0x2c ./.build/SARA_NBIOT_EVK/GCC_ARM/mbed-os/hal/targets/hal/TARGET_ublox/TARGET_HI2110/pinmap.o
 .text.get_owner
                0x00005fb0       0x58 ./.build/SARA_NBIOT_EVK/GCC_ARM/mbed-os/hal/targets/hal/TARGET_ublox/TARGET_HI2110/pinmap.o
 .text.pin_function
                0x00006008       0xe8 ./.build/SARA_NBIOT_EVK/GCC_ARM/mbed-os/hal/targets/hal/TARGET_ublox/TARGET_HI2110/pinmap.o
                0x00006008                pin_function
 .text.NVIC_EnableIRQ
                0x000060f0       0x2c ./.build/SARA_NBIOT_EVK/GCC_ARM/mbed-os/hal/targets/hal/TARGET_ublox/TARGET_HI2110/serial_api.o
 .text.NVIC_DisableIRQ
                0x0000611c       0x2c ./.build/SARA_NBIOT_EVK/GCC_ARM/mbed-os/hal/targets/hal/TARGET_ublox/TARGET_HI2110/serial_api.o
 .text.NVIC_SetPendingIRQ
                0x00006148       0x2c ./.build/SARA_NBIOT_EVK/GCC_ARM/mbed-os/hal/targets/hal/TARGET_ublox/TARGET_HI2110/serial_api.o
 .text.NVIC_ClearPendingIRQ
                0x00006174       0x2c ./.build/SARA_NBIOT_EVK/GCC_ARM/mbed-os/hal/targets/hal/TARGET_ublox/TARGET_HI2110/serial_api.o
 .text.init_config
                0x000061a0      0x1b8 ./.build/SARA_NBIOT_EVK/GCC_ARM/mbed-os/hal/targets/hal/TARGET_ublox/TARGET_HI2110/serial_api.o
 .text.deinit_config
                0x00006358       0xac ./.build/SARA_NBIOT_EVK/GCC_ARM/mbed-os/hal/targets/hal/TARGET_ublox/TARGET_HI2110/serial_api.o
 .text.set_baud
                0x00006404       0xe0 ./.build/SARA_NBIOT_EVK/GCC_ARM/mbed-os/hal/targets/hal/TARGET_ublox/TARGET_HI2110/serial_api.o
 .text.irq_enable
                0x000064e4       0x54 ./.build/SARA_NBIOT_EVK/GCC_ARM/mbed-os/hal/targets/hal/TARGET_ublox/TARGET_HI2110/serial_api.o
 .text.irq_disable
                0x00006538       0x54 ./.build/SARA_NBIOT_EVK/GCC_ARM/mbed-os/hal/targets/hal/TARGET_ublox/TARGET_HI2110/serial_api.o
 .text.IRQ7_UART0_Handler
                0x0000658c       0x5c ./.build/SARA_NBIOT_EVK/GCC_ARM/mbed-os/hal/targets/hal/TARGET_ublox/TARGET_HI2110/serial_api.o
                0x0000658c                IRQ7_UART0_Handler
 .text.IRQ8_UART1_Handler
                0x000065e8       0x5c ./.build/SARA_NBIOT_EVK/GCC_ARM/mbed-os/hal/targets/hal/TARGET_ublox/TARGET_HI2110/serial_api.o
                0x000065e8                IRQ8_UART1_Handler
 .text.IRQ16_LPUART_Handler
                0x00006644       0x54 ./.build/SARA_NBIOT_EVK/GCC_ARM/mbed-os/hal/targets/hal/TARGET_ublox/TARGET_HI2110/serial_api.o
                0x00006644                IRQ16_LPUART_Handler
 .text.serial_init
                0x00006698       0xc4 ./.build/SARA_NBIOT_EVK/GCC_ARM/mbed-os/hal/targets/hal/TARGET_ublox/TARGET_HI2110/serial_api.o
                0x00006698                serial_init
 .text.serial_baud
                0x0000675c      0x1a4 ./.build/SARA_NBIOT_EVK/GCC_ARM/mbed-os/hal/targets/hal/TARGET_ublox/TARGET_HI2110/serial_api.o
                0x0000675c                serial_baud
 .text.serial_format
                0x00006900      0x204 ./.build/SARA_NBIOT_EVK/GCC_ARM/mbed-os/hal/targets/hal/TARGET_ublox/TARGET_HI2110/serial_api.o
                0x00006900                serial_format
 .text.serial_irq_handler
                0x00006b04       0x2c ./.build/SARA_NBIOT_EVK/GCC_ARM/mbed-os/hal/targets/hal/TARGET_ublox/TARGET_HI2110/serial_api.o
                0x00006b04                serial_irq_handler
 .text.serial_irq_set
                0x00006b30      0x160 ./.build/SARA_NBIOT_EVK/GCC_ARM/mbed-os/hal/targets/hal/TARGET_ublox/TARGET_HI2110/serial_api.o
                0x00006b30                serial_irq_set
 .text.serial_getc
                0x00006c90       0x70 ./.build/SARA_NBIOT_EVK/GCC_ARM/mbed-os/hal/targets/hal/TARGET_ublox/TARGET_HI2110/serial_api.o
                0x00006c90                serial_getc
 .text.serial_putc
                0x00006d00       0x28 ./.build/SARA_NBIOT_EVK/GCC_ARM/mbed-os/hal/targets/hal/TARGET_ublox/TARGET_HI2110/serial_api.o
                0x00006d00                serial_putc
 .text.serial_readable
                0x00006d28       0x74 ./.build/SARA_NBIOT_EVK/GCC_ARM/mbed-os/hal/targets/hal/TARGET_ublox/TARGET_HI2110/serial_api.o
                0x00006d28                serial_readable
 .text.serial_writable
                0x00006d9c       0x1c ./.build/SARA_NBIOT_EVK/GCC_ARM/mbed-os/hal/targets/hal/TARGET_ublox/TARGET_HI2110/serial_api.o
                0x00006d9c                serial_writable
 .text._ZN4rtos5MutexC2Ev
                0x00006db8       0x4c ./.build/SARA_NBIOT_EVK/GCC_ARM/mbed-os/rtos/rtos/Mutex.o
                0x00006db8                rtos::Mutex::Mutex()
                0x00006db8                rtos::Mutex::Mutex()
 .text._ZN4rtos5Mutex4lockEm
                0x00006e04       0x20 ./.build/SARA_NBIOT_EVK/GCC_ARM/mbed-os/rtos/rtos/Mutex.o
                0x00006e04                rtos::Mutex::lock(unsigned long)
 .text._ZN4rtos5Mutex6unlockEv
                0x00006e24       0x18 ./.build/SARA_NBIOT_EVK/GCC_ARM/mbed-os/rtos/rtos/Mutex.o
                0x00006e24                rtos::Mutex::unlock()
 .text._ZN4rtos5MutexD2Ev
                0x00006e3c       0x18 ./.build/SARA_NBIOT_EVK/GCC_ARM/mbed-os/rtos/rtos/Mutex.o
                0x00006e3c                rtos::Mutex::~Mutex()
                0x00006e3c                rtos::Mutex::~Mutex()
 .text.NVIC_EnableIRQ
                0x00006e54       0x2c ./.build/SARA_NBIOT_EVK/GCC_ARM/mbed-os/hal/targets/hal/TARGET_ublox/TARGET_HI2110/us_ticker.o
 .text.NVIC_DisableIRQ
                0x00006e80       0x2c ./.build/SARA_NBIOT_EVK/GCC_ARM/mbed-os/hal/targets/hal/TARGET_ublox/TARGET_HI2110/us_ticker.o
 .text.NVIC_ClearPendingIRQ
                0x00006eac       0x2c ./.build/SARA_NBIOT_EVK/GCC_ARM/mbed-os/hal/targets/hal/TARGET_ublox/TARGET_HI2110/us_ticker.o
 .text.divide_by_48
                0x00006ed8       0x54 ./.build/SARA_NBIOT_EVK/GCC_ARM/mbed-os/hal/targets/hal/TARGET_ublox/TARGET_HI2110/us_ticker.o
 .text.IRQ1_TMR0_Handler
                0x00006f2c       0x70 ./.build/SARA_NBIOT_EVK/GCC_ARM/mbed-os/hal/targets/hal/TARGET_ublox/TARGET_HI2110/us_ticker.o
                0x00006f2c                IRQ1_TMR0_Handler
 .text.us_ticker_init
                0x00006f9c       0x80 ./.build/SARA_NBIOT_EVK/GCC_ARM/mbed-os/hal/targets/hal/TARGET_ublox/TARGET_HI2110/us_ticker.o
                0x00006f9c                us_ticker_init
 .text.us_ticker_read
                0x0000701c       0x68 ./.build/SARA_NBIOT_EVK/GCC_ARM/mbed-os/hal/targets/hal/TARGET_ublox/TARGET_HI2110/us_ticker.o
                0x0000701c                us_ticker_read
 .text.us_ticker_set_interrupt
                0x00007084       0xbc ./.build/SARA_NBIOT_EVK/GCC_ARM/mbed-os/hal/targets/hal/TARGET_ublox/TARGET_HI2110/us_ticker.o
                0x00007084                us_ticker_set_interrupt
 .text.us_ticker_disable_interrupt
                0x00007140        0xc ./.build/SARA_NBIOT_EVK/GCC_ARM/mbed-os/hal/targets/hal/TARGET_ublox/TARGET_HI2110/us_ticker.o
                0x00007140                us_ticker_disable_interrupt
 .text.us_ticker_clear_interrupt
                0x0000714c        0xc ./.build/SARA_NBIOT_EVK/GCC_ARM/mbed-os/hal/targets/hal/TARGET_ublox/TARGET_HI2110/us_ticker.o
                0x0000714c                us_ticker_clear_interrupt
 .text.default_idle_hook
                0x00007158        0x4 ./.build/SARA_NBIOT_EVK/GCC_ARM/mbed-os/rtos/rtos/rtos_idle.o
 .text.rtos_idle_loop
                0x0000715c       0x10 ./.build/SARA_NBIOT_EVK/GCC_ARM/mbed-os/rtos/rtos/rtos_idle.o
                0x0000715c                rtos_idle_loop
 .text._ZN4rtos6Thread4waitEm
                0x0000716c       0x18 ./.build/SARA_NBIOT_EVK/GCC_ARM/mbed-os/rtos/rtos/Thread.o
                0x0000716c                rtos::Thread::wait(unsigned long)
 .text.rt_init_stack
                0x00007184       0xf4 ./.build/SARA_NBIOT_EVK/GCC_ARM/mbed-os/rtos/rtx/TARGET_CORTEX_M/HAL_CM.o
                0x00007184                rt_init_stack
 .text.rt_ret_regs
                0x00007278       0x10 ./.build/SARA_NBIOT_EVK/GCC_ARM/mbed-os/rtos/rtx/TARGET_CORTEX_M/HAL_CM.o
 .text.rt_ret_val
                0x00007288       0x20 ./.build/SARA_NBIOT_EVK/GCC_ARM/mbed-os/rtos/rtx/TARGET_CORTEX_M/HAL_CM.o
                0x00007288                rt_ret_val
 .text.rt_ret_val2
                0x000072a8       0x2c ./.build/SARA_NBIOT_EVK/GCC_ARM/mbed-os/rtos/rtx/TARGET_CORTEX_M/HAL_CM.o
                0x000072a8                rt_ret_val2
 .text.os_idle_demon
                0x000072d4        0xc ./.build/SARA_NBIOT_EVK/GCC_ARM/mbed-os/rtos/rtx/TARGET_CORTEX_M/RTX_Conf_CM.o
                0x000072d4                os_idle_demon
 .text.os_error
                0x000072e0       0x24 ./.build/SARA_NBIOT_EVK/GCC_ARM/mbed-os/rtos/rtx/TARGET_CORTEX_M/RTX_Conf_CM.o
                0x000072e0                os_error
 .text.set_stack_heap
                0x00007304       0x38 ./.build/SARA_NBIOT_EVK/GCC_ARM/mbed-os/rtos/rtx/TARGET_CORTEX_M/RTX_Conf_CM.o
                0x00007304                set_stack_heap
 .text.pre_main
                0x0000733c       0x58 ./.build/SARA_NBIOT_EVK/GCC_ARM/mbed-os/rtos/rtx/TARGET_CORTEX_M/RTX_Conf_CM.o
                0x0000733c                pre_main
 .text.software_init_hook_rtos
                0x00007394       0x1c ./.build/SARA_NBIOT_EVK/GCC_ARM/mbed-os/rtos/rtx/TARGET_CORTEX_M/RTX_Conf_CM.o
                0x00007394                software_init_hook_rtos
 .text.rt_evt_psh
                0x000073b0       0xc8 ./.build/SARA_NBIOT_EVK/GCC_ARM/mbed-os/rtos/rtx/TARGET_CORTEX_M/rt_Event.o
                0x000073b0                rt_evt_psh
 .text.rt_mbx_init
                0x00007478       0x50 ./.build/SARA_NBIOT_EVK/GCC_ARM/mbed-os/rtos/rtx/TARGET_CORTEX_M/rt_Mailbox.o
                0x00007478                rt_mbx_init
 .text.rt_mbx_check
                0x000074c8       0x1c ./.build/SARA_NBIOT_EVK/GCC_ARM/mbed-os/rtos/rtx/TARGET_CORTEX_M/rt_Mailbox.o
                0x000074c8                rt_mbx_check
 .text.isr_mbx_send
                0x000074e4       0x24 ./.build/SARA_NBIOT_EVK/GCC_ARM/mbed-os/rtos/rtx/TARGET_CORTEX_M/rt_Mailbox.o
                0x000074e4                isr_mbx_send
 .text.rt_mbx_psh
                0x00007508      0x180 ./.build/SARA_NBIOT_EVK/GCC_ARM/mbed-os/rtos/rtx/TARGET_CORTEX_M/rt_Mailbox.o
                0x00007508                rt_mbx_psh
 .text.rt_inc_qi
                0x00007688       0x54 ./.build/SARA_NBIOT_EVK/GCC_ARM/mbed-os/rtos/rtx/TARGET_CORTEX_M/rt_List.o
 .text.rt_put_prio
                0x000076dc       0x84 ./.build/SARA_NBIOT_EVK/GCC_ARM/mbed-os/rtos/rtx/TARGET_CORTEX_M/rt_List.o
                0x000076dc                rt_put_prio
 .text.rt_get_first
                0x00007760       0x58 ./.build/SARA_NBIOT_EVK/GCC_ARM/mbed-os/rtos/rtx/TARGET_CORTEX_M/rt_List.o
                0x00007760                rt_get_first
 .text.rt_put_rdy_first
                0x000077b8       0x24 ./.build/SARA_NBIOT_EVK/GCC_ARM/mbed-os/rtos/rtx/TARGET_CORTEX_M/rt_List.o
                0x000077b8                rt_put_rdy_first
 .text.rt_resort_prio
                0x000077dc       0x50 ./.build/SARA_NBIOT_EVK/GCC_ARM/mbed-os/rtos/rtx/TARGET_CORTEX_M/rt_List.o
                0x000077dc                rt_resort_prio
 .text.rt_put_dly
                0x0000782c       0xc8 ./.build/SARA_NBIOT_EVK/GCC_ARM/mbed-os/rtos/rtx/TARGET_CORTEX_M/rt_List.o
                0x0000782c                rt_put_dly
 .text.rt_dec_dly
                0x000078f4       0xcc ./.build/SARA_NBIOT_EVK/GCC_ARM/mbed-os/rtos/rtx/TARGET_CORTEX_M/rt_List.o
                0x000078f4                rt_dec_dly
 .text.rt_rmv_list
                0x000079c0       0x5c ./.build/SARA_NBIOT_EVK/GCC_ARM/mbed-os/rtos/rtx/TARGET_CORTEX_M/rt_List.o
                0x000079c0                rt_rmv_list
 .text.rt_rmv_dly
                0x00007a1c       0x54 ./.build/SARA_NBIOT_EVK/GCC_ARM/mbed-os/rtos/rtx/TARGET_CORTEX_M/rt_List.o
                0x00007a1c                rt_rmv_dly
 .text.rt_psq_enq
                0x00007a70       0x5c ./.build/SARA_NBIOT_EVK/GCC_ARM/mbed-os/rtos/rtx/TARGET_CORTEX_M/rt_List.o
                0x00007a70                rt_psq_enq
 .text.rt_ms2tick
                0x00007acc       0x6c ./.build/SARA_NBIOT_EVK/GCC_ARM/mbed-os/rtos/rtx/TARGET_CORTEX_M/rt_CMSIS.o
 .text.rt_tid2ptcb
                0x00007b38       0x34 ./.build/SARA_NBIOT_EVK/GCC_ARM/mbed-os/rtos/rtx/TARGET_CORTEX_M/rt_CMSIS.o
                0x00007b38                rt_tid2ptcb
 .text.rt_id2obj
                0x00007b6c       0x18 ./.build/SARA_NBIOT_EVK/GCC_ARM/mbed-os/rtos/rtx/TARGET_CORTEX_M/rt_CMSIS.o
 .text.svcKernelInitialize
                0x00007b84       0x74 ./.build/SARA_NBIOT_EVK/GCC_ARM/mbed-os/rtos/rtx/TARGET_CORTEX_M/rt_CMSIS.o
                0x00007b84                svcKernelInitialize
 .text.svcKernelStart
                0x00007bf8       0x6c ./.build/SARA_NBIOT_EVK/GCC_ARM/mbed-os/rtos/rtx/TARGET_CORTEX_M/rt_CMSIS.o
                0x00007bf8                svcKernelStart
 .text.svcKernelRunning
                0x00007c64        0xc ./.build/SARA_NBIOT_EVK/GCC_ARM/mbed-os/rtos/rtx/TARGET_CORTEX_M/rt_CMSIS.o
                0x00007c64                svcKernelRunning
 .text.osKernelInitialize
                0x00007c70       0x40 ./.build/SARA_NBIOT_EVK/GCC_ARM/mbed-os/rtos/rtx/TARGET_CORTEX_M/rt_CMSIS.o
                0x00007c70                osKernelInitialize
 .text.osKernelStart
                0x00007cb0       0xe0 ./.build/SARA_NBIOT_EVK/GCC_ARM/mbed-os/rtos/rtx/TARGET_CORTEX_M/rt_CMSIS.o
                0x00007cb0                osKernelStart
 .text.osKernelRunning
                0x00007d90       0x3c ./.build/SARA_NBIOT_EVK/GCC_ARM/mbed-os/rtos/rtx/TARGET_CORTEX_M/rt_CMSIS.o
                0x00007d90                osKernelRunning
 .text.sysThreadError
                0x00007dcc        0xc ./.build/SARA_NBIOT_EVK/GCC_ARM/mbed-os/rtos/rtx/TARGET_CORTEX_M/rt_CMSIS.o
 .text.svcThreadCreate
                0x00007dd8       0xdc ./.build/SARA_NBIOT_EVK/GCC_ARM/mbed-os/rtos/rtx/TARGET_CORTEX_M/rt_CMSIS.o
                0x00007dd8                svcThreadCreate
 .text.svcThreadGetId
                0x00007eb4       0x2c ./.build/SARA_NBIOT_EVK/GCC_ARM/mbed-os/rtos/rtx/TARGET_CORTEX_M/rt_CMSIS.o
                0x00007eb4                svcThreadGetId
 .text.svcThreadTerminate
                0x00007ee0       0x60 ./.build/SARA_NBIOT_EVK/GCC_ARM/mbed-os/rtos/rtx/TARGET_CORTEX_M/rt_CMSIS.o
                0x00007ee0                svcThreadTerminate
 .text.osThreadCreate
                0x00007f40       0x1c ./.build/SARA_NBIOT_EVK/GCC_ARM/mbed-os/rtos/rtx/TARGET_CORTEX_M/rt_CMSIS.o
                0x00007f40                osThreadCreate
 .text.osThreadContextCreate
                0x00007f5c       0x6c ./.build/SARA_NBIOT_EVK/GCC_ARM/mbed-os/rtos/rtx/TARGET_CORTEX_M/rt_CMSIS.o
                0x00007f5c                osThreadContextCreate
 .text.osThreadExit
                0x00007fc8       0x20 ./.build/SARA_NBIOT_EVK/GCC_ARM/mbed-os/rtos/rtx/TARGET_CORTEX_M/rt_CMSIS.o
                0x00007fc8                osThreadExit
 .text.svcDelay
                0x00007fe8       0x28 ./.build/SARA_NBIOT_EVK/GCC_ARM/mbed-os/rtos/rtx/TARGET_CORTEX_M/rt_CMSIS.o
                0x00007fe8                svcDelay
 .text.osDelay  0x00008010       0x30 ./.build/SARA_NBIOT_EVK/GCC_ARM/mbed-os/rtos/rtx/TARGET_CORTEX_M/rt_CMSIS.o
                0x00008010                osDelay
 .text.rt_timer_insert
                0x00008040       0x78 ./.build/SARA_NBIOT_EVK/GCC_ARM/mbed-os/rtos/rtx/TARGET_CORTEX_M/rt_CMSIS.o
 .text.sysTimerTick
                0x000080b8       0x88 ./.build/SARA_NBIOT_EVK/GCC_ARM/mbed-os/rtos/rtx/TARGET_CORTEX_M/rt_CMSIS.o
                0x000080b8                sysTimerTick
 .text.svcMutexCreate
                0x00008140       0x50 ./.build/SARA_NBIOT_EVK/GCC_ARM/mbed-os/rtos/rtx/TARGET_CORTEX_M/rt_CMSIS.o
                0x00008140                svcMutexCreate
 .text.svcMutexWait
                0x00008190       0x60 ./.build/SARA_NBIOT_EVK/GCC_ARM/mbed-os/rtos/rtx/TARGET_CORTEX_M/rt_CMSIS.o
                0x00008190                svcMutexWait
 .text.svcMutexRelease
                0x000081f0       0x48 ./.build/SARA_NBIOT_EVK/GCC_ARM/mbed-os/rtos/rtx/TARGET_CORTEX_M/rt_CMSIS.o
                0x000081f0                svcMutexRelease
 .text.svcMutexDelete
                0x00008238       0x38 ./.build/SARA_NBIOT_EVK/GCC_ARM/mbed-os/rtos/rtx/TARGET_CORTEX_M/rt_CMSIS.o
                0x00008238                svcMutexDelete
 .text.osMutexCreate
                0x00008270       0x58 ./.build/SARA_NBIOT_EVK/GCC_ARM/mbed-os/rtos/rtx/TARGET_CORTEX_M/rt_CMSIS.o
                0x00008270                osMutexCreate
 .text.osMutexWait
                0x000082c8       0x38 ./.build/SARA_NBIOT_EVK/GCC_ARM/mbed-os/rtos/rtx/TARGET_CORTEX_M/rt_CMSIS.o
                0x000082c8                osMutexWait
 .text.osMutexRelease
                0x00008300       0x30 ./.build/SARA_NBIOT_EVK/GCC_ARM/mbed-os/rtos/rtx/TARGET_CORTEX_M/rt_CMSIS.o
                0x00008300                osMutexRelease
 .text.osMutexDelete
                0x00008330       0x30 ./.build/SARA_NBIOT_EVK/GCC_ARM/mbed-os/rtos/rtx/TARGET_CORTEX_M/rt_CMSIS.o
                0x00008330                osMutexDelete
 .text.svcMessageCreate
                0x00008360       0x60 ./.build/SARA_NBIOT_EVK/GCC_ARM/mbed-os/rtos/rtx/TARGET_CORTEX_M/rt_CMSIS.o
                0x00008360                svcMessageCreate
 .text.isrMessagePut
                0x000083c0       0x4c ./.build/SARA_NBIOT_EVK/GCC_ARM/mbed-os/rtos/rtx/TARGET_CORTEX_M/rt_CMSIS.o
                0x000083c0                isrMessagePut
 .text._init_box
                0x0000840c       0xa4 ./.build/SARA_NBIOT_EVK/GCC_ARM/mbed-os/rtos/rtx/TARGET_CORTEX_M/rt_MemBox.o
                0x0000840c                _init_box
 .text.rt_alloc_box
                0x000084b0       0x38 ./.build/SARA_NBIOT_EVK/GCC_ARM/mbed-os/rtos/rtx/TARGET_CORTEX_M/rt_MemBox.o
                0x000084b0                rt_alloc_box
 .text.rt_free_box
                0x000084e8       0x4c ./.build/SARA_NBIOT_EVK/GCC_ARM/mbed-os/rtos/rtx/TARGET_CORTEX_M/rt_MemBox.o
                0x000084e8                rt_free_box
 .text.rt_mut_init
                0x00008534       0x2c ./.build/SARA_NBIOT_EVK/GCC_ARM/mbed-os/rtos/rtx/TARGET_CORTEX_M/rt_Mutex.o
                0x00008534                rt_mut_init
 .text.rt_mut_delete
                0x00008560      0x144 ./.build/SARA_NBIOT_EVK/GCC_ARM/mbed-os/rtos/rtx/TARGET_CORTEX_M/rt_Mutex.o
                0x00008560                rt_mut_delete
 .text.rt_mut_release
                0x000086a4      0x190 ./.build/SARA_NBIOT_EVK/GCC_ARM/mbed-os/rtos/rtx/TARGET_CORTEX_M/rt_Mutex.o
                0x000086a4                rt_mut_release
 .text.rt_mut_wait
                0x00008834       0xd0 ./.build/SARA_NBIOT_EVK/GCC_ARM/mbed-os/rtos/rtx/TARGET_CORTEX_M/rt_Mutex.o
                0x00008834                rt_mut_wait
 .text.rt_sem_psh
                0x00008904       0x58 ./.build/SARA_NBIOT_EVK/GCC_ARM/mbed-os/rtos/rtx/TARGET_CORTEX_M/rt_Semaphore.o
                0x00008904                rt_sem_psh
 .text.rt_init_robin
                0x0000895c       0x1c ./.build/SARA_NBIOT_EVK/GCC_ARM/mbed-os/rtos/rtx/TARGET_CORTEX_M/rt_Robin.o
                0x0000895c                rt_init_robin
 .text.rt_chk_robin
                0x00008978       0x70 ./.build/SARA_NBIOT_EVK/GCC_ARM/mbed-os/rtos/rtx/TARGET_CORTEX_M/rt_Robin.o
                0x00008978                rt_chk_robin
 .text.rt_systick_init
                0x000089e8       0x3c ./.build/SARA_NBIOT_EVK/GCC_ARM/mbed-os/rtos/rtx/TARGET_CORTEX_M/rt_System.o
 .text.rt_psh_req
                0x00008a24       0x2c ./.build/SARA_NBIOT_EVK/GCC_ARM/mbed-os/rtos/rtx/TARGET_CORTEX_M/rt_System.o
                0x00008a24                rt_psh_req
 .text.rt_pop_req
                0x00008a50       0xdc ./.build/SARA_NBIOT_EVK/GCC_ARM/mbed-os/rtos/rtx/TARGET_CORTEX_M/rt_System.o
                0x00008a50                rt_pop_req
 .text.os_tick_init
                0x00008b2c       0x10 ./.build/SARA_NBIOT_EVK/GCC_ARM/mbed-os/rtos/rtx/TARGET_CORTEX_M/rt_System.o
                0x00008b2c                os_tick_init
 .text.os_tick_irqack
                0x00008b3c        0x4 ./.build/SARA_NBIOT_EVK/GCC_ARM/mbed-os/rtos/rtx/TARGET_CORTEX_M/rt_System.o
                0x00008b3c                os_tick_irqack
 .text.rt_systick
                0x00008b40       0x54 ./.build/SARA_NBIOT_EVK/GCC_ARM/mbed-os/rtos/rtx/TARGET_CORTEX_M/rt_System.o
                0x00008b40                rt_systick
 .text.rt_stk_check
                0x00008b94       0x34 ./.build/SARA_NBIOT_EVK/GCC_ARM/mbed-os/rtos/rtx/TARGET_CORTEX_M/rt_System.o
                0x00008b94                rt_stk_check
 .text.rt_svc_init